#! DOCKER > wolfram -script ./export_tests_from_docs.m build_docs/ReferencePages/Symbols/ComplexInfinity.nb output/Tests/ComplexInfinity_Tests.m
# GENERATING TESTS FROM: build_docs/ReferencePages/Symbols/ComplexInfinity.nb
# WRITING OUTPUT TO:     output/Tests/ComplexInfinity_Tests.m
#! TextForm[ColonForm[MessageName[Power, infy], StringForm[Infinite expression `1` encountered., Short[HoldForm[0^(-1)], 3]]]]
ok  1/0    ==>     ComplexInfinity
#! TextForm[ColonForm[MessageName[$IterationLimit, itlim], StringForm[Iteration limit of `1` exceeded., Short[HoldForm[4096], 3]]]]
not ok  1/%    ==>     0
ok  Sin[ComplexInfinity]    ==>     Indeterminate
ok  ArcSec[ComplexInfinity]    ==>     \[Pi]/2
ok  Sin[Abs[ComplexInfinity]]    ==>     Interval[{-1,1}]
ok  ComplexInfinity+2    ==>     ComplexInfinity
ok  3 ComplexInfinity    ==>     ComplexInfinity
ok  ComplexInfinity + 3 I    ==>     ComplexInfinity
ok  ComplexInfinity  x    ==>     ComplexInfinity
ok  ComplexInfinity+ x    ==>     ComplexInfinity
#! TextForm[ColonForm[MessageName[Infinity, indet], StringForm[Indeterminate expression `1` encountered., Short[HoldForm[0*ComplexInfinity], 3]]]]
ok  ComplexInfinity/ComplexInfinity    ==>     Indeterminate
ok  ComplexInfinity ComplexInfinity    ==>     ComplexInfinity
#! TextForm[ColonForm[MessageName[SeriesData, sdatv], StringForm[First argument `1` is not a valid variable., Short[HoldForm[x^(-1)], 3]]]]
not ok  Series[1/(x^2+1),{x,ComplexInfinity,2}]    ==>     (1/x)^2+O[1/x]^3
#! TextForm[ColonForm[MessageName[SeriesData, sdatv], StringForm[First argument `1` is not a valid variable., Short[HoldForm[x^(-1)], 3]]]]
not ok  Series[ArcSin[x],{x,ComplexInfinity,1}]    ==>     (-1)^Floor[-(Arg[x]/\[Pi])] (\[Pi] Floor[-(Arg[x]/\[Pi])]+2 \[Pi] Floor[(\[Pi]+Arg[x])/(2 \[Pi])]+(1/2 (\[Pi]-I Log[4]+2 I Log[1/x])+O[1/x]^2))
not ok  {w[2], w[Pi], w[Pi+2I]}//Quiet    ==>     {ComplexInfinity,ComplexInfinity,ComplexInfinity}
#! TextForm[ColonForm[MessageName[Syntax, sntxi], StringForm[Incomplete expression; more input is needed `4`., Short[HoldForm[], 3], Short[HoldForm[], 3], Short[HoldForm[], 3], Short[HoldForm[], 3]]]]
#! TextForm[ColonForm[MessageName[ToExpression, sntx], StringForm[Invalid syntax in or before "`1`"`4`., Short[HoldForm[PlotRange->{{0, 240}, {0, 202}}]\)\)
#!                                     ^], 3], Short[HoldForm[], 3], Short[HoldForm[], 3], Short[HoldForm[
#! ], 3]]]]
#! TextForm[ColonForm[MessageName[Syntax, sntxi], StringForm[Incomplete expression; more input is needed `4`., Short[HoldForm[], 3], Short[HoldForm[], 3], Short[HoldForm[], 3], Short[HoldForm[], 3]]]]
#! TextForm[ColonForm[MessageName[ToExpression, sntx], StringForm[Invalid syntax in or before "`1`"`4`., Short[HoldForm[PlotRange->{{0, 240}, {0, 202}}]\)\)
#!                                     ^], 3], Short[HoldForm[], 3], Short[HoldForm[], 3], Short[HoldForm[
#! ], 3]]]]
not ok  Plot3D[Re[w[x+I y]],{x,-2,2},{y,-2,2}]//Quiet    ==>     \!\(\*
#! GraphicsBox[
#! TagBox[RasterBox[CompressedData["
#! 1:eJzsnQd4XNWZ9zW9N400kqZoijRqo2p1ybJkSZYsS7ZlyU1ukpvce6/INu7G
#! BRuDMGC6FwwBRCeAgQBJQOkJKZuN02aTTdhvs0l2kyWB+f7nvnfu3BkJxza2
#! Q3Z9nuN5rmfuHc3M/d33/t9yzvHOW9XRK42Li1unxkPH3E2j166du6VTjv/U
#! b1m/cJ4MG+/h3+/wj22HbrbLaEeOHOnt7cXjFq6dPXv2hz/84d/7Q91sN9sV
#! tw8//BAYDwwM4BEM4794pP8CbHrpJts32z9EA6gwy4Qr8Sx+FWy/++67sNXE
#! Njbw35ts32yfzwbDC0oFPofyLG4C2+D/Jts32+etkdUVP3NpnsVtWLavz8e8
#! 2W62v9FIMAPCmOevDktim9zJm47kzXaDGwnmYbn9jGY2xpFEu+lI3mzXtQFX
#! sWCOaddQNsQ4kjeDJDfbNW9DBXNMG+DaNf+7N4MkN9u1bZ8mmGPadeI55pPc
#! dCRvts/SgNCnCeaYdgN4FrehjuRNtm+2S7dLC+aYdoN5FtqHXBM7kjeDJDfb
#! 0Ebpksvfn5TAdfs4l9VuZttvtqGNBPOlvb+h7fPAs7jddCRvthCHAcV+r/TA
#! zxvP4iawLQiSm2z/X2g4xZcvmIcee6Um/e/SbgZJ/o80Esw43Vd3+D8Kz+J2
#! M9v+v7VdhWCOaf+IPAvtZrb9f00TCvI/4/v8Q/Msbjez7f+4TVyQ/xkbOZKf
#! /X3+ju3ixYt9fX14FJ65GST5B2oxBfmfsf0v4Lmuri6Fax6Pp6enB/ReuHBB
#! ePWmI/l5bp9dMMe0f3SeAXNcXJxOKdEq0ONAdVtbG565yfbnvF0rwTz0bf9x
#! eR58942+Fu2x8Zrp+YrmDDbYnxqQ7u/vB7RitsUHirPtN4MkN75dQ8E8tOGk
#! 13Etxpp9nttZrv3z19742gbLpIBiGsdzhUtW65Fp5HHFxcX4UpWVlXGiRt8R
#! YENsxxjtm9n2G9muqL7oShvOrMcqvbDOdLZH31OpEt+pr8efuyYNQBKZeKxK
#! 0+Izu83SBK2kIFkKnpVKJVQHnsQOcBKx0c81GAQciMe8vDz6mmgxX/OmI3m9
#! 298syP+Mbw6YQ3cniPvF/RawXZehgJXDGY+xZn/3BkrJ/AJaWGDSz9SsWolF
#! I6HtEqecoCX5AZMLkrGNo4jtZIOU9sS3w5sM/UM3s+3Xtl1mQf5VN7wzoI2B
#! Wei94wMne1yw2zDa2G1Y9+rGN3wA4hNAgmqYYmLSZpC643k+K9JNW0ar7pqi
#! CySzmbJoT6dZip1xbeJb4Mlih+zcHMPOZi2ZaCL/El/tpiP5GdslRrBek4Yz
#! kpGRMbDeM7jLGTqTwHo0zAPrPFFGe5+FBInBYMD9+u8lSMjeoiXoJGBy+kgf
#! Pg/+O7VI+fCiZCXXEnXMRMP8YiPRqMIh2Kc2TWHmTLdaHpebLLuzQ0vvQzeg
#! nCSZGGlxKHtouzkk4UrbdRXMIe6WXZepAMx9MzLZvbuuABsEdvBoMoN5vWdY
#! oz3Y58TOxDaM9o0U26SE0ZYvX04bjenytsossJpskAzM1981y0LPFztlSXrJ
#! 2Ex5Wry0ND9zW6sNGgPQMl1tkBTbeTNOGhuf/8i+PqNaIuBNAiYmHiL+GML2
#! zWz75bTrKphDYZhD9ySwzgGM3r8oDRiDVXRsDGu0CWa23c93gM3Y7mZsW63W
#! 68o2QHLZZGSNqY3heAalGQnSM1O1gt2elKtIs0oXlSvxiKv1zZVmQpfhalXl
#! 2KS0Gx6Bff/KxuW9PXiTPG/isho1yW9giUd8kZivw3xnrg2lndi+mW0Xt+st
#! mEMxMEf34DFmmQH2UKMdBbPQ+yO9ty1wstt1Ya2xr01zPey22OmDNS5yMHlQ
#! 4pDVleUBxaxEaV6KDF4eEIIdxofHqzVeeXqYZ/y31J9Ij8Qz2WfszDaMTFp3
#! 1qST3qaX0HypdqI6xF1NgJm0N7VLaJKbQZJQeATrdR3KBzeqrSQ+dG8C68PB
#! PLjbGXlGZLTxCDAY2zEKJAxzf28a277LSv3iXsuFNca+Vk2exyS221fhS17k
#! GiHUU6q6b7r+xHjN6HS5TS8VeMZLeATPg+GG7Qq33G1V1ZbnP9ptgGauDjiw
#! W3mayWdhFhjSGj8G9mQkj8pmqlvPOK/2yAWk4zUSvVJCn5li1+SK4rGuxHeZ
#! V+uwjuRVF/f+o7TPUpB/mQ2nAzATn30zMwc2eHiw700IHo+FOdLPJEBLk60m
#! NYINuIrB25J5z7Et0NeVyRvqu6hzVN9pHdzpaKsteGJZysU9lrNz9D0VUcHt
#! y2QbJpQQsmolc8vYO+SnyDzxUvh0aeGAhtAAIQwCYMYhvhSjN0E9dmRBhUcO
#! FZHnSaB91PLIzvR58pKlnBRhj6UumRAzSYuX6EQ8Mw/aY8d1TQfGayU7V829
#! olPwfyRI8hkL8i+nsexDtSp0XwJ68EQyYBYMb//iNB7mMN5i643nmczgwCax
#! LfYiqYuFh4B08HASM+k7HQA7dDrc77Be3G05O1ufkZGR5zaR8/Vphg5mGRd4
#! +Yg8MoxgMtPG9EBLbSlwxZvjTUhj4BHYE2YkFTrzlaMr8rMcRuxj0qnAMA7H
#! IdiZrg5mq12yxsp8irHjAvEkRPmJoBqHgGfSFdhl8IUH8egys90mFyiPj9d8
#! 7YUHQLtQ2id4lH/zUv3fmm2/uhGsV9rAQ99ELcEs7gAbMBdzjYx2DNUEc5Td
#! PhMBmyy24EXCSkNjE9JRMEfzjN43PbO3NRA6Zb24y3JhlbGvRVPn5yU3Tq5g
#! uik0J1hLIq2rq2vfvn2U5hPKM/A8/lxZqnxJpaolU4H/4ijoHPGx1HAICZLO
#! zk6jWgKeC9KZSCbJzWqZchS0Z6mHdzDpN8SH+d57b2gVzIB3FCnvmao/2qZ+
#! 4vQuUiDkJJa45PPLVQaV5NNiI8O2/zXZ9qsewXpFjd0o5xtCZxOj+n2sB0+k
#! 9E4IDO5xYgO9f3E6/iuoEXQe5qF6+0wCYAbJJDmgPUAyJDS0B7ENPJgIIZij
#! ee5fkMZgBtinwv0k6xf7zO+uT8CBvTWGunSmCTSKuNE+WXw43ycACepmjGDC
#! Q4h1uC1Ss0Zya4tmUaXKaZJS6tCklqyqUd85WQd3ryNfeXuHbm1TYo1PTvDj
#! KGeikTIyZOTbuCb+W2YuiAfbSwmXP/7mpySwYcnbcpTT8hX5mSx2TTcIlrVx
#! yfun6EqcsiviWdyGDkn4RxHbN0Aw40Qwzcz4zBrY6IlBGgDj+cFbnUMhx84A
#! m4w2DPhQpEmuCLZa7BtSGAQwg232DrUFsMYDa9zBQ0ngeWC1e1iYQ7fHB/fZ
#! 8NLgVnvoRDz6hRWGBK1kXKaceHaJpHKRU/7kXCNT1FYrpUgq3XLaSNBJgCvM
#! L/E5LkvxRA9jfnO95s0Vpr3tti0Naq1CQnYbPFMhh1BimmyUNmQoRnoZ80aV
#! BJaWDC/93V9950085tikNoNUcEKhSfCIfZjKMUpPdejSE6SX9hMvnawRmpC1
#! +fyPHroBgplgPrvAELw9ZWAT47NtdAEesR26PxFPMsu814ntWNPNoc6k5kYP
#! TDeYFxttsI3OYI6WHwLSwJglFjkVDYYhOQCzwDZ729Xuwe2OaJgZz2KYiedE
#! naQ1zLPQIGj7xmrPzdETzykG9mqFWy6YazwKFtifIH2im+152wQteN44zrFp
#! NHiOA8Yee0KaMwEcVqdp7+vUrBql8VmlIxwyvGFTLsvLTK9MykiURaSOUfqt
#! r7wBeh1GiU0vpT+Bx9vGazeP9+ANk/QSXA5dRcpL8wzTTRn2C1wbuid2EOQ3
#! hbw+z4VhoetQkD+0EcwXNpsZruFOYPfNygLY6NjAM+IdiG2COWK3RUYbbJPY
#! ZnFpQVSLeGbeJR+4C/ew3hjcwWIdgLlvGhPP2Game1rmwEo3MMYzAytTBZhD
#! x+MvLDeAkNYsuUYRF8PzvdP1j84O82xkPDf4+ZgFyeaOXAVFkstT5ec58k9M
#! 0r261Lhrgm1DHc9zitWQ7zYByAkBxTNztC8tNoJndaSAOm5aRRJdLLVp8lkj
#! mDU+caAv1SI1cSKEHFK9SgJ6A55EbFekyrThj0pO7rB2mG4H8QaV8IdiTlyc
#! KDVJqHxueb5OBfkxjYd5izn0QOLQHjzJLHP/0nTwzGzm6AJs84aaYx7PCP+N
#! kSIw1zDUweMpFBLhwyOL0ijngm1mt2MCHRzPMNTsGoFZDiuN4P6kwW0OwAyk
#! 6RrpHRfom5o5sCJ1cIs9dCz+wjIDcJqYw/PstEjFPEMME7pEYAOnt8EJxbq7
#! i5VjMxUcz7LTk7R4h9OduvPzrUc6LGtr2Wp/zLRaDYE0Ow6ZXKh/ao721SVG
#! ygxmZGTQdTGnMh64YntOiaq3nOEHqUxpcQqh2A2S9fUa4TrCYybYtqvpNkGD
#! v+h0CEDivLBEZF5elU+TZpXuadGsavOLzx0JdeKZPMTPbUzvuhbkCw2/Hs7p
#! kdlJEYYfjPTgqZTeiYHBfU7+vydTgC54Fiw2L0LoQJHRRofFZu7hHidj+17W
#! g8dZ3I8cQ2ISxpkPcYh45mHe4aDgRkRpcDKDmetxgeBeGzAGzH1T2H/bRhUA
#! hqxEaUsGz3O5N2I675muPzqR8Qxy7Jx9LnXy1UR87qZE2ZLFDitzye6YpIXZ
#! vHuq7lRX0qF28+oanme3VU37rxhleHKW9pXFRro0wDO984JKPfG8vFq9oIzh
#! emx/HwQM7VaYInWZJJSCIfmNR/yhLIeRsooClhAPZLGJVSHkEq+VNPoVU0al
#! kwIhk075R4rd0aAhcgmvKzNX0a7tCNZPa3S3WtfuALSMz9lZArpDYY7peJUJ
#! bDpwVtbAZo8YadjtiAi5L9xBNbmH6z1UwkRsM7vdFuhfmDZ4izN0J1PUDObT
#! Q2G29s/zgV4SGKwf4/rR+OAe277xpkCSrNnP8+wwR+zzS4uMW8dowzyz5+s5
#! +wwU8Uxaqn1uiZLSfGMz5LeMUUOH3zddf3J60oGJZqCOhu+CO35xjhc872xU
#! n5+lfb7XIPBMSgY8019cWq2aks/KZVcu6snkeIbXWZQipeuCHE9mdTO9guDJ
#! S5FNzFX8+BtvhsImV9yEsIwgwmmbyrPRKChNtFxvP+sq2o1xUQlmJjPCfPYv
#! Syc+sTG438lg3u8KPWQbtvdOzB3Y4qEDATMdSMoEFnsY5zFspfmEi0hFB48k
#! wyWMDXEIbmDYBxzcyhT1UJgZz7ttlQFnfrKsKSyMxTy/uMi4pUEDKgBPejip
#! J/Cc7ffMKxXx3Ki26SUPztTv7nDePknXHlAQz3qlpKooE/vvGWd8fKb28Xk8
#! Y+CWmFxaxUtcuJDNGXKyn7lJ7M9l2WQpel544LE2yzy71l2T67SZ+EMo3ijU
#! WovDgO257K+vr1NPzpWnxXNvYpDWp8ndFqlQ47d8+XJBlALs603O5bcbI5hD
#! 4Zvaha3m0EOJos5ADZ62g2deKgPsA67Qw7aYDpjxUhThD9oIbBj5oTJbQBow
#! M7tNvqGAdFhssFT49EzoDeYGTo9yA/vnsTwOZEYEZo7k0G3xnxyx9LbkLB9t
#! HeGQjXTzEYay1IjeeGGRcXOYZ4cximdmJ9Pto7zyVI7/eC6YBqX6eLdhfaMp
#! PUEGe44D8ad1HM941Z2g/qdZupOTIuXQBCr5gGhwIavccgZzhodqP2p8/IeZ
#! U6zEGy6oT+1p8BflZrYXKpM5zktdctIb9FbYZ0KAf7eR6Vr89V3NmgPNqlK7
#! NCNRBmk0KSCflq+YW6oimy9YP4pvXG94LrPdGMEcoiLGBBmDeQioAq4DW73B
#! O+39y3mpLAYbrwLaqEOi7TbpFvBMQT+mRjZ5oD34SAiLTkN4JPJIhwN30Bvg
#! WcgJkmVmbuBWB8EMpcGulFEF0My3TMkcWJb6/kY7wfzM0tT7purKnLKGNJ7n
#! 9rxIpu+b683zylWU/iOeR6fxgBlUbMqCEY5InA12NdkguWeaPpAsI5EPnqtL
#! 8/ES/DJSs7e2me6cqRfznOW1TwgwoQMncV2tusIlw/PY9pgZrqM4nvPtsuPt
#! ugNtOnySza2O9trsC+uhkXgdQgFDXDV4vHuylnQR+6g55o7anL4mzcFmVTpn
#! n3FRjMuQzyhUdOYrKQEqnFmKP19vfi6nXe+CfKEBZvyePS1+EMvT+EhUJ5jF
#! z4jBph5ziAA2SMbhgsVmRvskZ7Rn8YE7FtDe6CHhwZAOm2i+uPTOBNZPR3iG
#! zAjuTYKJhvf3yTGmk9FB8i2TM4Ex2Ka33Tk5o6M0qTJVNjrMM1lgkrjgeW4Z
#! z7OGe6bEKWvMUEAhtGbJE7SSheXK/BRZXFjfkkZl7mp/Px5xIPFcX5FPIhwg
#! HWjTJnNVo8RzQVpiHXeN+KzSNaPURGlWsprsc08luwrwF4+M136wxbJmQsa6
#! sXY4Do8u0Hu4OAwNByM1govrufl64fpqLkzqbvDvbtYcbFJatRLY55U16sY0
#! 2ewRyqYMRRfXxBR9HoJ117sgX2hkmd/dlQRiAR4znnOymOElLB+19bbnDmzz
#! YmPYjp1xCC8nlqcPHnSx58NU4xkGc4zFBtUPoCeCZGaouUwiX78xM4vZ6jMs
#! /c3sNpzBu4bhGWZ5YEUqYP7kKOsf3xb/8ZH4jw9bPj5kAcYLx+b8bGfiU4tT
#! Wwss47PlwliSCVxZBfH8jfXmHo5nbDtMbAfB+sVxKcKuwqiYNblaVOxBQ78b
#! yrIEU8zqRQtUq2rUyZwUIQhLsx3E8winfFWNys2plxSDhHim20G9X3G6U/ed
#! TeYpo9IbAuYtk71PLTYYVRJQKv7rTN44I/eL8WWu2fXpu5vUB8ewi8Kqk2xv
#! 0Iz2yeCoLp41Ab+bOFcOkP4uS4EI7QYU5AuNYB5qeMEw8cnDfM42bMdL2AEb
#! wbvsA9u9YFsMNjqDOcZoh600aQ9BSEN48JnEcOCOhTvWegZ3OkOnE2JgZgGN
#! 4/E8z2GY/3LI8tSS1AVjc/58wPKn/ejmbQ1q+G6BcO39hOwIot/aEOGZ4LHp
#! pUIpPtgDiuJKJNi91hzltCLltibt1lY7eXw0Npx2yEuRj+TigVauYaOh0FnM
#! iZYih2zlSFUqJzMAM/FMXuHUQuUDM/S4uPJ8ifFaiccqHeHkbyK4dqgmBH9F
#! PKAGrWNk+voWx+Q8xZSAjHje16JpTpcvaM4htxFepHCK/77B5+s9glXc2DwD
#! iSKYxYaXQzRieFekh/7JFu5J1AcPpzKYH0viO/dksN+OA/tX+OlYHDh4yBV5
#! 2zDSg/s51GGlo31DkhyUIhTiG5AWcANZHnCVe2Clm2CG9weeYZn/eiT+L4ct
#! Hx20fHldSmtNwX/vM//XPvMf95r/sNe8pV7dkasocfA8t2VxFUryOLtJCoTa
#! cpTCECoGWIrMppcKPNenywHthOIkgtxllq6t0zw93/juKtPJLideslkMlBMR
#! 2/AYnkmEj06XL69S0VWTY5NSxrCRC18sqVZDHsOA4+rorVDZLXyJFA0TQHv5
#! 5ZdJ7Yh5XtDoFginfPpt4zWteWamT6zsebEx/DsG626YYEbbt29fXbZiKMZC
#! Z5Z5uxd8MsPbndVWX4DHgR1eohcw45nQ40l8fyyqB+9mJes4EGCzK6IeV4R/
#! 8FAqIQ0xA9qDd9jDwsPGI83x3Dcji08R8kojIXgwaXC7AzBTcIPCdwvHBXZO
#! yXx6aSpsMkj+yXaWL357dcofbjX//lbzf+4x/26PedNodXeZSuB5w0ilwPPX
#! 15lgbwm8uHCpJ6CF1jWpJYk6CfE8sSQJkFNpdKZN9sx84xfmGeqyzZS5A+rH
#! Jmvv72HK1hMvJcUimNP2cpefK4duz1UurVRRDBzih3gew/GcncTfEcDzypFq
#! rUjj0BQfwmAZYeoP4VX8F94leIavuqFWNXfahGVNbj3nPIprp7Hb34XnK11S
#! 6rM06Ks8r4mkcpScCBthgjkGUcDcOymXgd3DdAXD+Hx0D+ON3QaPpBLnOBDw
#! g2fSMKRJ+MCIWE7fz8fu+ApSEc8kNoL7WYrwvS2OX+yx/Xy37Ssb7SB5R2cG
#! BAbMMl7CI/q85pwt7Rnox7q8ozO0G+vVxHOiSfrCbD6zDPC+ttY0LjvCM7Uf
#! bTHjxi1AlZGRUZ1hjgvnLHBb7xqhwlUQF87QQeh2FikPdOiwfWaaPsDBSYXT
#! cVzxBvE8MaBcXMHzbImujKIRta54ZpZJ2AuGl8bNDUY3XFZei1SgnfZszVYs
#! mljW3V4PVUPPiKs+bnyw7kYK5hCNYoNlfpQTvZwAJkUxeNjFYH6MgzlshyMW
#! mPr5pIGdXiBNvX+VP3ivPfREkrgDZuwTy/ljvBohpLk0Yi4fTiGk77dR7C54
#! LCV0JpEhLfB8ipfN72+2//Vo/EdH4v98OP5PBy3/fcDyX/stf9hrmd+c83iv
#! 6webEz7YlPDaiuRH5jkfnufcONGf7TTtbtGSfvYkywdm8DyXuOTfXG+qcMtJ
#! IVBKutQl/8Fm864mjVwaSbqN5HhO0kuS9DyHUwuUI3K8VFkKR3JZrfpgJ+P5
#! bsYz94c4aY0mFCPNLlYtLI9I8RqfoiFLR5fSxFxlkV1GPAuiIkEryfc7hJG5
#! lAencIcQaaHBCKQ3RmQ65s6ewQWf+b8inOsbP8/8jSnIFxpLUY1Sx6gLYAae
#! SRjwMIfpjXSOVdDLrOvR1NCTSYNH3X1zs9vqCxnAt/hCTyajYxtP0nboCa6L
#! TDcUC5PcAJu7lAT/sW921sBmb++EXFbaQVG7uxOZiQbPdyTADQTM/XPTPj4a
#! /5cj8f/DwQyS/7jPAmnBDPKkjA/7zL+5xfTrnaZ/3WEKbjf9YpvpF1uNXbVp
#! R2Zl8Twnye9sY9jATha75INrTeVuudg+g+fvbzKvqI4UreHVpmwd8Yz7OMh5
#! tVcPH7O2PJ8scLZNtqJOvbqBlXO80MuKkZKNUop4wMzOruCLkZZVq+aXRng+
#! 2q7bN8lGOfF55fxwSPAp2Ntjrep5I62sgk4riTewcV4nJmimF7GcIAkPGqtL
#! O+MPAez2MueMQsWY8KB44XTf4GDdDSjIFzc2ZqpTFwWz4OU9ZoMwYDyHFcXg
#! bakCxqAXPXgfB/Mxd+gLyUIPnnUM9Pl4sDtwbKH4VTHYg7e58eaCrWb9HAMb
#! 2mNgi1c0YiuL1UhTSRLH8+BWB3j+5Chz/T46HP9nzjID5v+81Xx8hrenKedX
#! O03BHYzhn281/XSL8Sebjf+yyTi1Jg2n8sdvPUx6oyxDeWoczyp4fn+Nqdob
#! y/N3N5pnFPHg+a2sPrncqxV2qPLIX1uk3zlGg89pCdvnvRO1a8Yws/9iLytG
#! SjZICVRgNj9cvLGkSjU5L6KMj7ZrN7c5hAr/uPCkB8IkCXubVfPG+GsyTFu5
#! gQNmNZvWZsUoDfHMD2MpLs7gxEz3tAlHFlQ2cMHnRm7EmThYdyPX7b0BBflC
#! g6DCDauzJiXK6QuTTNKCmVnOMgfvsUNI8IpitZ/BzHELXAePu0NPJQ/bQTV2
#! YEg3FPav8YeeDr9E2N/n4Ay7O3Q+OeJCckiHHkkC0hTuYDXSrNwuSyhJolrQ
#! W6ZkvrfR/vM+2/8civ/v/Zbf77X8xx7zaytSxo3M/+V208+2mi5uMf7LZuM/
#! bzT+cIPxB+sNI9O0NDviRz99m+fZrzzRzLPaFlB+dbUJ9lYcB4PX9u0NpmkF
#! DIm0BGlaPOO5whfF8+uL9WtHqRnPWgnEM/qBSdppJewyeWmRMaYYaX4Fz/PG
#! 0epkQ0Q2PzhTL+aZxEkcl5ekZ3CPmFKX011p2dWsxn1hbpH8xR7tpnqNOJaC
#! 5jSxiUFwWrc3aOq8sp5iZRY31Dcm+HwDYmU3ZgSr0AAzm5CqJ1nwyHipHIY5
#! eMbOwxwtLQZu8fbNzYLJhfnlYQal4v4M3wdPuIFx6JkU9OCDzr752fgvDhnY
#! 5SOw2eEw7GSrz3P98WSGNGeimWw+ZYeEDp21Mb3B9HNi8HDy4A5nW23BLVNZ
#! LnthS4Byf3D65jbnbGrPwHb3mJx14/1r2/xr2vyrW/2rWv0z6rMzHUZhqs8/
#! X3ybIr1lfsWhMTzPLdmKL60wgmexfYaU/cY6UydnSH1WqcPIxklRNFgjZ1Uc
#! sOcXFuthdcmKwjiD5wd69NPLVIl66fludmnAPgvFSELxxthMNjRgxggVzWCz
#! pVFDQ7roVaoh4Y6VjPaxj2RSS4oyHbl2NSXi5xXJn5+j2T5GExfdKnKcXV1d
#! FHxuSpdD0pD7GROsu953/xssmPkqo+1mIaoMqUy2l5w+gplXF9ECQ1AUQBp8
#! og/s9jGAB9BTWH+W9eBDXEHRSTf9N/Qc/+TA7jQCm9gWbDUvQs7zPMMyDx5I
#! JZcwdF+E54u3WjJSND2N/o+PWaE0/nQwHmb5/+2xfHdTwivLU1pG5q+f4L93
#! jvPMbOedMxx3dDlOTnfcPs0xvdQinrf2P7/2qMDzhirGKvQzeH5r+TA8Q1RT
#! VT/AsxsYzzRfLtQFjmrPVbyxxNBTFV8+gg0YJPv88Hx9dboiJ0l2f5eO3ofs
#! Mxu0ksMXbwSSZCN98rNd+iKHXFAXpISFiUHiuLROa6Y8Ly/PaWKGmtKR2Jhf
#! JH9lrmYep8BTTRIq2EADzLnpbH6b29o0zX7Z4goVBetuZPD5htUXUWPpv0SZ
#! ALMgM1hUeQcX2QiHKYaQzMH8FG9aYWaDDzgAc28nJyfWZQBXxi368yl4cvCU
#! GxtR/Tke7P61Gdihbx4DG4+w5KGnU0JPpRDS/StZHC/0cFIsz/2J3z5Ri9+q
#! Nl3x19uskBl/2Gf5992WX/eZgzvMh6Z554zJ+dEm43fXGb++yvDeCsOXl+rf
#! Wqzf2WSImYT5/w0+QjxPqdKsKZcL9vmNZUYawRcXjm8srVa9t9pUx5UJFdhl
#! FrXE77FTkRvxPClX8dZSw/yR8UW5mcJVcG6hITVeCvucYpQmG/n4Bh4zvfbx
#! 4fQ6Du/MV84sVlEpiBBPpgnS6TN05PNhwLKiPBLGdBfIT5EtLVfi+iI1YlJJ
#! JmUzI89PHhIOPk/KkS+vVlHl0g0L1t2YgnyhUfrv4nHrMA5gWGawcXw9Wby5
#! vsUbQzKkAoM5YpOTyfCCZwbngmxg3Ds5t39DRuhFe1R/gevPp2AHpkM4toMP
#! 8wcC7/41GVAvJKqD/Y7Qo0k80kxv2GCcz87RU+UPTtA/bzX/cX88LDNg/sV2
#! 83OLk8eOzP/eeuM3Vhu+utzw9lL9hV79K/N1B1pUYtee2o/eeJjnuVK9spTn
#! uadMBbkLnsX2eWmV6u0Vxhqu5hn2Fl5YboY3PYHBY+fUb2+F6kvLDJ2lSWSB
#! qd0+Xee2MphLOGUSKUbyJdb5IuWpi6vU+1s1aW47xY1hlmGNBaUxMl2xr42X
#! E2YdU+NE5tGJ2ns6NYk6CeW+wXAgUdKeJcMHwHY1l14f4ZBBaUzOVawYEnwW
#! xqdcj3aDx4yzX8xqZVKZCoRiYbYNHk5lIuEIkxkklSmywVy5p3h5DJj71/oF
#! knktwdnk4CPOgb38NDKM55fsoZej+0ustzUWDp72iCEPPuIauJXpEL5Ig+l2
#! H3MMgfRDSbyJ7k/srTXi1EMQ6pRxP9hs/s+9lt/ssvxyp/lftpiaq/Mfm5sE
#! mwySX1uof3GebqBbu3vMMDCj/eDCQ1SuP7lCPTmHIadVMJ6fXzgMz28uM+Zz
#! Y0ZKnTLY1co8bzyXpCaeF1eq3l5unFqehA8GiqaVJ+F2/+QSJpvH5ShLwvVC
#! 9J41ObYU0TCuUWmK+WWqkW7ZCDs/rBtfDY9VAYc32RgzZU1tmrzGyysTijxT
#! WAM/xZxCeWO2CXjjWsBNARcFq3zOYZXPHeEQivDdr1Ow7oYV5AuNMibBO+2s
#! ZC6cLhHzDH8Q6BLMvNLgLDOkMou8ccIAMIM6juRkMcmsv5ASejEFGPdOzgue
#! c/UtzAG3/RszQl+0h151hL7I994pef0bM0OvOFgXICewn7MzHdLBDDV3HRVy
#! BdX+wb2us/OMdF488dLTE9U6Rdz3Npr/fY9lXa360Zk6eHzLW/zvLjO8vkj/
#! 6Czz7gkpK5tSaVDJsBNkffDaQ/4wz53ZMsE+f2GuQeCZ9MatLZpXFhnImANX
#! FXjOj+J55xj1M3MN0yuTcdT2BvX8hvTKbNuIVDm7KjmhS/ENek8KC9PzxeGF
#! LQRix3BDZvB8bZGvIc+2bHQCXt23bx8ViBbaZUa1hKbRE2vsCpcUPM+bNh4v
#! wWgnGRjPs4uV4zLlXeHgs1hu4dhrzvMNFsw0LrunRi0uMYIPyFJyXAEGSI7A
#! /LgIZlIanMwI3u8A0uw0deYO7EmLkPwCTzKwHLzTA5hDr9hZ/6I9eN7VvymT
#! Ub05M/S6A33wjBc8h15zsP6qI8L5yw4gPXjKwzLmA5yQfiI5eLeDpVdmZwEG
#! YFbslldlKryJauL58FTn0oYUyhezvNvobJoyrr4if+LIrOYSH55ft27dsJMT
#! fufVh2jGxcnl6vZMnufuUhVNESO2z+D5hYUGquqs8crw5+rynVZdhOe+Js2z
#! 8/SdlS4cBe+sNseWkcqmZ/RYpMJoVuE9hWJpfDAhVY3ntzUyXbF6pApfpLI4
#! D65lU8A8oSQpkMKGdNFRlFvBIYSx0yRN0rNlAipd0lljS2kiPrrp+BNlK0ey
#! yudZwwWfr3mw7gYLZorLne01hB5OjCqZEyUBQTL7nVf6IzA/Ee0AcjID9jn4
#! oGNgD+8AQlpwGKeQrgDMQJdZYzLIBO3rjuCTqf1bMtvGFPYtzmHC+Avu0BvO
#! 0AWuv871V8lWO3AtDN7hgZVmIb4vpLDY3bnkvg7dKJ8cbhcBVuWRE8+rWzy9
#! o1NoTpieEuXeSfZjHQkPT9Pc26HZ08hEI1nmmIk3aQK3d557kHheNkY7IYMv
#! TNrZpH18zjA8PztfT1WdldwQrbFlPnqJsie7mjQPdenGV6Zxk/lz85lzSfAZ
#! RcpiuxQuZI1P7opXUzwZbl2RXUqT6QnVF0JBEewzW72iOAs8twXYsFzY2Ik5
#! 8gk5ioTwHLzEc3YSe1uPmQ2ZmVzh7O2ZkcpFP4Rg9bYGzWivrHu44PO1HdZ9
#! gwUzjTHhBkwlDsszlAZ4pnQ2+YB89UW0ceY1MzmAUBrPpUDuwunjFcUr9uDj
#! Lia87/YIGIcucP0NR+hNZ+gtZ/AZN5CmPnDEj2fY8+jE9mvOgYPpzHTDUEN4
#! DNg5E50Seiz56zstj8/RdxUqZxYpLVqJwDNk7dlpuhSzCr78c3N1j8/UPjBF
#! c+dE9bY6pc2oGiozxEtKLeisp/DXmhZtlZNtaBUS8PzwTH0Mz/dN1z02W087
#! k+gdW8rzTPYZ9nPTaPWEqrShMzSimTUSiipTwX+GK2G0X4P3F+AUrHQxN98d
#! XhqRwbIqVPVB8oMEM0XzBP6BLkQyCZgFdU6qO6Wxjdje16JuSpfP+5Tg8zUJ
#! 1t14wcxCGQmyLdO8/AwDotElAs8gmaud4PxBURKwb24Wq8fgeOYzICKYBbUM
#! nQwIQTVz8e72kqjgMQ6THPqSM/S2s3daXv/2rOCznoGjfmwzqo/6Q2+7Ql9y
#! sX3e4ILVd/uYoX7RwUz00/bfP9908cLBY1N0iXoJsNlar27KUFS6eZ5f6TXc
#! NVkLnvHSuRnaeydrTk1QH2hSwVL9zUlln79nj4Pzy9aN1Va7Ivb5eDs/+YaY
#! 50dm6skU13gYzw2FTrF9hgG8vV3bHua5ym9K5OxzkUM2n5tTWjDFOPU0GZ3Y
#! OAvt5Zdf5pnn4iQUyogbUlAnDLaK44qgcEh3Y/a8In7uBW+8lMCm4POiCuXQ
#! 4PM1CdbdYMEconUhsxRshoGHEoN3sBkGaEAfP+KP088gGRI6Et8I1xrBPvev
#! ZlRTqppP54l55gVzCmRG8DGGdN8izvvbkslh7GCIhkkOveMcfMDXOz0v9BWX
#! 0AeO+/EMqAbkoXdcjPatWcxQv+pkJvp5xy8ezjv/4N1Mf3JjkaAr8lNk4Lki
#! zPPAfP2s6uR4zgDe3aE50abeUq9PT1RfjrPz7Bme58NT9ZVOnue7p+qPtWtj
#! eH6513D/dB1NB1qYwoYBxvA8IUd+xyRtc2U2ZQDjRJPA0MbQ8s5Pa9gTMOMo
#! i14l3COg6gv8DmEY7PiAUhiQ3t1ahvfvypd3F/LPpCVI/ULwOcCCz/S8EKy7
#! JsO6b2RBfijs/fEwPxiZZCB4OmVgq4cGA0aNmRrCM4nnwWOphDTLlVCALto4
#! CzCTzIBOhkJmiG7LJIxD7zpDX3YNPuhrayoMvugJvZcael/U30sNvujtnZ6P
#! V5kb+A4MtYvJ6S86YaJf74unJSwBMx7BrdsiZTyn8jyfn8OmLmfPm6W3tao3
#! 1OnBoXhI0SXaY3fspumPDk/RV3CFHLCH/VP1hydohcIJaq8tMdwzVUcxipFu
#! NsF+bcAm1htT8hT7WjSjyvLxYeCr0hykl0kvxSiojoj8xJj6/HE5yteWGJeN
#! VOOi7hqhEl9HNF470yqZVSBHp5doWAoLPpdwwecwz8IX/+zBuhs2gpUawdzX
#! ro3MxyVMmvEw32Gi+TBvey4b9xTDM9Vp8FVzqaymaJePp3qdn+eZM87Bf+Jg
#! 7veEXrXzmvkNR/CpVF5OHPMzU/xVF3AdfCQtNJga+hrXv47uZv1rXB9093bl
#! 9y0PAOy+JYHBe33Q0lAdj2+y1GYoVteqqt0yIicjmemN8jDPEyrTYCrBMwTG
#! itp4wNzU1HSZv9K5UzzPRyfrhIGE/VN0m+o1QjqD2qtLDHd2alVcCKTIzkqV
#! YnheUqnaP47xjJ+LhqKIDTLxSRoY6AoamJ6BAF5Ro15XpzndoZtVqCAdIiSM
#! 4riSvy8uNk4pVJanyiZWpSUYI2WrgBlfPztRMrtQ3uDjQzRC8Ln9OgSfb3BB
#! fojz/thprcrm59R6MBppDubBA042L+IBFwtEi+r2OZ55pKGc+XrmL4RdwmeS
#! gw86+Lz2+gzimYUj7vJw0QyOZ5LNbzGNAZiBMXpvV15/XxaP8TfdfP+WW9ju
#! 35XdOyMfYMNW9+/IwrWQ5zcPHPT3zTKO9Ctq0+Rj0mWN3NwCxHNZmOe8vLzF
#! 1YZ4rQTOGu7Owy4r/Gnt0VO7EjidebRTl5PI8/zcAsPGITz/cLPp5CStkuOl
#! MIXxXJSeKOZ5cYUSwj6Pa/DRKOxMQBK0yQbpuqYEQcNQzI0WOkw2SmvTFK8s
#! Nr7B5V+o8hOHQ/SO9skLuSTOofHanGSZSS1pqMxvCfDVILg05o4vK3XJSx3S
#! GfnyMu4Wo1Ww0bsUfG7J4ILP/tjg81UP6yahciOH0OLah/f36FKrMCdz/9L0
#! 4KkUMdKkoiE8Qo8kCo4hTDQFovtXprNhUEeYzGAwPyEKcYTFc/BhJwtrNBTi
#! cWB/GsWZGc+v2xnPUM5f4pTGl13BFzwkJPpWBIKvehnD33aHvkPdQz14wcci
#! eK/5Qt9ghjr01dSL51My7BoSsXQTwe2V5zmJ49klI57HlvnGFdooteG1SH4b
#! /Onl/1aPnNxFgb4jk3RZ4cVNnl1gmFemiuH5B5tMRyfw1aFQ0WyGDW5wShw3
#! RRIedzSodzSqafZym55Wj5Wc6tDd2qIdFZ7pEe9JepgCeoKtpu2jE7XHJ2oF
#! w85dApKp+YqGNBlEflJ4KXDoc5oKkvLa9X5FbrKsziOFeKbaV188H9xYOVLF
#! gs9FSmEyJeGLX13w+QYL5hDl/iCYzyZE5jk8mULTe3KjPNj0cb0TA+gR4SFC
#! Wlxix+W7XbyQ5nlOYv5gWD8HH3USz3AAGdLMONtJbITecjDlDNkMj++EH0Ii
#! +Iq3f1dWW3Nh/57s0Hc9oe95Qh9wj1zvnZU/cFcme/7bHiiQs7dYYefzEpmR
#! gbURHHla189mUlm0ktIwz0CoKJul6oDfm8+du6Kf6+HbeZ7/qduQaeX188AC
#! Q0+pKmbw4Pc3mQ61Rmoy8erIMM/kUW4brVpToyLzu6IxBeJhe6P6yytNJ9q1
#! bVny5HhGcgo3lQfIfHimfmWlcmMNu15ac5SnJ7Fq/B1czSdF8Gi1TdjnOp+c
#! ldUl8ZOO4msC4xqvnAJ0bDYPgxSOcGuGDOKZgs+koPDTbWtQ1/HBZ/Z3xT7F
#! VQTrbuQI1pCQ+xupYjBTF880zk06JMwwwMy1WEtHIw0rDfkBK02VSKxY9IlY
#! noMPM9XBMikvpQBmCtYxfzDKODsHH2I+IJMZ30iFZQ5e8ILntuai4Jd8oR96
#! qQ+cyQLPoR94Q9/3hj7wAmmcu7MrTZUuWX2arDMghwjMTJTCWJEHRGZTyA/i
#! Lj8+W44TXZg1TIXGpduRTfMowHWuW58UnqQFeqM7mmfoYdjnvS1RPJeFB6fQ
#! FbG5TrWwSk9WHfZ5donqyyuMb68wHmrT0gJtuFLsXFg43y5Dh3KAX1nlYWNh
#! XljIL6OMA40qCelnQXLjE6KnxUsPtGmtOklhILPQIRMSjoEkNsn55IBsXpHc
#! xfFMky6C571j1c1+Fnym8QIxwbrL5/nvIpjxC5+dr2erSp2N7mGkB/ey0C6o
#! Fsz14H4nj/QjXB8Su6NR2zzVxzgVzcXrBm93M+t9yi2K16UMHEjjI3VhnoPP
#! cbvBB2SaOZXJjO+6YZYH7s7snZ3fvz8n9GNv6F98bWOLBgcyQj/2hX7EQf6B
#! d8MM672zddWpMli2yQF5d7GCDBeVQdKpL3bw9nlSLpvPEzxfkXKmdngjz/Oj
#! c/Sp4flF319rmlMSy/MHG00wv8Iz4sFWeAdL+D5CnxCa/NwMHXh+c7mxPl0O
#! OR0z5UscV/Bf45GxJe9dkUI7WrNePBEBRaTxzlmJ0jNTmGyuLfStndkgrGZL
#! 06rDGYTeoO/isUhJfR3hgs9LKpXDTlNw+b/SjSzID/HpEmlPs59fW2ePcwjS
#! CdDSkVnxH4iIEBaI3uIRPEQG/FZvJM8yhOqBPu/g8VTIDFaoDEP9XDIfteOQ
#! Dj7u6t+cQZG64LMczA/5Qu+7mH3+VioTzN9zh77vCf3QE3w3rf9ADkjuW5+H
#! HvqpL3TRB7ZBdV2ZWlidpDJVBp67ChTl3HSF4llhR3A80+wBNDj0Kng+sGEu
#! MfD6MqPA83ur2WQFYgLB83c3mCjqlZHIijfwF4tEUzJSI92LR/DcHlCcbNe2
#! cO+T59QIaRHClWIXiVT+wQ2SJf9RnDQpDq/vhifhgUJFn+DUdWNtVVdXl/Bu
#! VEcNZ7CnSE6Tn/usPM9c8FkxNPh8RcO6STPfsOUL+cWyaQ3W8GJ/AJtbbYrn
#! uW9mJps7iwM7IkIe4EWIMDM5F+5wis11pI70MVvwjH1gJx/fA9XRWjpZQBoq
#! OvhkKp/OPuYPfdUVeg88u5h9/g4zzoA59M8wy14ADJJZuPVQIPSLtNDP0kIX
#! 084etpF3P8glf3HTJJ47AvKKHAfNJU7WhvQGeM5PZoNMrZ/OM62LPexLBwWe
#! lxpwmyaNOjhk8o0Sl/zb6000GHZctsJukNCrBS7NogpVulUak+mj4dWURsS9
#! Y1axMjMcPKFGE2vEcWsAjQ8ohya+8d9kvWRSrrKcmyXyUIt6Sr5iWSXbU5wZ
#! jOOmGnMZJeB5djj47OeCz4V22Twu+DynOHaagisK1hH8wtKc1w9sXjBXqaIW
#! XeVWFuYW1smkFaPYrIYzM4da7AjbDyTSCj7MRLAJyZ0RUR2NNMuJc7NnUC00
#! o/rpJBbxANLPh5F+xR58gpVw9C3hUio7MhnPgy6mn6E3PnAzniEzfuKFTe7t
#! Lhh4ILv/cKCtpSj4dX/o52kX33YLM/+AZ6cpwnN9vgNnU+AZXtgdHM+AvCTH
#! ewmeaZJkMdKCpRJ4fnWxQZjr+701ppZsRQzP31xnmsoNhm3JUljCe06tTvVZ
#! I/UV4mgz2d4cT2JeqglqhHzGOG6cOPzN+eVq+i/uMjPK49lFFG6URimyy6rd
#! smybbGyGfHez5uxkzexiJX4KcL5gbI740mj0y3MSpTML5JNzeZ6zbLJ4UeVz
#! I1d9Ki7/vqJh3TQAUPxfAexruCgnjfs7O1cfuxa2COyBDdxdjJucE3abX7M1
#! Guzg7cncNJ6Zgs9I5npgqyeMtEhXd2eFo9M2gerBE6m8lQbSL6YM3ulmjuEZ
#! D1R0cMDNctlNhcGXPExCQ3J8L8zzRV//oRzwHPplWiiY1n+EIY1HjzOyVjub
#! dEj7t3l2xau31CqH5ZktWnThwoFb+4SzyW5ndXX4LyG9e+1c+nPPztURz7j7
#! f3W1CQBHDR4MKL+2xkRlyWOz+NzE3nHGkoCXtvGGSfEGIUuCtm/fvrjwdEbi
#! WY8WlquemmuoT1cIX1M8cxfF7uK4YunGNNmEHHmOTXr/NN3uRtW6WvW6yWVQ
#! GmMLk8Q8N2cqshJZcrA8nK+36ZnemMUFn2cUKj57pSipoBj/kcAmKfIZwcbn
#! wY+wZbI3eCx5mOXdw+tRCkuvwmIL5ppbbYcHG/qEob4kLcpoP5AoUM1m1Bd0
#! tTDxV3gMC1HNapbmZQUfcADp/vX+3sm5wX9ystjdBTuL2r3jhInmkyngGf7g
#! D5jeGHzOD4AJZtb/NT34zYymhkBuqgm36fZsGZUNx3HZAfAMUyPwTJMRCTzn
#! JknXj+R5JmkhmGJaqnLbyrm0Qj12EKrrhSWziYFt9SrwrJEzAfCVVaayVHmM
#! P/jeaiMtoQJ+SJbcPzNxSZObZtP1JrNRBjETygmFyoOi8qHWbLb+JjTA6lH8
#! skHiqwC71fjkucls/MtYPxs1gNY3Rr2wRLG93QuY8SatuTrhg+XbmQ0vsUvB
#! Mw3gsnH3BfAMtU/B55IhwecrjSFTLeinHYLnxVW4VxoGJMEcPJrcvyiNljMD
#! ujEw8ysFRxttUA0rTRMpYwOaJLyYlGjF7WjTLegQ5jNGRUK4fo73FvtX8ZE9
#! NkybnEQIjy+msNzKm47Q247gc+7+W7J6Z+QHL3ghOYLvsOzJ4PMZPM//yngm
#! pO9ZYdo6OlKNhturRa8CzzML5aM5nl3JCQLPp8M891bozDoVGV6ylkRvHJfU
#! AM909qFa08LygJjHPvl+h9jcgef3VzOeYyISuH0LI/4oVkYLSeBuTtmNmKDE
#! sEUaeMSlcUenDj5abgoL4tF3EWM/MVcZSJLBpI8IT0y9okq5sFi+dN6MLA+b
#! ibcuIzLpB8inZMqcQnkhN786zSEGnrfW88Hnz14pejmV0uLy8susrI4IZtGK
#! 7bTwE7O9MzIHdznxDC3YF1lWlXqYbZh00iHMMgxZHT7SuaXkSXvDgHNrQGSy
#! 8EhMHQjHdvCuFJo0iZ9hBq4i5McLycw9fM0eesMe+pIj9GUnkG5rLgy+4e2d
#! lf/EaS+kBXrPVEPoV2mhX6VTP7PcBK8HZ20wvKBwHDc3PvFMd+cYngM2aUuB
#! jXheMa2+MV1e5ooM1rt7eiJ4hsPYkcfmUt7boqFCSuJ5XGNdhVu+ZbRqej4v
#! AEY45V9eaazyxPIMswwPS+CZ8noso6GStGZHwok0NDXGN6RvQTNCFztl52Yb
#! OnIVgk9HI6dIbIDJ9XVqdpswsGQoXX0PTNOumD1hV3flCDsL8rSK5qnGbvgF
#! WvyymfnyAo5no4rnWQg+f/ZK0SvV20J5+SWEDS+Ye/T86iHRuArmuphbWRX/
#! jeVZtCcBT4fQtcD4j7bwkVV4wpETsufMpLOgH2QJ1x9MoNQ5C4ycSwz222mW
#! AxasfiaJKeqXWMRDQDr4MifpZ+b3LWfJNcrMXvyqO/TrdOp3LDF1FOjiRAs2
#! wV9jPBfE8lzl5uN1UJiVmYlsAFRd3aZZDTMLFZO4dUlcZqZY9rQmrF3CeL51
#! rGZhhSouPA8zK9bq68tOBx5KAEM8403A8zsrjf6EqMk3WKgwj7/Lr69RVblZ
#! 5sJtYYk5m14yv0xV7pRVpMpq3LJ8hzrGVpMkFqpP4QA+OkvfkC6vrKykOjrx
#! nvhqs0Yo47liQvBMeZADs/JmTRnfP1VnUMYVBjIL7JE4Ie5N+MydObK5RfJM
#! bgRKanhV0COtGiiWxZXKmGkKrmJY99VN2ygsDj4UbDgXHqv0wjoTD/Nwvb+X
#! 8cxm+Z6RSeaaLXLNXrIKfbDPwYDsc0SePGMdWO8WqB7c5cAzdGnQtrgHjyWR
#! LKd4ILQKW20N8psDW7DYA9s8LL24Kp1FP8hQv8K0R/DpVLiHXW3eyhJX51h2
#! l59dpIC1vPCEnRnnf0vvWx+P+2yqWQrxfHKiBqYM6vTTeIZ3JvBM8Vs8We6C
#! YlR0cGOyjKqIFwY4wTPwi5mkJY6LvzGeCyL2+Y2lsTzXlmTFhYerrBmpyuPm
#! MJ8QUN43VffkLO2kXIXfKm1Ik0/Nk0/MNwPdGBPNKmrCQn1clmJhpUqQzTFI
#! k8y2GyRwIprS5XouEcOmGckw3T1FZ9VJSnK84rh3M5dMgXgGzxRRYSW13A1o
#! /SgWfF5WFRt8vorKOqpBuurxLDFgwwsozrAx3nrTgrclifkUOr8QcPi/2G1g
#! XZhStqAqA5iAZ+/Qbx3ag0eSsIMw7WHU+wu73cV68HBkT1w1PO33Wpn8vp83
#! 2sHTKVQEEjxrZ4b6ueTB01x65V5PU4WB7rz4kScF5ACyrlLNJPS/pfdM58du
#! g663l+gvzXNjmGeWONvc3BxQWLSSCpesPSAvD+sNyhvWpsmTDVJY0VE+OU43
#! 7NuMAgUsdpNffrBNO7tE9eD0CM+J4Un4xXqDRogLE2tAA8PJGp2uODtNd9uk
#! BPo6uEYuMepEmPBTCGiQmqLKJWHxCPJVS52yZr9sLBdOwT5PLfHVemWnO5hs
#! rivyZYhC2STpp+fJe0bwnz89gQU3II1gKybnDRN8voph3TEhu6tu+B06OzuP
#! rJu0ZfmsfStau8aP5B3AdW4xh2ylVLZE+2VQGk0m3+/ke/9CBjwtgsYsfFfm
#! 4C2OyA6n46kPbmcV0f0LfMGDtr7pmW21OMQXujM+dFc8e2ewfQ/X77P2L03j
#! xiGms0EuDQWDp9wXH7CRA17HFaV35MqZfX405eI7qRfO2y++794xRvOFmdpb
#! x2v/Ns/pPM+ZCdL/fnrC62uNxS4Zje+jRkNCWBqO239BuQon91Cr5o1lxoe6
#! TFUlefCVDo/XzipmPNeHl2OjOACtUxzDM9nYvmbN19eaFlWq6v2K+6fpWgNa
#! AlIcphi2kd4W7DBVfRxv11q5Siq6+sp92mNtapAM6dKWyaLNPZPqv7pM35Am
#! 29HIlEzDCF+8aDEg3KScRlb5PK+Y5xn3oHhR5TMFn2MqRa+isu6zl9XxM8ut
#! MwKSD0+6BvpGAmz82r1dY/HxiDeAzYwezG8MySJcwSTDb2Ea9o9QemcEY7Y4
#! 1GkrGObX8uOgDR6ygVham3JgdWroVDz1/vnsycGt9tDtltAJ1oP7EvvnsSfx
#! EtvnpIU93sG9yREbiR9WC3pXSui87b1D8dO55DX9+NVumZCwZqistRwZr3mt
#! V7+/XUc8U6FjfgrjOTM1gZWohXnOchh3jLXi8OIcr8AzA7JYAdkpOFmD4cIe
#! b7x0aaXqcJvmzWXGB8FzcV5PiXJptarcLQfPDdE841EoFoXFBskCz/1TdOAZ
#! YmNygfLoeG1ceMr95cuXC3+OZuuigIbwAQQvkl4inqcVKnHBuhMYqylm1a5x
#! pkenMp7HpMvGFbMJFXEtX1iom8olB/EZ2kuigs9cMoXxPD5LHv60jGeI8E8L
#! Pl/dsO5LxOsupzHFxQSzMQZUAhvmGp8QPw6BzSuKu6xDO5lcAWC2juoaN62h
#! 078gDf8FwMGDSb2tAdDLIDwV1YP7bQOrUmldEm4h7Bz00HEL68e4fpTvwT2J
#! fVMy2kYV9Pd4Q0fNg5tSsI2j7gLkp+NhwGszdT3clFO4w+LuCWfNppeS643f
#! n043G9lhksJPX1Kp+lI0z3XhkRc4p8Qz2BbxPPG1NTzPQqOh0IKUZZIgW3Gk
#! TfNkj2FDncHjsgMS/Gl8Bghg8EzxPSqqJLVJ70OTdNEy9GKeIW9gDC3c+rAm
#! tSRFtGS8Ws6Ogsgh1KFswW2uJzHFamC1SarI9KFxXISQNprSZf3TzLe3qoBi
#! XaaJtHSFW362U4M7S0cOC4l3lkXxPNIrz0qQzCiQkx0WqkRWVKtozuesxGtQ
#! KRriVMpVz2/Q1NRUl6EYVj8IfXln0fKeifjKBDacZZIKYgnBm9whppgxfCgJ
#! PBdzS+cwe7vdzjN8Mtxvj2fLXrOVry3BWxP7pmbQbLTgeWB5KmP4NnRz6Ij5
#! k8Pmvxwyf3TQ/NF+01fXJReH28Bi58cHTH89ZP7rYfPX1hocZun4gKK7RElm
#! ee0o1RPd/FLvozlW6fSRW5dulZ6fxRY8JZ6dJilOcVx48li6CgSeweF/RfMc
#! MxMyTfGdmyRdXqW6bby2u1RFO1CoFldHb7kSPONGLJ6rcCjPdNTAfAN4xmeD
#! 43lnu7qnSF4QyFxaY9k0Wk0rbEIDwDDiqEIHv2DKU3N0TZlsSoF0m7rcI891
#! 8LPsguR3V5pOdfCRk3Kn7N2Vxl31CnzZ2VPGV+Ywl7k9V7FjtHJ9rXoSx3ND
#! jln4XnkpLJky2iudmc/PAJYcDj7j1kNzPtPEMjSihDC+umGwVJV0pVV2FGFe
#! 12bnhYEgJEQmF+6YgO6Ht7t+eDjr7JZmAhsXAr8yO2eE2T6nrVGd1gW+g+mB
#! 4AEbGd6+aZn0CFMcITlshGFpwdhdPb5PbrP8clfiwLJUWmW1b3LGwBLXXw+a
#! /2e/+U/7TD/Zaj01k1Ur3T7D89aKpJMzPK01+fOact5YnvTuEt39kzU5Prs1
#! XIQDR2x1jep8t554phm30qzS9oCC/CkByFG+yMgOPEkLtn4az+Uefmd8jDKP
#! RoAZxhnXe2eufGW16ugENgaE3p8SDfi74DkvSRpTs4RzIfzpGJ53NbPYC3TR
#! F2ZqGtNkziRrfrJ0ar6SIsAsIJytFXjGsfiybP6BRGmyWS3QiL8OngHz9jEa
#! SojDmX1uccKWGsX0plLwTKpsaaVyaZlif6s2L5FZ9Vp/JJkS4JIpozwsOUhj
#! vQ3h4POtzSz4PD8cfM7Ly6NMB4UpLgfF5557bvfu3TDsv/71r0NXFbITC2b4
#! cSxAEeOXcWKY1w/R3tyHJ1zv7h1xdnMzqIboEsAe3OGIJZmExAEbr3g5axzc
#! ZxtYyeuKvqmZg1tSSEv09/iA7vsbU2CEP4alRT/I+i93Jjyz2LWQLR2Vv32S
#! //YZXmyc6PL8+07jb3cYfr3NENxiGFxluX+2Y3pNWrFLXZPrmDW9k5HGzcSi
#! ksWtHKl6bA7Pc0Eyf8MNJMloWDSAhMGs97GEAuQleVu0dmQcN2pjWJ4rfJ/K
#! MzmGOHBZlWr/BBNZXQoUXA7P5IeShwiexweUC8tVry7Uwz6niBaDoAZ10VHA
#! qCOecSHjZgTLbNXxE3YVh9fdLnbLYZ/nl6sogZ5nV+O/qxpdOIP47hScX1ml
#! XDBCfmKSLj+JzTg9Lis2mdKZI5uWJx/B1b2YwoVSh7jg8xIu+Iyj1q1bh18g
#! xsaeO3fuwIEDR48e/f73vx+D4s9//vPjx4//9a9//eCDD06dOhW68hBHlGCO
#! tsakgQlsFnA7nCQOSsT0fXPyejrqj6xlnmNnZyeBDWkRURSn4mGHmcbYZmem
#! WOjMJsdDWvTPZTqZqd9RBTDFn7BlgjmYQfIB81/2mz/aZ/7TXtN/3Wr6w27T
#! 1na2gODcppxxI/M3TfA/2O34+SbDxY36H6/X/3Ct/qUtVXRjdRiZyCTXjxb5
#! bfDLz83ieaaEXVGqnIaRAj+At69ZhdMUF14gm3yoYtEK7DE8v7rGVJOpEHgu
#! 9Jj4k85dAvzMh3bpzjGannJ9IjcXXCZXV0lqHKr+03gmyyzwDKPKxrcapV9c
#! oNs/ziCelwDP433w8VpyzQLP1QEHdIjfpqb8jhAGoXjduGyFEBhsytK+s8K4
#! qGfGxFJngyg52Jwmu2OyzmPmR1oJPNf6WAF/e5asK19OJJvDwecFpcqOAFxI
#! 5rCEwiUWVDtE3w7PnDlzBhu//e1v9+/fH0Pja6+9JvwawiHYuEz9zAb9QTAP
#! 59AJnZDma5vXuGNJjo1RWD887np3zwgBbOY5cgYZHXY4CmOOZN7FO8qbZRZb
#! npxBVN8yOeO9dSkM5gPm/+Fg/uMe0482W8fV5B/v8nx3vfXfthu/uTYeMG8Y
#! z/AeW51/a4f7fE/id3aas5NluI3C+67IdoxIS4wLjxV1GKWPzILHxxNLSWHC
#! VUhzCw2eI26so9MV4idjeH5phbEuWzmUZ4HqBK1kQYlif4tmU3MCzVVOPMex
#! +RXl+FQx4plul3HhFV2FCB7xDNfyFfDcEsUzrpqmEWySmWqfRuA51cZwzUhS
#! F9ml47MZgYKLyqYrN0rL/Pw48Z4y/Y7F7VPGlMBfFpKD0N5j0mRwQnHVw/Mt
#! FCUHyQeclitfWKoQLDPxnJXuwWXlMEnFZaLimNvvfve7//iP/8DGH/7whw0b
#! NsQAef78+ffff5+2d+7c+ac//SnEhTj+5shu/IaAra9NcwmSYZB5MXwXH6Cg
#! qC/pZMG/Y/ssSItWF1ZY4w+POgd2jDyyJhrseT5ojKEwB/ckwiajB3clwjJ/
#! csj8y1sS7prjhbQA2Ds6Mp7sdQJmCAzA/PrypN/sMP56uzG41fCLLYafMcts
#! +Of1+reWWPZMco/KTrxnbvyFc3uBXEdAXlfkK0rjTxxOIizzwzP1xIY4SEsB
#! LjxZ55OPzZAvrVDGG1RwfJ6eZ3iyx5CTFDmbYp7/+PTEl1caGwKfynOVm41A
#! nF+iODBOs2kszzPdHWD0FpUrL4dnMqQUjni2W/vKfN2mxviYeWOKo5ceJneA
#! 7iz4qJTCE09Ah9tWdjIvqttHZm1f1D7OD0nMJwfx5Psr9HUe2d3cSCv8ht74
#! qGRKvEbSlSdfFF6+kKaRwYm+yLWzXKOvI94W2p///OcTJ0689dZbMc8/++yz
#! 77zzDm3v2LHjk08+CV3GFAf0i/U0+WNE8tDocWzEODryBrDZPpDKd4hJtkYi
#! byfjoS5YwcDqOgKbj/UB7Lm+4B6bADMzld2+T45YOJg5pcHJjI/2my9uTwDM
#! 0MmkAM/Nc766NOlX2xjMP99s+Okmw082Gn68wfCjdfpllcrGYh+89RMH++gU
#! w7VJT4nMyw0kIC22NGhSohftFZDG84/P0N4+Xr11tCrgYVfBrS3aS/P8xdXG
#! MfnD84y/dWaK9oV5uvnFioPjNJvHJrC5ka1Wh8BzBatzi+EZp0/MM02XRDBj
#! 54E52pfn65aWK0kSC+OkmBQxSE60a1eNVBd5TSnhlS6piS1zDP+U135laVJz
#! Op8cJOfuaysNdV7ZyUlMkNeP8IlLqStS5dDY4Lk7nARM0ElwcmOE07tcG6p+
#! f//73x88eFDgVty+853vPPjggyFONmMfevLSVUm8YF5rFEQyeX/YEMDmo8c7
#! Y2EWR97IVgtgD253DIVZlARhGuPDI86BbSO3LJsZAXtUQd8UtiDUIFy/4WD+
#! 014zBPNJLoJxossLmDdP9EMzt4zM3zjB/0C34/lFtoubDF9ZET+1Jq0wWbq7
#! 2aAN31jjhrQiBztZfU0al0lC0xrjY5BCjuM8tRXVbJrQvkYVLo1xxU74j9Ab
#! l+b5wnrT2MLwAoJDeL5nig48zx2hgKO0ZWwCWU6aQhY8L74kzynhFbcF4wzn
#! 8YW52pfm6SAMxAaZZDYUBd308Qkr/WYcOzovqTlTYdNJhHE3caL1XqnhF7hz
#! btabi3TNfjnsc1smN6jEIn1rkW6MXw4ljJ+lpdgpPgTPF9nZNAUkPKjFfAsA
#! SZGNmGwIYN67d++npUhgkCE5Tp48uWfPnp/+lJ/P5BIhjk8TzAQ2iWRaX+8S
#! JEcJ5jtYWgR6g+LJAJh3AE/GQy0PI5g5mfHhIefA1uqoIPaogru6fe9vSGE8
#! c6EMppk547ygOWd+cw5k8+92mf5fn+nDW4y/2Wn81jrrQz1OIN3dmN1SzUx3
#! TWlejZtfsIaUMDUAQwW6xHMcN8BtQjYbe4IOQqAPA0my76w3zapN2zI2+fxM
#! LZslJjxFG95taqEyUR+xTuBEzPM7W82txcPzbDdK7p3KeO4ZoTjcqtlQb6T3
#! zLbx8bTtDbzfdAmeYXXhTi4sY5YQ/tfzPdoX5zINUGBnSZ/p+Qrc9FdzA8Dh
#! /2J/Sus7rWzCZ/A8tQDuMD8RARsb7pbn2CLKgazK62ydFy0lBxvT2Wcrccpe
#! X6ibzsq/mdvYURqVTCl1yUZ5ZbMZz8yzIMd2KGzDFmycO3duzZo1u8PtL3/5
#! y9ADP/roo5hLY2htM1/DXKm6hGCmoJxgeKO8P1FChK0mOT0zSi3TyuwHbGSQ
#! qX+K9xcfOobONMby9qIjc4vPbmgSwObdwM6MZxa7YJx/uj0BhJya5f3jraY/
#! 7DH9527Tf+wy/fstpt/uNP7bDuOvmH42HprqgRt472zHo3MSOwOy1EQDpcZa
#! 8i1GlcTGze0jeHkkm9mQonQZYAYkMwoVYBvWWMxza1XW1kYLDSOiBKJw4+ZN
#! NGcGiefBXfHjS9UCz5A3wnmHrrhvqu75uYznXU3qTY08zzS0BPZ5e/2leKb5
#! QgEzfLQ2Lq3ckCaDeF7L0StMW7S4QjU+R1GSKodaKC3Ka81hLiFstZCzE5Q2
#! C5XopFnhsiKaUBEbX5hneXiKGl5DtVtGCw9VuOX3daq7S5SUTGnMswlfCjes
#! 7CTZ2AxZZ458BOd44jY0dI2Ya7voD/mDNDw2JNQwd+svDTOzbBzDMSJZ8P4g
#! lfl9hsAsTlWzGAW3fCo5gExvRPM8uJnZPZbvY8k+y4f7ne/uLDq7vglSZO2C
#! KZtn1TA3sIYFVbZ3ZLy9OgUw/3636XfEMzPRJjLRPWNyjkzz/GKL8WebjVAd
#! sBhF2WxgHclO+OkP9ehJPDvjeeTIRapKjfA8MVuO+z54XtrgWt7oIp4XV5tp
#! ZxJvYrdL4IR4/uCQdWLFp/J8dpruedjnIo7nJl5vOMM87xjOPgtD+YhnMCbw
#! DPv8wFQtPjP0kjVcHdSZp7SbpN/ebIGBZR8gnmZHZyWszRnyA61aoypOmGiR
#! /V0uHEeymc23oJE8szD+2DiW7MYfovWD2nMV2+uU2xo1tR7mwI5KFyVTktjc
#! HbDk8LXTw4NuxHUaAI8UwjUcix3zbmy9P6sUxvnTkB5Y6x5WMA/v/Q0DM88z
#! vD8+wszlSkByFNhb7OAZGMMID25KCSevLaEjrEM8/2av8+3thYdXtm9eOrOz
#! s/P4wkrwDLEBZ3DbJP/jC5xvrEiG5ADSry1nCe4vwjHcbvzXbcZfbjX+fItx
#! /gj5pGY/3HNWaWOWTstT3Nmlo2LLMdl8bjfTaydDRzzjfopTk2aVFjtl4Lm3
#! zvUEx3ORm8cS75ZqlpJxpjKJzGQ1bBRJ1qo0xb8cT+io0nwaz/dzPM8ZId/d
#! rN7cnEDXGqlxfLDbJ2j+Js+wz2zO3ngphES9T5ZskFLIIiNBOj6LpX6emGe8
#! t8vw7U0WAMmXV3EFddgGb2zZFy4sKehnklLCNEfY5+0Vxu21Cnh/DT4ZDbFZ
#! WqFcwiUHcxMlMSOttHJm/GcWKCB1SGmYNZKYtbmp3vhawRwarpaJoihspBsH
#! NvmDYu9v+ETJpb2/aJ5JbERVYoTFRnCvjUuXBChGAfvMFxSFeYYz+PFhy18P
#! WX6xMwHG+dau3Le2FR7iwL5nbdO5VaXnFzqBNI4dx6WzsbG2xb2+VlXllq0b
#! pQpySI+wywoCmUY1q9Wp8bDsVVOWguRHvpNHDndbl0kKHix6FfRhEucV0ole
#! 2hjheeUoyygvu//OL1Hihl6ZKhuXzd5qzzjjxEofVc7jxJUFnGtbtRVZvJsP
#! VvWi+VugKx6Yrntytm5Okfy2CZqFNVZa0CHA8cxmvuWSFJ/GM12JPgv/hiSM
#! i8Pr8kydNB5WuilNNrje/K1NljdWmJqz+Hx6SrgVcytYCbV2pA3whvQ8vW2F
#! S/b2StPaKkWdT4arIy+ZTw52ZMuOteuKuJFWI0XJFJoWaXKuHL+ecKsS00sz
#! 519DmEOXrEoC2DRsAWD3tWm6alOH9/7uHM77CxcU8ZVvLP3nIJ557+9kfCzP
#! YTcweKsNPPdNyRTygH1TMgaWpQr2OXTYEuxjgbs75/jgDH7E+YP/utvx5lYe
#! 7DNrmr6+3b91kh8805xCFJ3AIVsaDS8tScL5rczzmjQ8ojRyP6bRHEH4wdOd
#! CUIKj9ZZWMbx/OQsnud5JYr2bHYes3z2jlzFHR3aMVX5zy3kl2EVQnzleU5X
#! OD+Cq8NjiXhb4PlBjufZhfKjEzQLKvXEs8sc2Weo8ozhOY6r9gnYmH3GjT4R
#! VtqvIEppTO6ecboJecqn5xnBM5sfJkfRnqtcxI3woimMqIQVv1KuTQoCs312
#! ks00AUieXf32CtPCEXKyz5TsfmCqpjlNdqpzmJFWtPLyrAIFZA9/FWslYp6v
#! rdKgRmr80lFogE1nnIHdqhmW59h0iUhpiMMavPc3FObbo2AGyZwzGB86Gg9/
#! EMKDSozw2N/tG1jKdMj761M+PmT560GLgPSf95n/tM/8i12OO5bV4kTg1rat
#! p4FToZEQBI2SE0qaySKB20qPfFaREvf3pHCAguwqNnaPVqziJqQisY2jljWm
#! CjzPq7YVO2SAh+xhht14xySeZ3ofoUJeCH/ZjdKX5ula/JFTD538UJfuiVm6
#! 7hEKNoqwynA5PJPnjuf5FbcNkp5iBc15DhEFfXv3FB1u8SSBwJLDLIV+Ptul
#! L3WzaX7nlKh2jtFML2SZu+XVKnzxjXV8+KXRz0bl0OQDwgdoytJ+abmxM4dF
#! noXk4Bfm6JrSpHdNZsnBkkDUSCvwjMtqZr68VVTRgc8M5GA/yZBeW5hDV1LF
#! QToEkIDqugzF2Tl6gWfy/iKVRTEZQK7DPpP3F4nXceJZzDNkM3sfTjzzPHNI
#! k94I7ma1c1QUSjnuZ5akfnwwCmnw/JNtCRDST/S6ftbneGJ9NU7K/DkzOhpK
#! JpS6YFJINpBoFKcM6jJ09Wl8uRfdgmkcn1ktKUyWrh/Nj8Ci6ZGzUhPaCm27
#! x6hGeExCUTHehAmDnMRTHM/3TDOfnqWv98uFe7rY+Ocny6q9kblAc2yyhzme
#! 5xQp9o6N6I1L80xN4BnaCTxbOdEL41/jk5/v1pu5sme6ZvGtJ+Qqj0zgHYRV
#! NertjepRPlZZUeOV5ydLH+nS3tKomlWoaMpUiCeWpNZTpn9zmXFiJniWNaXL
#! KDn43gr9aK/01CR+pJU4mZKZKK1yy3tLFNXc4nE0c04obEKvaPrQy29XsepK
#! jMDe12Fmnt3fgpmrYSbJwSIbQryOgc2lUQZWcjVIBHMkXkdI8xK6b3IGFSBB
#! bwDmhZzRhoqG8PjquhQg/dMdLHD35bUpAPu/95r/ay8LPnSVWrrHlS7onjFv
#! zoye1tLZFZYUA58iEYZ8Em+ChiRxwhBVSbJtUl+yschjYlXxOlVcdCsOr51a
#! 6dXObMhpLXaMy1KA5y+usn5lmxmH2/QSUpIem4xsOM14XxXD8wzdeY7nfS2a
#! nmor3UdoWKvAM01HE3M6BJ7Rto5WkRPntUgn5Soem62PC0/XzH+pLJbvCCTL
#! ylLlK2pUqdyUOPTdcaVvqFOdn6ntCMirizJxlEE0XBcN3sdXVhgoOdjs55Pd
#! gysMo32sVhwfeOwIp3ikVWairDxV3l2XVpASO73G9VAaQrvquUajwK5QXVht
#! HJZnEhvBA0lhf9AqlOUzsOf5SGPzllkcrzseZaKpbOMTziVk+cHDzDH85S0M
#! 7J2dGVS/gTfBNnj+M2w1Z67dOLMBefcI5Ywyy/gS59yOely/MNottSWr6hMK
#! 7TKhRB+kCVaUShrw6LdK8x0s662WxyVaDMKrOGRKvnJNjWpmkbI5Qx7wJDw0
#! xwaeAylqnFPi+anlLIIBnsUlOkIjnumvwzOFnTw/k/F8e7t2XrXVwLW8lNgD
#! qfKB6j/J3BHqwBhiCTzTEACo36VVqsWV/NUnXLb039nFqjJumWPxtZyRKKtP
#! lz8xS9tZ4aR5yMUeK7tYxhjfXapv4ngeF04Ovtmra8qQUzIlZqQVGn6ZRaWK
#! EdzXF3i+TkpDaDRM+7OsN0G/cBTYYZj7pmcywRwJbnA9Wj+Th8iNlhLKm+1i
#! noN7OFHd46MoB4/0ER7pj1ni2/LeejZ+CoZaYHvB2Jw7ZnvB87R8FnCDlw3V
#! B99kbYO1vSZ7SuvoNb0zt/e23zojb1ohGyUBqWk3SeNE1TgUgqYcot0gyfMk
#! xIVtOBiAJ7WnWU1T1LII9hzb6FI2acBdkzS1JVkHJ5vBM6lxN7dma22avL4i
#! /+E58W8tY5zbLSpSPmwWcaMESK8fpZxdpKj2yEnYwOKlivSGuCXq2ZJw5x+5
#! P8TxDPuckSDFhbOtnp++g9RCzNQxwvTj4jlvyanEu7VlK6bmK+EUrJozYUp1
#! KndRRP3Rk52mC70s2V3j5peJgUR/bYF2RpGik0umNBdEkil0jUzOVybr+YxS
#! iAs4kx64HkpDaFc0t8ylG4Gdl5fHPMdxLCTC8oNRwTri2SrYZ5AMUR0VrxOB
#! PbAiFTADTm4IFWeoCenbLGJDTR7ie4KHeNDy852JTy1O3dGZ4U9ST8xh1QWd
#! AXlDmgxUr61RjctiydyBxclnevP39Y7pntW1flZDT1OOk+NnSZWKMn3CbTo3
#! Sbp1lAI8w0oDXVjgsZnyJZUqqiWjRAx4Fu7dJEJaw9VHFS4pzGZdmOcvLecj
#! z/yygNnyxeVK8LyviWlXmoKDLhmaekWQ+vhIULl7mjXn5+hfW2T43ntvhMI8
#! ZyWyALIwzDYmuXPphlMGB7DCLce1uXnBRFbpkDjMDeW1Xv1LPXyym08Opsr3
#! N6tW16jqvGwykHEBnXh/3DVgIk4e7BNWc76ces7P3ig/eK3ejRzMl19+ORLr
#! G6fhLXY0zwQzZHNs0f4JHmzATIFoNoh1rm9ws51H+mgU0uQk8grkEN//Gga7
#! 1iefnKeAMGjN5HleVa2cM0IJVfzqYsOrvfqXew19Hd5tk3O39rZDh8yYUH+s
#! J7/Sp7XoVUItZcuokhK7tDjTYVTB51IeH69BX1alwm6VHvnEMiZKl47U0/5w
#! r8iG89BqJTTdcQzPMN00q21XgWJxBeN5b5OqzCkjGUA8u8M8C9NtpVmlcBif
#! 6NbPLlaSnCZydEreI6D9YcCFOTfE0xSIF2UTnsc2mITWnVWTCp61irgavzZR
#! FyU20L4w13KqjSUH4d+VcHGMSQEF5MSOMZp8W+xIKxrfGrPG4rUlLaZ9/PHH
#! tHENE+h0NxFL/aggNsBeZSSkB7dxIREKcYijHCKkoTrYXAQrUrHRNyWTGW0W
#! i87kbfVtzFb3TWEeIp83FOlq0iGgGjxPL1RsGq0GzA0+2fR8xdIKZW85m777
#! xQWGLy7Uv7TQsKk5AUYPwpWmZNm1pJ1GhFHijKxoW4YsK1mtlMV1FysgC2EJ
#! y1yy6RXJ8BBLsxxxYbcLhhSnG3TRfXxyWfLkmvQ5JSqB59smmVu46d0EYLoK
#! eZ5vbVJRyR9+Q7uRjd0TauAji0xZDQvKVXdN1vosEtxivvL2G1QmKqRC8KvO
#! KFL2T9GtakioK/I1pMvJvAtKI46L7LmsarpwyHdYOVIFhxev3tfj1SjiSlPl
#! CdoonqHPn/7/7Z1nbFzXte/FmdOnsZNi733YOeSwDXsd9t471SWS6tXqzbIt
#! ybJkWbblKrn3xDfFkeM4iZM4NzcXF8iHGyAfLh4QIA9IkADv5SJ4V2/tvc4c
#! Hs4MKYpqtDMLBEGNhlM4v7P2f+/VJn2PVpImA+rg4Po89lyzFG4k11RR1Hww
#! xTXq56o0FALv3X73u99dvHhR/UT3Pvt7iUHJmLwtg+2rmS4l2ADSivBwPYhG
#! mF2FNEYPyVl0Qyr+gGCrA4iKtP7lTlKC1JTCHqoSQPXBBwFaep2Fg42Sn+T1
#! yYQe/PN3Jw2n2wIPVwvXe3V4PvbbHaaePF+SpGq3jw/3j7VVJEeHbCtgsFEV
#! 4AqkWSPJfJ9RWwQOWl3jKAOE91gcqa1xpEfGhvk78by7WhYbATp5eNBAFgtf
#! wHN1nFxtPZ3P/3rW2JgyX5yFm1NUQXDLpTYJZ9HCX1WZXOx0vAZWlOCdFKjF
#! GNAaUtW7wIdj+mugjgT9j9aKw93Nzw7HvNFHdqk54YzfQp7huv5gyg9EF0iL
#! ihhtGg0ObqHBwfOtOiNHNE+6Y/cKH7KS4aw0XnaaCK8m8B7tyy+/3L179/nz
#! 55Vb7r23DDr55TyIGuzD9eKtrUZXpPHszvmsQ3WCh6IaeZ532k/4KmwD0r/a
#! RXaI5ghTeSzzdJsEG3P4ILrN7FQet7ecnEJ8OKYHTfidScOp1sADlcKr/XqZ
#! 5+2mhiQ2PNgfgKlNNc11WhBsACY1NhRW/OxQ7bOdRCuOlUXEUJ5JaT81ENjg
#! nEFLjOVy4MTgaiI80zTRrBBtenzoaIF8SAK/gjzDnZWTMbjldL34623GX24z
#! tqSwcF3A44AfBuTIDB3Ry5seGCpzrHAsKf4MXhf0Klxr8f5ac3QAMNyQGQiP
#! vMXK1SUvUAJKbWxqkDY7hAxb2d6dD+/xUqt4vYM8suu5ijVc+8Vm4/pcxqYK
#! Dt7sJ5WD2M0gNyU60xFMUZI0lFb5mMa5BIH3YiBuASr1o93jeeDyYVabGuzR
#! fP7WVgMiDdtDOYP0woJcaPUXBsQVtkkA0aG04favd4XAF8ll2hVyuEaEzc71
#! Hh3yDLvCiVxup40Hct4c0v9oneGTScPlLu895cKtjTIYwHNjMhvka4D7gErZ
#! ZOW8Ba+dFT5F+TmbJvpBiky1WM71xcA9x8siooKMROj68U+1SC/36q62y8oT
#! UESecfIIPrKSR4ouXRlvnRhOTk46Ojrglk8n9MDzV1uNIPWHs1l4qe2pbJjJ
#! qyhC25DAWKi2mSkRssPmO+DhKQo+ywcjurxwpjSHnLT05AcBz0/UC4Ux82fd
#! 6MY3lRjWWfkPhnWghOEFbJ0agBvfGZRO1/HgsSN8nM9VzCEC8DyUIQcH8Rnf
#! G9K1JGqvdMiVVkowxVVsOC3crgQu0/7nf/7n/6lMuf2Pf/yj+tFWPFv29v2Q
#! 3/PHfb4ae5aPNS3MrZxWqJYD4uqAiwPsr3eHYAcDohUbUgnnxYbaRHKoCzyD
#! Y2lPZcZz2e0lMs+fbzB8PKF/ptN7eyn/0y2yEvh0yjCWx4F/XkPz66Zphvys
#! lTS9j/PX1GaFwUvFQ+yB5nJAEXiI8hNe6tV9Z0J/pY0MikoO1Co8YzOB0igt
#! Zq+hbFhDS0gQALjdHBeC8vvkyZOZIVrQG/VJpK8prPIki5hO7YT759PdIoZv
#! gGcQ28M58kh6fMxnOyTgOSdMW5BNhsB201ZFz7YISSHzuXx4KT3f433GLj3f
#! IYF+gDdyeZhcnm8OSIcq+FSavOHEc02S9ONNxrZkLfjn6lgtHk3/crPeFqU9
#! SRcLUmnlkChOQR8npYHmROAy7auvvjqmst///vduHw23vSvYe7ot+1qxzQdo
#! qMe+PqBzzu44QQ6iyZHIefc6hKZMh+D5HnyBr7amhhVEMsfrBOS5jfrnw7Rz
#! 4Ov9uh9vMHw0pr/cFzhTzP9imxuewaWP5RIdO1co82wOJju1K31BmamJm/vr
#! 4O8GfrXUkv5Ct448lAvPsP7Az+st7Fo6bTNQ7xXt4/XhqL4/g0GeQXnmLJzU
#! o+5XgxIIoMWZlXjesoZ0zdVGent9f1LuRI0RkE/X+V1pl0CoZ9JUqIHCYPj+
#! TLMQ5ScHVjKCNSiMvzvte6YRvLHQ294Ez/5UswQu941+CTYXmLzhZCMW/U83
#! GbASVgkO/mqLAa73DVbOqdJKzfNiNVAr43kxc3o09LErGC/7gI5f1GCXxTEA
#! 9q0thv910gHz4jrEeRd53vd6ny4xQLujlEeeW1OYsRwO4w7Pdel+stEAKvqZ
#! 3sAthfyv50ysRuZ5wsKHryU8w9oKu3gfwWtTPgv4xftron0Jzy/26ICuLktQ
#! ehw5qKmtLNs82X9koupob5oTzyC54edthexkHge6971R/Vwx/6+zRiABeQYO
#! lV76KG7hxoYMn6ECX9Cxc6U8vOaYiBBfx2oOPxws50HDR/toXuuVlCxWW24S
#! qG7guSSaNPiCC8eeTfzz1TYhwlfmuTddZvX9cZ9zdunqhHm8tznYoNlbIYD/
#! B/9MkjcSXGiGy7mE/9kmOdjdkCAHBz+f1tUnMv0ZZNJWdfp8MEXBA1tquBWi
#! D5TnFbTPhZf6QKOWaEoSFPqo6RIDgO1Gh7g9EqFftzYbYI8PGgN4BjhbKM97
#! y3h/ndepeunLTYTn14Z8x/P1X8+aOKpJn+/WIc/w0YNqncojJG9eyPP1Xh38
#! LyzoMcFEP6/15k+2BFwYNW8daYHlu7OxvLUkWeG5Op5JCtDAzusk8lzi4Jke
#! x+UnBFTTcEZLKlsex9QlslEB2rfWh0/ZguEZZ0v5/kw2PyMRhGsljcpdaBJu
#! 9orAc3qw5kafpHhywvNW48FKoS6RAZ+fGqQBnsG9X24RAowyz7XU98Jf8rN1
#! +hOd0XAF1aZ6g8KB9ws8g3+G9Ss12E0wZW+V8SfrSZ8N8M+VjuDgjV5xMJsr
#! jyKl6BXJcts6JW8KoVpMx95fnl3trqKQOE7owb0YV8OxUIrMdlUj8zAvhBz4
#! TwnStiQzwDN8HM3JoJ+5XaWE52N14k83E55fGfSF9fQ/dnkrPMP2ED4j+OhB
#! H47QRtxbFJ59CM8v9RGex4qDkecgE3+mUbw5oHtzUAcbyZbi5IHOJjzEBilS
#! HcccrIBtHQM8vz+qB/X+GxXPZSmB24p52OLtKhfeH9ODBDrUoXtjOmzaFhzj
#! p5ktIcOG8rLMyLNJ8LrYJLxBeQYO3xmQstdqsPTJbDYjz5VxhOdQH7461Rsu
#! k+faRF+TvNXFomxYEb4/pd8y3DJqiyiN1lbEMmN5ZNTUWzQZSV2irtjFdtMP
#! HZWwmC9XEMEcq+JnS4WMIC91pZWyGby/hYF3a8r8wTtS/ZAHf7vaQjXCXh/Q
#! 3xj3pe0OQm9f9HP6+sNhH1h5c9ZqkGd7EvHPO0pIa7gtxfzXM8aPxvUvD/gO
#! 5Oq/njOhG3PiucdMeN5aQHhO8CeTJkKMmpcpz6OU59gwf+AZWH2ll/AMegNW
#! fGuEFlwW6bLY0TEzNXB0orK3KNwtz+CfO9Pl9kHwUveWC8OlwlP90evKg2N8
#! NTMlpDqG8JxAHjPSR3OxWbjUJADPZTEM7FUT/LwwGz8hhIiNg1VCVaIETjI9
#! VGhM0+VHMJdahEBfmec6mnQNr3b3ZMvekcrRHJZ0hklgSLdPkhAlpQVp1DUm
#! iv1wSo9tn9XBwalc9ni9aKaVVnWOVmbKx3Tvh8D3YrgJxZ54S9/t0cKsNrUa
#! cRz6GWmMZv7rD0d8gvQaS5jMc2MiAx/iXDGZEbaxkIQtPhk3vDdq6Mj2/uV2
#! k8nB8/5KB8/R2rYU8vlus7JBOi+4CpDnV/r1yHNauAnuCYQcqxVe7JbeojyD
#! wgH2FL1hjTedHs0f6W7aON5/dsJ6oitKzTPocKPgBav8VD5JmgrWa4ZKhXN9
#! Ub0FwaBtwHX3pBO9Ue/g+elmAbZ4wDMWgKyhPSRBQigHyxF+5Eg8KshYEkcm
#! p1xqEZUzaswjgpe0a6LlhS4J1BfA2Z3ONiaznWnsu4OEZ7fJG++O+WDbZ9iD
#! 5IXJwcF1uewTzRL80cjls1aLYRRM13fb7Ohh2h2zkjCf5EEnk6zMlPjjvBoZ
#! 1Cs8R/lrbaQ/FeG5IZEM8pgtIjyvK+D/fbvpu5OGd0f1rZneP99uwi6aR+vE
#! p5oJA946MhYK1uhYXzI+D3nGrhSvEZ692gvCk2hPfuD5SI1wrVMC/xygc+a5
#! Io75cEgEaXq0KQB4np0egK96Wy5QB/+Fs4GA5x02vieDzVirBZ7P9kZNFfsC
#! z1tVPBdSni81C5cpzymBWmy1Z6cVi7GRIUp3/TW0mgZ4Bk1+soZX+j61JjNY
#! r/1kf/T1bgkeGd5OfxYHbnxdPvfeENEM2NhWbbADfX/C90gFJwcHg+TgYG+a
#! 9nyrZOTWxEaEKLWuKDMeodJAW7p97mqG2cmcnPats/Xww0hZzLldY9v7K4AK
#! 4HmmkCSIdpg54PnTKcPbI/qmDO8vt5tEdzzDIos8R3p7JQZoIukB2usDeuC2
#! OcNb4RkW+qsdbni2JASAQP1gSNxcyJ1qED8Y1Z9vEX+0Jbi7sRy42jY1MNls
#! gedSeAZVPFgqnO6OWlfiC9BuKeLb03XIc+ZaMhrgmRbhSCUPGj4tWOYZ7paV
#! HF0VR3aI3o6Uj7gw/7xwLUiR4yqeiyNJ+HuyKu5yu/RKjwQaBhTUthKSDr0+
#! n/tgSMLkDSee4W/1/qTfjiI52K0EB2tIcFCeZ6EegPJolQYa7kbdrhEI8yN/
#! hXdruIW8TY9i8JZ/++pz+ATHcththRwsmrAW//sO479MG94e1g/m6j/dYMSz
#! 2aO14tM0Nwl5hjUanM9I1gKebwwSnuEqwJkpIX6G/RX8s+3SmwNueC6PZT4Z
#! lo5U8YTnMf2FVvHnm8nJLTzFqa7omf5KAHv9WP+25lTkubeQn7PHd+X6ZIVq
#! NxfxbSqeM9eSmYY4L0DpTJsVQniGrS7qgXwKZGwo4XnSwu2umB+D1V2dCzy3
#! Z+iebpNe65WyQjTwjuCSifXTHKjgn28nkZFoXzfB7s83GqdyGNyTIs/vDukK
#! wjTnaSMFdT+6FUynehCGWUmuHtg1Ze6ba8BzbTzRz8BzTqi2NJr5LeX5zSF9
#! d67PJxuMeDa7zspjrh1Yfri2PFoLTm80m0hNNc+BC3neXc5faZPecPBcoOIZ
#! tlrA81N2wYnnNTSiN1vCwxNVWpI29VSQYHp/8+Gx9JnGOJnnQsKz1Rwt8xyi
#! vdIqwFPDF/yM/hl4jgg0IM/wIlEA58QFGHiSuTqf4OFoczRU4Au6Fxxsbijp
#! yXC0RvCRvECWn6wl+4c0l+QNc4hwa6OxM5UsVUpw8Beb9SDAUmND4GFXyZmG
#! k7k64SVS5r6J9sf/+gPyvLWQI7lJGexv5gjPbwzqp6z6D9cbgmjqBfD8ep8O
#! K/hggQaeAaTmJCbBzyspQBNBi01uAs96L7gKFJ532vir7YvzPCJdbhFPUp5f
#! G9R9tdlgpir0Soc0Sie2oN6YLPa15SaRIWijo5MdFbUFSZsK+VazzHMG5flZ
#! yjOIWKWYGmR/SSQ5igw1ymXm8AjhAUYc65PgCHYDzJj+sbnU8LgdlhIp3o+E
#! tp9pk3xErwtNwmnKc7hL8kZNknRrg7E1iQRTSJtcyvPPNuhnN8mxe6zaRtm8
#! emhx4nllWUar2YBn2BUCz1us3PZi7q1B3b/OEp4BztFC3/fWGUINC3gO8jVk
#! BGtANML3lmTCs7/OC3kGl+7EM7jZ5zqlm5RncONqnm0xzPfGpBc6xBN1wodj
#! +lcJz3rkGXQsTiAqjCQ81yUyDclsb6GwvTVloiFzqKt5erR/oK22qjgXeIY9
#! rJpnbNpJcvmymAM2Fq64PJpchKnOCo19eT5raEy8tSIvnvb4Ot5gPN0ovTNI
#! 9AbwDIsReUf90lwxB4/smrwxYtH/ZKNBaZMLt8C29IJdwPRpdWroalAaimH/
#! JZQc3z6Yb1OeqynPm63c4UoeFtxfzxCeYXM3XODzYrcuUJJ5fntIL/O8VgP+
#! GfxeazKTEaRJCiT5DyA/LrXrACSQBInh8zxfA5773fBcCjyPL+D55w7/DDzj
#! gFTCcynhuTGF3dMs9ZUnN6XpymKZDTa/wbq8gZ6O8eH++qqyhtywq20k+QR4
#! zgtnAvQkN3VdLruziPAMYgA2jKCRxrKZi418CQ18dGTqMIsJbg+hF+zjbQGn
#! GsX3h4jeWEPzWMiK0ydtL+HUPUUVmyshw+nAFZRGaSuoTMoJIyct2HQU/7YP
#! otnRPRomF4FgXlUq6P4abO6A500F3KFyDjZEv9pGeH5tQD+Y7wPeNczgFWLU
#! NKdyyDPQiDwDBq0ppAVcMuXZJHg9004SeLpyfMxxIaQph7dhfT4HPN/ol1x5
#! ho3b9ynPx2sJz6+peW6ThrMX8GynPPeWJduR5wK+wexdaI5uSvduqcgd6mra
#! PEEysTPiQ3HfF6z32pDH7ipmm5JI8G4kh5sp4o5Wck9TnsHfDhSHY7ZSbpgW
#! q7+v9XifapSudYg4Y25vhQDv5UafNJTFKlNo1ba3yqBUwhbSawRWCpyerPxh
#! V+GJAWJ8f1PmVpsN2mLGckjJ1cFy7uVu6ZfbDN+bNrzcp9tYYgBXiXOsmlPZ
#! H06RzhXhwf4xPl7YC6htIc+XOwjP9ZmB5liZ5ykL4fl1F54L403AMzjD5zvE
#! o9X8R8jzJgM4WPDzoF2HnHhO5XosfGdpUmOaDoTK+gKuJj0QeG5IIIODgbdL
#! naTHSB81+CElJmSjhd1TQngGF1ocxcwWcccquUt2PjlAE+Or2TLcgjkejYkM
#! BozeG9GdaiDJdbVUPBRHM+ZgzRt9Uk28++SNi+0m0EugNHxFrxxVByQlevKg
#! WxCszPDITnlh35QD57uy/lLC87SF21/GvdAp/nwL4fmVft26Uj+QkdU04gY8
#! /8DBM5AJPOeEaGCp7TSzap7j/DQVyd7Is0HkJ/O45xfhGRwp4bldPFLl4Hmz
#! zPOlVmlwIc9NaYTnivz0rnQOeF6Xz1WbA4tTQ4FnkD0daezpOjrEVudVZ/ap
#! s+WC71032j/WmNea6Q0vEv7LGqE9VsU9Y+fhlWATeMQP6MUDyffHfc42iqAi
#! SqPJ/RMDSHPyN/oluEOyu+SNH0zqXu0kbZ/huXIdPGOtK4YtHnQLghUbOmfM
#! nVtV2v5+2UxfxaiD5+faST4S8Hy9VzdV7PtUk9iQyISaSHrPT2itCri1JMoz
#! +G1btLY+QZvi4PlKhwRrblWiZEkKhX+GmbzAPzvzHDbP82s9IvJ8vVtS8/w0
#! 8Jy1gOfmNK47jy/PT6+MY1pS2Ol8rgp5TiQ8d6axZ2gJCXxhokViiHFzZfi2
#! XtInB4vCwJEer+IuN/HpcSHbRpoT1srndX2OZNF3xnzON0vwdBV0HmJhJIPJ
#! SJlryXG0K8/P9Qc+1UCaElQU5aZSmbTKlYba4ELDuvJlpid9s2yun/A8lUd4
#! vtIqfLGB9Ct4pU+3s8b/8UYRxzHkuPAMIGEiB7DqS3l+tlMHPFcmSjZz6JZC
#! riOVnbRwL3RJr/e54TknjHmtW+b5XKPw0bQeeYanuDmgs9NybyAZAAOq1xcL
#! XbnAs7kijml25dnMnq0XsCNuKdW68DgzVnZ9Htuc4d1RkgQbtPVj/VuHm090
#! pwLhDTlhSvJzbbwWk0W/P6W/0Ay6ncX1yBrJlMVo3x6QQIq7Jm+AxnhvwveA
#! jc0PI+fw0b4apRPd7QfcguD+GhYzYuk3Co9vgcc+tWMMeB7P5faVcU83CbfW
#! E55f7tVtr/I/VS/usAkKz/DZAY3pwYRn0g0mRtucRHIpRXZNhLfmWJ2Y4K9p
#! TJ3nGXz+i13Say4858cS//yqg+e9ZfxHU4RnDIXccOF5Q4kwWy0gz00ppLMT
#! 8mxPJPIV/rm7lAeGeS1pgE8aJQVp5grZDRYW5HEZ1Q+1qd772lJg25iQkFAQ
#! yQQ6kp+VZNHvTuivdkjwUIURcuZnB01GIk0Y3AW7gedZK7N/sgUzQ+A7ermH
#! 0OzovpvirhHs1byyLMdObh8bzWZJSr+NO98oYD+ZlwjPfsdqhV1lC3gmWWo+
#! hGfYFcI6O5LNplKew5HnAMJzaVroZivhGfB4sVvmOWEhz4VR8zxvK+I+nNL/
#! aEqHPvZGv66RTogAnrdTnlvSuZlq0hwjK5RkX4DbLzOHAs+NlGe4anbbKM8M
#! GVCyhpZQ7ShiN+UTnitoHLw3nTlVw+0dqgCeO8yskvyMyaIRgUZYFGDr2pLC
#! FFO9jclI79NkpNxwZ56t4dofbTBMZjP7p1rAv4HSwHNdzIFXdlhO07RXv6G7
#! xhiQOhPvm3V5vnzhCPA8msPtsXFP1POfTui+R86fdUeaAg5XC4/bSTZCiFED
#! PINOVni2hGkAoa40RubZpDleL4ITbkiVitKjN4N/TpN5/s643onnohixyMHz
#! 4Up+Ko99sV9SeH59Ic/WSG1rBjdTJViyzJkhlOc8DpYAW0oA8gzg7bER/Sww
#! ZCgt+OfCcO2uYnYsm/BspW1eQCefdvA8msspyc9ysmiI+EKXDpaS3nQW53lZ
#! wgnPH1Ceo3zdVHZ/tt6QEexVU0ISApXmXeoCJddp2o/Qlpj67WrorrEuDN/R
#! /ep993DshSePgJsdzoJVmztbx39njPAMi/5he8CBSuE52lUDeY7xJWVEin8G
#! nruRZ2aeZ1uSN/C8tYhHnmGv950xvf+deH6qfZ7n1/p0DQt5bsvgJor4/XV+
#! sNAPZHETDp5BLcClBHJlKpdLo7XhOLiqKEK7p4Qdz2ZBYKN+AO1xppbbPtoM
#! +I1bOG9Hj9+CcHJ/S5R4qV16uZsk12XRDJBYP81+RzJSmst5XU2SBDz3tjet
#! UdWeOGX1uJ2m/Uhs6anfS9hi7nqV2ydvvQQ8D2Wxu0q5M7X8RyMS8nywwX9P
#! Of9i9wKegQfARuF5q5UMHUaeT9SLeeFaa7QIPG8rJjyDErjeI31CeaaiVJsa
#! qJmuMj3WLCHP1xw8764UgOcwuk17FXhOnOcZrhdLFAPb0ieapFjK83geV5we
#! jTyDf66OZ2BbCi/G18EzvLx9pSxoDHic7BDaTzKfPVvLbZnoB6k8kjufLIrh
#! wvYM3YVW6dVeCe4M7xGeEd7j+Sbh5jpSEh7u0tF0xKKvSWAxT0P5Mzr5MbfT
#! tB+JLT31ezkGV4TirvGCXc2nIv/21efjuWT4484S7lQNad+NPJ9pNu2w8a/0
#! yTx/sdEA2z3gGbZIyLM5WLOpgAWeYaEPM2lONoiWcG1+tFiYHj1LeGbc8ny4
#! XQc8g37eWcohz5N57L5aoSVD7pvxSi8pkVbzDE+6u9J4zi7KPOfO85wbKp+n
#! kQkpjmYXoIoP2FjQGA0JTA6NX8PW4HEHz+DeFZ4zabSoN8/3XJN0o08CvLFr
#! NCYjfbi/BpSSzqW2uyojFBNC4PPFj9X1TMPtNO2HYIu1l1ls6vfyTd3Z6d5b
#! 4T04A57HcgjPO0q4k9X8G30i8Pz+qP50W8BsCQ8LK36ITjynBJJBFcAzLscK
#! z7B2F5qj50pknl/qlj5W8xwk8+ynI1kWIMjLokk3j98cJwlCGanEH77cq6tb
#! yDNsuA7XCGcaRcBsg5Ufy+WKKM9NND1jk5WrTyKDiZVxQvUJ2kNlhGdMFoVb
#! 9tm4c3Uyz1MFeoXMPEr75hLDWbv0Zj8JhvpKpI863HijV7o4mOA2eWO8twkL
#! f247MnxcUy7dTtN+COa2vcwSU79XYLhTQHe9CsOLf/yvP6B/3l7MnajmX++R
#! eT7eHAAyWOnM/JNNhGdQv8gzcIg84wAI+NxnS4X8CJIUCjzvtJESbNi4yTxL
#! bngeyGKP1BLJXZXA/Oa4Nzj5vCzSwujlHh1mRHSnswrPR2qE0w2E5/VWHrau
#! wHNFkqkpkfC8uZBvoDzHODZunanM4XIS7K6NlycU7y/jnqjjsbfYWKGvQmaS
#! P3lhm0oMpxrEdwalHCpOsCjg9T7pQGu82+QNbO6htIhxu2NyO037kdjSU79X
#! bE5BmdVz6g48D2ay/RnsXBHh+ZUu8YfrDO+P6S+0e2+0cj/fOs8z+DrgmYw8
#! dvjnqRwGeU4O1MyUCgUOnneX8b3phOfrKp7Be6t5Hsrmnm6VymKYnDDtr48S
#! ntE/v9Sjs7rwfLxOOFlPeS7gR3K4goxE4Bn0Rk2cFi66xmTCszJxtdfMHK0g
#! s5iBZ1A4Bt7rQBn3ZL3M82CBzDNofiVZFB78aptooWOai6MZeGs3+6QTk5Wp
#! 7oLdqDTwr7d0UZ7TNO1HYsuZ+n0vpgRl3GaDPHxZAjyDc+7NICWxx6thUy/8
#! YNrwwZj+XKtp1KIHnrFF0ltDOmuEFidsKjwDJ9iHMJn6Z4DZFsPkZyTuLed7
#! zNQ/90gfLc7zxRbJFk14/tVhb9hUms3mEDLmWLJGOPN8ok6EL+B5nZpnmm60
#! rYi3RpL9IGbKgfWnM8cruWbSYISJ9iE8Hyznzjb5YSnKcIEP3g000lr64k+1
#! +INYOlHD4/PCXtUcpAGep6vjXJM3QGaoe5J/CwIQ98XU7lrZNj6qSq4eM5lY
#! OlPIHavin2sVfkh5hv3gUJ7+q20Ongd11nDCszc934ClGUgGXSrzHEB4Br8K
#! +hl43lMmwANOUP8MPGPCvxPPg4RnsTSaTGb/xWMmhecXu6UCFc/gRRMSEk7U
#! i0drCc/TBfxw9jzPtfHamWLKc6C8MQQ/P5jBHCrjSPIz8OyrCTV6HSrnHnfw
#! 3J0lz4DIcySLXu32hsc/VceXRGEyEjmQfKNfarHGJLgkb6BndtvA2WO3F57y
#! Pao8li11cSAPthVyR6v4Ky3gn/UfjunPNps6c7x/u0Nu+QU8g7sDvaHwDEIa
#! eTYJXsDMnG2e533lRD9PUP380eiiPF9oFkujtFmh2q8OyjyvNWpecOHZnBgN
#! euBIDTkN3mkThmSevYHnungG9p6FkQzojVATCabAqx3OBP1MeY5lYijPj1Vw
#! J9si7XZ7oN6rPkVuW6Qki3486QPifK6Ew8xPTN54q1/qtZfHL+QZVgrkWfnI
#! Hv6H9Y0wp6DMQ6YaeO5JZ7dauSOV/DNN/PenCM8XWqT2LG/wzwZ6uHW+WUKe
#! 8fwZZ7nuKmYVnoHP+kRSiw0876+Y3w9+uAjPgOX5ZhFcYlaI9mf753l+vssN
#! z7BfO1xNeN5hEwazSHOkqkQJeK6PpzHxKMJzGB3FFW7yGs1i9pVgcQpRwqCF
#! Dldwp9opzzqvoli587OSLPr2qM+TTeKOUh7b0RREkAYg7wxIBWnReeEMCAwn
#! 54zmURrLMdegjDKe4MHZsYlK4HkLKbninrbz/zKp/3Bc/2Sz2JLp/dMZo4l2
#! ggWewaFhGjyoVjwK2F0i8wxr9GAO15BEeLZkJB6s5EGTT+ax193xvM8uIs9P
#! NVGe12q+3LeA55RAwvOUhVN4PtMoHqommSRwC/JcnSg1JZET5p02PjGAVJ1g
#! 4MPIe41nM/tLyX4Q9Aa8PJD6Ryq4o12pQCa4a0usCeGsjCWRetgOwPs93yQO
#! Z7OYzB/vr+lIY49W08TChTwrZxqPvNnRN86UoMxDUNSPjVWC3thcwMG6fLGR
#! /3RC/9E4+GdxKFf/xYzcIonyrHXieU8JC6oDeR5SeE5P3F3GD2WB3iA8f+CO
#! Zx+qN560i8WRpFT8iz3zPF/rlJKR5zxuewnhOTcpFHg+WCXzDFcK8mxPZOAS
#! 2+XgGUdfxftpJnOYHVg8GEc6CQDPRyu5Y92EZ9AkCWvlE5s6R2fR74zrn22X
#! gH9sq2iJYJryY6LQaC6oWmncXmUtCFaV3XGekRKUcUq9vr/HIJcPjAPPpISw
#! grvQyH93nPAMzrM71+fWrFFkZZ57zURvqHl+nBaGgKJGnhuTCc+wTO8pJ6cQ
#! 4J9fVPEM677McyNZ8YHnJ+zEP2cGaz7fZeS1Ms/PLeTZKHgVpUefbRT3VxKe
#! 52izXIVncNG7aadfJZ4CCnk6l9lVxNodPBeEa49Vcgf7LEBm5lptpKOTuZ1m
#! iQSZ+Bv9uuc6pG4zaSxG9onh2id2j9+mcwwjfGSeEWY8j/IoDbd2V/OMnIIy
#! QPh9RPrCXsLzxnxSQni+gf94VAc8n2sUO7J9PpwyIM97yoUeFc/gyrwFcl6H
#! PCf4awayOTvluSQ7CfaD47kOnkeced7r4Plco2CjrQ9enyJj4pHnqx1SEg2C
#! gPyek3mOAZ43FpKJGKRZbiaLJSfAMzjVveWE57RADY7yBIGxPo/dXSwXD66h
#! 6Z3Hq7hDfRb4rfyI+eTnekey6PNduhc6pdFsFpOR4FneuXL0NuUZSVamhMPP
#! sFx6lIarrWye0QOqlLl56QjwDP7wAPDcyH84ovuY6A1pMN/3vUmD5OB5OIvw
#! DAt0aZTc8XhfKR0r70POfoHPphQ2IVhAnqctHOgN4OT9EZ0rz6g3zjUIFTHa
#! jCDNq5N6UOkJCQlkThbwHLCQ54yYx+3iRivheYY2f1Z4bkth9lUI6J9jaDwl
#! WO+10cJuLWCbEslpHuqKE1XcHposCjtWJfkZWxPkRYrwjLBvrU8ghyGYvPH1
#! p68AwMpQKsU8SmMxW/E8IzS3QZkV432D8jyZS0qunmrg3x/WfTxB9Ea/xeft
#! KXkIO/C8wcLiEO15nm2UZ995noFt4Hl/hbChgIMdlivPjyHPErn/4w1CVaw2
#! PUjzygTxz8BbFvDc7sxzZWYY8LyhgPC8rZg0fyY8JxCe21OZAw6eYynP0T5k
#! cMCMlSQ/4/4OeD5ZLSc/t6ayPkaZZ0wWrYxjQEq92kOC3ZiMBDcCz27/UKu8
#! MPDh2DInaq3AnIIyK+5ekpMSDTyP5rD7yrgnG/h3BqRPJgzn7GJPrs+1LtKC
#! Az7i0VzOlef9lGdY6GEXVp3ADudwyPPBSmFrEQ88P98pveeO55gALfB8tp6U
#! SKcHal4e15t0PPJ8xR3PTzSJ6/M55LknnfBcT3nuTGMPUl0NFucv8wzOeV0u
#! 4dlGi63gnqccPE9YeCX5GZNF2zJ0ZxtJch28KZKMRJM3vvv2S65/pdXW7OhR
#! 2TInat2LqU/5VpDyZK8p60tnR7LZvbRE5a1+wvOlNgn0M6zFwTqZ55lCmWdw
#! ZcCzj0BW9lCTBvQz8FwDPOcSnm05wDMPKA5msc93SbfWL9DPh9p0eyjP1fHM
#! qToBqMsM0lwb0ik8X26TMNIHj4A8VxGeJXDLpPlzEd+eoYP9IFDaSHk+RM89
#! AmnJAHpdLIZVigd7aXEKJvOrk5+zaLIoaKrTDeKb/aTTF/wTpbt6HBV2E1qF
#! zY5Wm933+S9uY+hwyx11yJuvvQSodJmZPTbuXD1/o0cEnltSWUuM6Zk2yUQ/
#! /xEHz2DAM1YqbcwnPIPbjKM8jzp4PlTF77QRnq91SLfW6SNM8zwfpDznRDLA
#! 8/EavimZ8Hx1cJ5neMYQo5fCM/zQmB8D/rmH8ozNn5HnhkQGtPThapnnRFqI
#! nUaLYTda5out1uWxZ2pIsijw3GFmFZ4xWXRTseFEvQhLEsrp4ihG3XngtiO3
#! +dvUhPMB2YObZ6R218vZv2DD8421cbtLucfr+Ne7RfNaLeyGOhvKLrSI9vwY
#! 5Hm/jcMWoymBMs+b8tkQhedEdtwi8wyM7SknR9DPdUg/cuK5FXiWgOcq4Lma
#! B0lQEaW9MqDzVnhudc9zdzrhGZvlyjwnkMlosyWyfkiip3zptBh2NIsUW2F+
#! 0XrLfHFKUrAsTsjrofrkWIPxeJ34bJtYQOEvjGLUfcjRVmezo39Cc62UUUyp
#! rVBsz5axcBPJIib58zSF7OuffQ4g9ZbErqHZ9fscPDdYYlA/w84rxEhqlIL1
#! XsDzBOW5PCvmSLVwoFJw5TmN8ry7UapKYaviiH8Gnmtitc/0SchzZoj2Uqvo
#! xHNHQTi8jK50Fjaemwp5e7q3wvNgJomJY+Eh5sLBhbarGJS8roF2h15DiweV
#! 4pRnnjip8IzJokfrCc8nanh8RyBanI41voktCL7d5hqUcTsq8datW3C7urH8
#! r376+dlGcdAm83y0UuZ5DY2XwfctBZRnP5JrlxGinbLwpFrWkgRi47FqwvPV
#! DumzhTzvb5J2N0hVyWxlHHPCwfOlXslbL/P8dKuIaW8Kz51WwnMt8Bmi3WQl
#! PGNz/tp4Bp5C4RmPJkBj7Clhe9JosVWIXGx1ro7D5Gd4dwhzmMkLk0Wf7TIB
#! zzPFHHb6skYyTjx7zjRWrSlBGbdzB1ztl1/e2lkmTFbHqXn28/PDbT6sy8Dz
#! WiPRG7G+GsJzPh9oIljusvFHawTYYF5tlz6bXsDzPspzVy4HPJ+uJSmatXHa
#! i92Sj4Pniy1ueD5nl3neaOUbKc8NlOfhbNKOA3nGdjTgZveVsl0Z5DwZiwdh
#! WXnChWclWfSxWiN2jcZSlHh/DaxNSiXRcsou7hjk9dgDteUHZeDT9xa90BUD
#! S/H0gFfhua2+bDCDMOArEpUCPO8uJ+q0r69vVxl/sk4Enp914XmvXQK90Ul5
#! PlcvAM91cdrzXYRnnNnnyvNQUdC5JrEmnvC8oYBrMM/zTDqV5fMOnsnLq47T
#! HrSR4m7SStFRbHWmyQ95fvfGS8hzdogW44ThfgIADO+0Ol4urXrnnXeUv88d
#! lcZdBXk99kDNKSjjdj6deu4b1s0pPMO6nB9GMpR8JcIzwLanXMCJJMDzmQYR
#! YAOef7iQ51314qF2HfJ8wU54bk5mDtQJ4b4C8FybyF5oJjwbBS+AeZLWYg8D
#! z3axmvKsbpZbHasdy+XWUZ5Fdg02K6hP0D5WxtodxYNYbKUUpyj+uS6BwTg+
#! +uHXX3kJx3eqN4N3bCe7siCvxx6oqduX3TE3FXnG3SJ89JtaSVJEnB+p+wbY
#! 9lXIPO8u44FA4PlKuwg8h6t5rhM/u9gIPMP6/nQT4bklmdlXK4CfRJ7PN4t6
#! bgHPI8XBIOOB54y1WmyWq/A8kct1Z5DzN9HRVaAhQXuknG1IIZ1+QcyHGkmx
#! 1QlHMj9ciXi3qji5EyO+L7hmMe9IeafLURr3GOT12AM1126TrobaA3mGn/tq
#! 8pBn+A48768kPFutVnDUgOUY8Nwm/mBqAc87a8X/vNGMPF9pJTy3pTB7a4S1
#! fgbk+akmmefZhTxbwrWljubPwHMjLe6GO/RkEP0sOXjuMTPHKhzFVj5ysRUW
#! p2DOJ94N1DX8CuxtlbeG22HlT+F04Pzggrweu1u7q8aATkEZrJpR/leZYAgG
#! D7iWGugN5Lkvi4N/Xr16FeQHbKxA8V524XlHjfifbzR35hCen6U8t6cy28t5
#! 5LkmkX1SxTP2fhlV8YzNcpHnqljttIXryyQ8B+jkYti+dOZEJdeUBP9LigeT
#! AzSPVXBHaDK/mudqmnqnrmxVm2th4EMI8npsObbixoB3bF8GYKtrN4AWUNTA
#! 89dff43z0ZDn70/pE2nkAgSqjvPaXi3+9w/agOfSKO1lynNHKjNX5uA5gX3S
#! 7szzRpvfGdqspjSambJwZelyc1HgGdx1LW0+g4cbYAMZzIEKPW01w8CNwPNh
#! R3EKTtPGuxWEa53igLcd6XPYJnSZfyUPzw/Z7rExIGYvuAZlnHb9ylMA0kAy
#! IA2XALjooWxuh41H/4zMz1UL//0Z4RlIfqaZ8NyZxszZ+BB/5Jl5QsVzVzqJ
#! sAPPp+rFvDBtSTSjNMu1U72xoYCrSyTFg5gEKDCkGPZQpR6LB3ULi1PwYBmW
#! GHiio7Nji73fuwpte3h+yHa/GgM6BWWW+NBBP4PkAKThu53aGsc4BvDbc1XC
#! //0gB3gui5F57jYzExZO4fkc5TnMpFF43lTmd7JOTArQ2JNZbC6q8LzRytVT
#! nvGIj9OuGc1idtt0VG/MF6dgMr8SKIEnykyKdvviPS0IVrnd98aA6koZt0ij
#! AwThAfR+TU05B4NbZisJzx1UPyPPsIMbt3Ch/kb4reoE5vFGB8/FMs+WKLEq
#! ngkxkvEo4wt53lzI5av654OkGc9mZop1Tapiq+M0mR+nxOJrWEw5L93syGOr
#! wR5QY8DFgjL4AyY4AcNANfhn+K7w3JnF/Z9XA9U896YzY3kOnuOZs7QaS+aZ
#! psNhwA68K9wOiMKjJYYYCc9x2i2FfEEE8c9IqZH3msxh5kp0SrFVLS1OweRn
#! ZFi9pXUyT2Hg6rcH3RhQHZRxXawxFqMkOAHVwHN/kaDwXByl7c9gh7PZ0AAj
#! gEqS/BsW8OyU7abEdyR2DewosdkX8IzhP+B5OpfZUaqzq4qtlOKUxbLxf0bN
#! ozS+QfagGwM6uWsnLwcEwv/CdwAsxKQJMmqi/TUyz5HagUy2PZXBTKeBbO6M
#! imcS0XYp4lMeMzkuKiVQi2n86J/lYtgS1q4qtjpVLSfzL8Gzp9mRx9ya26CM
okuV0Ln6hK06Tm5TA/81kMWdrl8Wz7cdqgZDPDhuPogWw24p0inFVurilCWq
#! pTxKw2NLmGtho6vHRhGLqhj2jCgY+rO4U/UC8gxiY2me0eDqAL2BjxOsJ8Ww
#! WynPSrEVFqeA819MNnuaHXlsmXbHoAwmTuC2EawqnsEmcjnUlgjhKYZ9jFBv
#! YDHseIE38Iz1JuriFHVVoGKeFgQeu1tbrNukIkhQhyhBRjD4AT22WwjVBve0
#! pEbDRQH3L0oNnbHSZH5H8SAWpyzxUB6l4bEVmzoos3RYGbXxYgpBbaifMSi5
#! Z6J5rpDd1pYnsmswyL4xn1WKU9S/pYS2PUrDY8uxpas27hiUWb5h7AYDN3sn
#! m3cUsT9+9xpcNTipTV2c4vSLeKxxL0/tsX8SW2bVxmJBmbsiHDU28rx/smVX
#! MfvFu9fgZyy2wuIUTOZ3+kVPYaDHlmMrqNpQto1ugzJLm5rnudHm4gjNzz/7
#! GH5OdhSnnGiVk5/Vv+VpQeCxZdqKqzaWDsosZniIDZIDfgUPSfAAPEDnhZOA
#! lGR+5Vc8zY48dld2j1mUboMy/5ua651xMwh3/lpl8OtwO/Ac6U3aPJaVlSkN
#! nOFBPErDY3dl9yUr2CkosxiEWESAkgMwvnr16jQ19Nt4joeH2LgJxVSTe3xt
#! Hvunsvub5b50UEbJ5VNKBg5TUxL41SVjnmZHHluBPYiqjcWCMgqcTuESLLAC
#! pNV9GDxKw2OrzZzc9WKIYukrIK3wvHpmTHvMY66m6GG3QRlw10Dv9773PaxS
#! 9ygNj30jbIn2ZejDEfilmx3dvHnz9OnTTz755O9+97uH8qo95rE7mKJDlBFg
#! iLeSLrLYL4Jvv3btGvzwpz/96dSpUw/xJXvMY3cw1/Zld+yu/5e//OXPf/4z
#! /PC3v/1t586dD/HFesxjyzV1UEZ9yrdY566///3vFy5c+OKLLx7Fi/WYx5Zl
#! rlFFt527/vrXv545c0Zp7OAxj31zDWA+ceKE51zaY98Ou3nz5uzs7FGH/eMf
#! /3jUr8hjHvOcuXns22OeMzePfZvMc+bmsW+fec7cPPatMc+Zm8e+NeY5c/PY
#! t8k8Z24e85jHPOYxj3nMYx7zmMc85rF/Kvv/iSt/Vg==
#! "], {{0, 202}, {240, 0}}, {0, 255},
#! ColorFunction->RGBColor],
#! BoxForm`ImageTag["Byte", ColorSpace -> "RGB", Interleaving -> True],
#! Selectable->False],
#! BaseStyle->"ImageGraphics",
#! ImageSize->Automatic,
#! ImageSizeRaw->{240, 202},
#! PlotRange->{{0, 240}, {0, 202}}]\)
#! TextForm[ColonForm[MessageName[SeriesData, sdatv], StringForm[First argument `1` is not a valid variable., Short[HoldForm[a^(-1)], 3]]]]
#! TextForm[ColonForm[MessageName[General, stop], StringForm[Further output of `1` will be suppressed during this calculation., Short[HoldForm[MessageName[SeriesData, sdatv]], 3]]]]
not ok  Series[LogGamma[a],{a,ComplexInfinity,2}]    ==>     Floor[(\[Pi]+Arg[a])/(2 \[Pi])] (2 I \[Pi] a-I \[Pi]+O[1/a]^3)+((-1-Log[1/a]) a+1/2 (Log[1/a]+Log[2 \[Pi]])+1/(12 a)+O[1/a]^3)
ok  1/0//Quiet    ==>     ComplexInfinity
#! TextForm[ColonForm[MessageName[Power, infy], StringForm[Infinite expression `1` encountered., Short[HoldForm[0^(-1)], 3]]]]
ok  1/0    ==>     ComplexInfinity
#! TextForm[ColonForm[MessageName[Simplify, infd], StringForm[Expression `1` simplified to `2`., Short[HoldForm[(-1 - 2*E - E^2 + (1 + E)^2)^(-1)], 3], Short[HoldForm[ComplexInfinity], 3]]]]
ok  Simplify[1/((E+1)^2 - (E^2+2E+1))]    ==>     ComplexInfinity
#! TextForm[ColonForm[MessageName[FullSimplify, infd], StringForm[Expression `1` simplified to `2`., Short[HoldForm[(-Sqrt[2 - Sqrt[2 + Sqrt[2]]]/2 + Sin[Pi/16])^(-1)], 3], Short[HoldForm[ComplexInfinity], 3]]]]
ok  FullSimplify[1/(Sin[Pi/16]-Sqrt[2-Sqrt[2+Sqrt[2]]]/2)]    ==>     ComplexInfinity
ok  {Re[ComplexInfinity], Im[ComplexInfinity]}    ==>     {Indeterminate,Indeterminate}
#! TextForm[ColonForm[MessageName[Arg, indet], StringForm[Indeterminate expression `1` encountered., Short[HoldForm[Arg[ComplexInfinity]], 3]]]]
ok  {Abs[ComplexInfinity], Arg[ComplexInfinity]}    ==>     {\[Infinity],Interval[{-\[Pi],\[Pi]}]}
ok  NumberQ[ComplexInfinity]    ==>     False
ok  Limit[Exp[-(-2+2I)/x],x->0]    ==>     ComplexInfinity
ok  D[ComplexInfinity,{z, 2}]    ==>     0
ok  NumericQ[ComplexInfinity]    ==>     False
ok  Precision[ComplexInfinity]    ==>     \[Infinity]
not ok  FullForm[ComplexInfinity]     ==>     DirectedInfinity[]
#! TextForm[ColonForm[MessageName[DSolve, bvnr], StringForm[For some branches of the general solution, the given boundary conditions do not restrict the existing freedom in the general solution.]]]
#! TextForm[ColonForm[MessageName[DSolve, bvsing], StringForm[Unable to resolve some of the arbitrary constants in the general solution using the given boundary conditions. It is possible that some of the conditions have been specified at a singular point for the equation.]]]
ok  DSolve[{z'[x]==-2x z[x]^2,z[ComplexInfinity]==0},z[x],x]    ==>     {{z[x]->1/(x^2-C[1])}}
#! TextForm[ColonForm[MessageName[Infinity, indet], StringForm[Indeterminate expression `1` encountered., Short[HoldForm[E^ComplexInfinity], 3]]]]
#! TextForm[ColonForm[MessageName[Infinity, indet], StringForm[Indeterminate expression `1` encountered., Short[HoldForm[E^ComplexInfinity], 3]]]]
#! TextForm[ColonForm[MessageName[General, stop], StringForm[Further output of `1` will be suppressed during this calculation., Short[HoldForm[MessageName[Infinity, indet]], 3]]]]
not ok  HoldForm[#1[ComplexInfinity]]==#1[ComplexInfinity]&/@{Exp, Log, Sinc, Sin, Cos, Tan, Cot, Sec, Csc,
         ArcSin, ArcCos, ArcTan, ArcCot,ArcSec, ArcCsc,
         Sinh, Cosh, Tanh, Coth, Sech, Csch,
         ArcSinh, ArcCosh, ArcTanh, ArcCoth,ArcSech, ArcCsch}//Column    ==>     Exp[ComplexInfinity]==Indeterminate
#! Log[ComplexInfinity]==\[Infinity]
#! Sinc[ComplexInfinity]==Indeterminate
#! Sin[ComplexInfinity]==Indeterminate
#! Cos[ComplexInfinity]==Indeterminate
#! Tan[ComplexInfinity]==Indeterminate
#! Cot[ComplexInfinity]==Indeterminate
#! Sec[ComplexInfinity]==Indeterminate
#! Csc[ComplexInfinity]==Indeterminate
#! ArcSin[ComplexInfinity]==ComplexInfinity
#! ArcCos[ComplexInfinity]==ComplexInfinity
#! ArcTan[ComplexInfinity]==Indeterminate
#! ArcCot[ComplexInfinity]==0
#! ArcSec[ComplexInfinity]==\[Pi]/2
#! ArcCsc[ComplexInfinity]==0
#! Sinh[ComplexInfinity]==Indeterminate
#! Cosh[ComplexInfinity]==Indeterminate
#! Tanh[ComplexInfinity]==Indeterminate
#! Coth[ComplexInfinity]==Indeterminate
#! Sech[ComplexInfinity]==Indeterminate
#! Csch[ComplexInfinity]==Indeterminate
#! ArcSinh[ComplexInfinity]==ComplexInfinity
#! ArcCosh[ComplexInfinity]==\[Infinity]
#! ArcTanh[ComplexInfinity]==Indeterminate
#! ArcCoth[ComplexInfinity]==0
#! ArcSech[ComplexInfinity]==Indeterminate
#! ArcCsch[ComplexInfinity]==0
