#! DOCKER > wolfram -script ./export_tests_from_docs.m build_docs/ReferencePages/Symbols/End.nb output/Tests/End_Tests.m
# GENERATING TESTS FROM: build_docs/ReferencePages/Symbols/End.nb
# WRITING OUTPUT TO:     output/Tests/End_Tests.m
#! TextForm[ColonForm[MessageName[Syntax, sntxi], StringForm[Incomplete expression; more input is needed `4`., Short[HoldForm[], 3], Short[HoldForm[], 3], Short[HoldForm[], 3], Short[HoldForm[], 3]]]]
#! TextForm[ColonForm[MessageName[ToExpression, sntx], StringForm[Invalid syntax in or before "`1`"`4`., Short[HoldForm[\!\(StandardForm\`Global`\)
#!                            ^], 3], Short[HoldForm[], 3], Short[HoldForm[], 3], Short[HoldForm[
#! ], 3]]]]
#! TextForm[ColonForm[MessageName[Syntax, sntxi], StringForm[Incomplete expression; more input is needed `4`., Short[HoldForm[], 3], Short[HoldForm[], 3], Short[HoldForm[], 3], Short[HoldForm[], 3]]]]
#! TextForm[ColonForm[MessageName[ToExpression, sntx], StringForm[Invalid syntax in or before "`1`"`4`., Short[HoldForm[\!\(StandardForm\`Global`\)
#!                            ^], 3], Short[HoldForm[], 3], Short[HoldForm[], 3], Short[HoldForm[
#! ], 3]]]]
not ok  originalcontext = Context[]    ==>     Global`
#! TextForm[ColonForm[MessageName[Syntax, sntxi], StringForm[Incomplete expression; more input is needed `4`., Short[HoldForm[], 3], Short[HoldForm[], 3], Short[HoldForm[], 3], Short[HoldForm[], 3]]]]
#! TextForm[ColonForm[MessageName[ToExpression, sntx], StringForm[Invalid syntax in or before "`1`"`4`., Short[HoldForm[\!\(StandardForm\`MyContext`\)
#!                               ^], 3], Short[HoldForm[], 3], Short[HoldForm[], 3], Short[HoldForm[
#! ], 3]]]]
#! TextForm[ColonForm[MessageName[General, stop], StringForm[Further output of `1` will be suppressed during this calculation., Short[HoldForm[MessageName[ToExpression, sntx]], 3]]]]
#! TextForm[ColonForm[MessageName[Syntax, sntxi], StringForm[Incomplete expression; more input is needed `4`., Short[HoldForm[], 3], Short[HoldForm[], 3], Short[HoldForm[], 3], Short[HoldForm[], 3]]]]
not ok  Begin["MyContext`"]    ==>     MyContext`
#! TextForm[ColonForm[MessageName[Syntax, sntxi], StringForm[Incomplete expression; more input is needed `4`., Short[HoldForm[], 3], Short[HoldForm[], 3], Short[HoldForm[], 3], Short[HoldForm[], 3]]]]
#! TextForm[ColonForm[MessageName[Syntax, sntxi], StringForm[Incomplete expression; more input is needed `4`., Short[HoldForm[], 3], Short[HoldForm[], 3], Short[HoldForm[], 3], Short[HoldForm[], 3]]]]
not ok  End[]    ==>     MyContext`
ok  Context[] === originalcontext    ==>     True
