#! DOCKER > wolfram -script ./export_tests_from_docs.m build_docs/ReferencePages/Symbols/FactorInteger.nb output/Tests/FactorInteger_Tests.m
# GENERATING TESTS FROM: build_docs/ReferencePages/Symbols/FactorInteger.nb
# WRITING OUTPUT TO:     output/Tests/FactorInteger_Tests.m
ok  FactorInteger[2434500]    ==>     {{2,2},{3,2},{5,3},{541,1}}
ok  FactorInteger[10^100+1]    ==>     {{73,1},{137,1},{401,1},{1201,1},{1601,1},{1676321,1},{5964848081,1},{129694419029057750551385771184564274499075700947656757821537291527196801,1}}
ok  FactorInteger[{123,1234,12345,123456}]    ==>     {{{3,1},{41,1}},{{2,1},{617,1}},{{3,1},{5,1},{823,1}},{{2,6},{3,1},{643,1}}}
ok  FactorInteger[3/8]    ==>     {{2,-3},{3,1}}
ok  FactorInteger[2345354/2424245]    ==>     {{2,1},{5,-1},{11,1},{17,1},{311,-1},{1559,-1},{6271,1}}
ok  FactorInteger[5,GaussianIntegers->True]    ==>     {{-I,1},{1+2 I,1},{2+I,1}}
#! TextForm[ColonForm[MessageName[Thread, tdlen], StringForm[Objects of unequal length in `1` cannot be combined., Short[HoldForm[{{5, 1}}*{{17, 1}}*{{257, 1}}*{{65537, 1}}*{{641, 1}, {6700417, 1}}*{{274177, 1}, {67280421310721, 1}}*{{59649589127497217, 1}, {5704689200685129054721, 1}}], 3]]]]
not ok  Table[FactorInteger[2^2^n+1],{n,7}]//Column    ==>     {{5,1}}
#! {{17,1}}
#! {{257,1}}
#! {{65537,1}}
#! {{641,1},{6700417,1}}
#! {{274177,1},{67280421310721,1}}
#! {{59649589127497217,1},{5704689200685129054721,1}}
ok  FactorInteger[20!]    ==>     {{2,18},{3,8},{5,4},{7,2},{11,1},{13,1},{17,1},{19,1}}
#! TextForm[ColonForm[MessageName[$IterationLimit, itlim], StringForm[Iteration limit of `1` exceeded., Short[HoldForm[4096], 3]]]]
not ok  CenterDot@@(Superscript@@@%)    ==>     2^18\[CenterDot]3^8\[CenterDot]5^4\[CenterDot]7^2\[CenterDot]11^1\[CenterDot]13^1\[CenterDot]17^1\[CenterDot]19^1
ok  FactorInteger[20!]    ==>     {{2,18},{3,8},{5,4},{7,2},{11,1},{13,1},{17,1},{19,1}}
#! TextForm[ColonForm[MessageName[$IterationLimit, itlim], StringForm[Iteration limit of `1` exceeded., Short[HoldForm[4096], 3]]]]
not ok  Cases[%,{p_,1}->p]    ==>     {11,13,17,19}
ok  Select[Range[100],Length[FactorInteger[#]]==1&]    ==>     {1,2,3,4,5,7,8,9,11,13,16,17,19,23,25,27,29,31,32,37,41,43,47,49,53,59,61,64,67,71,73,79,81,83,89,97}
#! TextForm[ColonForm[MessageName[Syntax, sntxi], StringForm[Incomplete expression; more input is needed `4`., Short[HoldForm[], 3], Short[HoldForm[], 3], Short[HoldForm[], 3], Short[HoldForm[], 3]]]]
#! TextForm[ColonForm[MessageName[ToExpression, sntx], StringForm[Invalid syntax in or before "`1`"`4`., Short[HoldForm[PlotRangeClipping->True]\)\)
#!                             ^], 3], Short[HoldForm[], 3], Short[HoldForm[], 3], Short[HoldForm[
#! ], 3]]]]
#! TextForm[ColonForm[MessageName[Syntax, sntxi], StringForm[Incomplete expression; more input is needed `4`., Short[HoldForm[], 3], Short[HoldForm[], 3], Short[HoldForm[], 3], Short[HoldForm[], 3]]]]
#! TextForm[ColonForm[MessageName[ToExpression, sntx], StringForm[Invalid syntax in or before "`1`"`4`., Short[HoldForm[PlotRangeClipping->True]\)\)
#!                             ^], 3], Short[HoldForm[], 3], Short[HoldForm[], 3], Short[HoldForm[
#! ], 3]]]]
not ok  ListPlot[Table[Length[FactorInteger[n]],{n,100}]]    ==>     \!\(\*
#! GraphicsBox[
#! {Hue[0.67, 0.6, 0.6], PointBox[CompressedData["
#! 1:eJxd0clKQ0EQheGDK5cuXLhwoSIiIuI8a9ohGqcYr4nDVnTtK9Sj9SP5CCre
#! I9QfCJePv6r7ksy+fTYfY5Lef76/z7/PVyc/VbLH4Ql4Ep4q+Zxp9Bl4Dp7H
#! /gL6IvoS+jL6CryK+TV4HfMb6JvoW/A2vIP9XfQ99H30A/RD9CP049b+3zro
#! JTtsn3eSHbBO0W2ff4YO6xzd9n43v3900S+wD+sS3fZ+D72HfoUO6xrd9v4N
#! OqxbdFh36LbP77f279NHv8c+rEGeLwPM2+35FfN6yPMFDtv7tvcb7De5B3qF
#! 9Yh9OGzfb/v+IfaHuQd6Rdcon19GeT7gCusJ99u+3/b7Y17P2IcDrrBesG/7
#! fvQK6/Xf3+iuhoY=
#! "]]},
#! AspectRatio->0.6180339887498948,
#! Axes->True,
#! AxesOrigin->{0, Automatic},
#! ImageMargins->0.,
#! PlotRange->Automatic,
#! PlotRangeClipping->True]\)
ok  Table[Max[Last/@FactorInteger[n]],{n,2,100}]    ==>     {1,1,2,1,1,1,3,2,1,1,2,1,1,1,4,1,2,1,2,1,1,1,3,2,1,3,2,1,1,1,5,1,1,1,2,1,1,1,3,1,1,1,2,2,1,1,4,2,2,1,2,1,3,1,3,1,1,1,2,1,1,2,6,1,1,1,2,1,1,1,3,1,1,2,2,1,1,1,4,4,1,1,2,1,1,1,3,1,2,1,2,1,1,1,5,1,2,2,2}
#! TextForm[ColonForm[MessageName[Syntax, sntxi], StringForm[Incomplete expression; more input is needed `4`., Short[HoldForm[], 3], Short[HoldForm[], 3], Short[HoldForm[], 3], Short[HoldForm[], 3]]]]
#! TextForm[ColonForm[MessageName[ToExpression, sntx], StringForm[Invalid syntax in or before "`1`"`4`., Short[HoldForm[PlotRangeClipping->True]\)\)
#!                             ^], 3], Short[HoldForm[], 3], Short[HoldForm[], 3], Short[HoldForm[
#! ], 3]]]]
#! TextForm[ColonForm[MessageName[General, stop], StringForm[Further output of `1` will be suppressed during this calculation., Short[HoldForm[MessageName[ToExpression, sntx]], 3]]]]
#! TextForm[ColonForm[MessageName[Syntax, sntxi], StringForm[Incomplete expression; more input is needed `4`., Short[HoldForm[], 3], Short[HoldForm[], 3], Short[HoldForm[], 3], Short[HoldForm[], 3]]]]
not ok  ListPlot[Table[Length[FactorInteger[n,GaussianIntegers->True]],{n,100}]]    ==>     \!\(\*
#! GraphicsBox[
#! {Hue[0.67, 0.6, 0.6], PointBox[CompressedData["
#! 1:eJxdkssuREEURU+MDA0MDAwQERER7zddXq1pz9ZeU2HsF+rT6pN8AqKWpFYn
#! N5WVffbep+7t6bfPwcdIRLz/PL/n3++r056R2nM0tfqY9HHNTYgn5Z+Sf0b6
#! bGp75qTPK39BvCheUt6y8lY0vype0/y68jZ0n035t+Tflr4j3lX+nvz7mj8Q
#! H9aT79KRP7X7ZnEctf1ZHMdtXxbHiXQY/6l0cZypH2b/rvzddj7OpcP4e5W5
#! f0/6hfrFcSkdZv+++vvtfFxJh3n/18qH2e+mcv2+Gab/Vvkw+XctJ5g8uPYX
#! mP77Vk8w7xOueQXGP2j3S+IM0y+OB/lh+mH6YfqH2n/Y6ll6kR6P8sO8P7ju
#! VzQfT9pfnGH2h/E/yw9zf+kFxv8ivziLC8z/5/Vf/wapvHmT
#! "]]},
#! AspectRatio->0.6180339887498948,
#! Axes->True,
#! AxesOrigin->{0, Automatic},
#! PlotRange->Automatic,
#! PlotRangeClipping->True]\)
not ok  Table[Timing[FactorInteger[2^n-1];n],{n,50,300,50}]    ==>     {{4.41314*10^-15,50},{4.41314*10^-15,100},{0.031,150},{0.016,200},{0.656,250},{0.031,300}}
