#! DOCKER > wolfram -script ./export_tests_from_docs.m build_docs/ReferencePages/Symbols/FoldList.nb output/Tests/FoldList_Tests.m
# GENERATING TESTS FROM: build_docs/ReferencePages/Symbols/FoldList.nb
# WRITING OUTPUT TO:     output/Tests/FoldList_Tests.m
ok  FoldList[f,x,{a,b,c,d}]    ==>     {x,f[x,a],f[f[x,a],b],f[f[f[x,a],b],c],f[f[f[f[x,a],b],c],d]}
ok  FoldList[Plus,0,{a,b,c,d}]    ==>     {0,a,a+b,a+b+c,a+b+c+d}
ok  FoldList[#1^#2&,x,{a,b,c,d}]    ==>     {x,x^a,(x^a)^b,((x^a)^b)^c,(((x^a)^b)^c)^d}
ok  FoldList[f,x,p[a,b,c,d]]    ==>     p[x,f[x,a],f[f[x,a],b],f[f[f[x,a],b],c],f[f[f[f[x,a],b],c],d]]
ok  FoldList[g[#2,#1]&,x,{a,b,c,d}]    ==>     {x,g[a,x],g[b,g[a,x]],g[c,g[b,g[a,x]]],g[d,g[c,g[b,g[a,x]]]]}
ok  FoldList[Times,1,Range[10]]    ==>     {1,1,2,6,24,120,720,5040,40320,362880,3628800}
ok  FoldList[Times,1,Array[Prime,10]]    ==>     {1,2,6,30,210,2310,30030,510510,9699690,223092870,6469693230}
ok  FoldList[Plus,0,{a,b,c,d}]    ==>     {0,a,a+b,a+b+c,a+b+c+d}
ok  FoldList[1/(#2+#1)&,x,Reverse[{a,b,c}]]    ==>     {x,1/(c+x),1/(b+1/(c+x)),1/(a+1/(b+1/(c+x)))}
ok  FoldList[x #1+#2&,0,{a,b,c,d}]    ==>     {0,a,b+a x,c+x (b+a x),d+x (c+x (b+a x))}
ok  FoldList[10#1+#2&,0,{4,5,1,6,7,8}]    ==>     {0,4,45,451,4516,45167,451678}
ok  FoldList[#2-#1&,0,{a,b,c,d,e}]    ==>     {0,a,-a+b,a-b+c,-a+b-c+d,a-b+c-d+e}
not ok  FoldList[Plus,0,Table[(-1)^RandomInteger[],{20}]]    ==>     {0,1,2,3,2,1,0,1,2,1,2,3,4,5,6,7,6,5,6,7,6}
ok  FoldList[Max,0,{1,3,1,2,4,1,5,3,6,2,8,11}]    ==>     {0,1,3,3,3,4,4,5,5,6,6,8,11}
#! TextForm[ColonForm[MessageName[$IterationLimit, itlim], StringForm[Iteration limit of `1` exceeded., Short[HoldForm[4096], 3]]]]
not ok  DeleteDuplicates[%]    ==>     {0,1,3,4,5,6,8,11}
ok  FoldList[#1[[#2]]&,(a+b)(x^2+y^2),{2,1,1}]    ==>     {(a+b) (x^2+y^2),x^2+y^2,x^2,x}
ok  FoldList[Part,(a+b)(x^2+y^2),{2,1,1}]    ==>     {(a+b) (x^2+y^2),x^2+y^2,x^2,x}
ok  FoldList[Append,{x},{a,b,c,d}]    ==>     {{x},{x,a},{x,a,b},{x,a,b,c},{x,a,b,c,d}}
ok  FoldList[List,x,{a,b,c,d}]    ==>     {x,{x,a},{{x,a},b},{{{x,a},b},c},{{{{x,a},b},c},d}}
ok  FoldList[{#2,#1}&,x,{a,b,c,d}]    ==>     {x,{a,x},{b,{a,x}},{c,{b,{a,x}}},{d,{c,{b,{a,x}}}}}
ok  FoldList[#2[#1]&,x,{a,b,c,d}]    ==>     {x,a[x],b[a[x]],c[b[a[x]]],d[c[b[a[x]]]]}
ok  With[{m=x,t=85},FoldList[#1^2 m^#2&,1,IntegerDigits[t,2]]]    ==>     {1,x,x^2,x^5,x^10,x^21,x^42,x^85}
ok  With[{m=3,t=85},FoldList[#1^2 m^#2&,1,IntegerDigits[t,2]]]    ==>     {1,3,9,243,59049,10460353203,109418989131512359209,35917545547686059365808220080151141317043}
ok  Length[FoldList[f,x,Range[10]]]    ==>     11
ok  Rest[FoldList[Plus,0,{a,b,c,d,e}]]    ==>     {a,a+b,a+b+c,a+b+c+d,a+b+c+d+e}
ok  FoldList[f,x,{}]    ==>     {x}
ok  FoldList[f,x,{a,b,c}]    ==>     {x,f[x,a],f[f[x,a],b],f[f[f[x,a],b],c]}
ok  Fold[f,x,{a,b,c}]    ==>     f[f[f[x,a],b],c]
ok  FoldList[f[#1]&,x,Range[5]]    ==>     {x,f[x],f[f[x]],f[f[f[x]]],f[f[f[f[x]]]],f[f[f[f[f[x]]]]]}
ok  NestList[f,x,5]    ==>     {x,f[x],f[f[x]],f[f[f[x]]],f[f[f[f[x]]]],f[f[f[f[f[x]]]]]}
ok  Rest[FoldList[Plus,0,{a,b,c,d}]]    ==>     {a,a+b,a+b+c,a+b+c+d}
ok  Accumulate[{a,b,c,d}]    ==>     {a,a+b,a+b+c,a+b+c+d}
not ok  makeChange[1.63]    ==>     {6,1,0,3}
