#! DOCKER > wolfram -script ./export_tests_from_docs.m build_docs/ReferencePages/Symbols/Max.nb output/Tests/Max_Tests.m
# GENERATING TESTS FROM: build_docs/ReferencePages/Symbols/Max.nb
# WRITING OUTPUT TO:     output/Tests/Max_Tests.m
#! TextForm[ColonForm[MessageName[StringJoin, string], StringForm[String expected at position `1` in `2`., Short[HoldForm[1], 3], Short[HoldForm[StringJoin[inNew, ; , inOld]], 3]]]]
#! TextForm[ColonForm[MessageName[StringJoin, string], StringForm[String expected at position `1` in `2`., Short[HoldForm[3], 3], Short[HoldForm[StringJoin[inNew, ; , inOld]], 3]]]]
#! TextForm[ColonForm[MessageName[$IterationLimit, itlim], StringForm[Iteration limit of `1` exceeded., Short[HoldForm[4096], 3]]]]
ok  Max[9,2]    ==>     9
#! TextForm[ColonForm[MessageName[$IterationLimit, itlim], StringForm[Iteration limit of `1` exceeded., Short[HoldForm[4096], 3]]]]
ok  Max[{4,1,7,2}]    ==>     7
#! TextForm[ColonForm[MessageName[$IterationLimit, itlim], StringForm[Iteration limit of `1` exceeded., Short[HoldForm[4096], 3]]]]
#! TextForm[ColonForm[MessageName[General, stop], StringForm[Further output of `1` will be suppressed during this calculation., Short[HoldForm[MessageName[$IterationLimit, itlim]], 3]]]]
ok  Max[{Pi,E,Sqrt[2]}]    ==>     \[Pi]
ok  Max[{3,4,1},{2,2},7]    ==>     7
#! TextForm[ColonForm[MessageName[$RecursionLimit, reclim], StringForm[Recursion depth of `1` exceeded., Short[HoldForm[1024], 3]]]]
not ok  mat={{-1,0,1,2},{0,2,4,6},{-3,-2,-1,0}};; Max[mat]    ==>     6
#! TextForm[ColonForm[MessageName[$RecursionLimit, reclim], StringForm[Recursion depth of `1` exceeded., Short[HoldForm[1024], 3]]]]
not ok  Max/@mat    ==>     {2,6,0}
#! TextForm[ColonForm[MessageName[$RecursionLimit, reclim], StringForm[Recursion depth of `1` exceeded., Short[HoldForm[1024], 3]]]]
#! TextForm[ColonForm[MessageName[General, stop], StringForm[Further output of `1` will be suppressed during this calculation., Short[HoldForm[MessageName[$RecursionLimit, reclim]], 3]]]]
not ok  Max/@Transpose[mat]    ==>     {0,2,4,6}
ok  Max[x,y,Max[x,z]]    ==>     Max[x,y,z]
ok  Simplify[Max[1-x,x,1+x]]    ==>     Max[1-x,1+x]
not ok  Integrate[Max[Sin[x],Cos[x]],{x,0,Pi}]    ==>     1+Sqrt[2]
#! TextForm[ColonForm[MessageName[Piecewise, pairs], StringForm[The first argument `1` of Piecewise is not a list of pairs., Short[HoldForm[-1], 3]]]]
not ok  Integrate[Exp[Max[x,a-x]],{x,0,1}]    ==>     \[Piecewise]-1+E	a<=0
#! (-1+E) E^(-1+a)	a>=2
#! E-2 E^(a/2)+E^a	True
#! TextForm[ColonForm[MessageName[Syntax, sntxi], StringForm[Incomplete expression; more input is needed `4`., Short[HoldForm[], 3], Short[HoldForm[], 3], Short[HoldForm[], 3], Short[HoldForm[], 3]]]]
#! TextForm[ColonForm[MessageName[ToExpression, sntx], StringForm[Invalid syntax in or before "`1`"`4`., Short[HoldForm[PlotRange->{{0, 240}, {0, 138}}]\)\)
#!                                     ^], 3], Short[HoldForm[], 3], Short[HoldForm[], 3], Short[HoldForm[
#! ], 3]]]]
not ok  Plot[Max[Sin[x],Cos[x]],{x,0,2Pi},PlotRange->All]    ==>     \!\(\*
#! GraphicsBox[
#! TagBox[RasterBox[CompressedData["
#! 1:eJztnftbGle3x/uc8/5w/o3zp5zzJ7zn95rbO03eNORt2pDmJPSpijFGTUMT
#! JWnIjVxoLuRCKqh4QcULUWIwEZUYVFQUI9HRUUcd4F0zExUVcYC5sz9P24cC
#! zqwZvrP32muvvfZ/Hzr5d+w/vvnmmx//C/7z94Nn/ufUqYNn/+9v8D//e/an
#! fxz6T3hxCf6dh3/p1wk+wDCMl+MgEHIA6RmhJpCeETKHCNgwjQXf/mbIbcIY
#! TO5Q8vtIzwg5E/ZaaNVqrUTyu7hXi2ncYZIMuzWY1pf0GdIzQr6Q/nKtwWbR
#! Q/ucrGfCb8Yw9h3SqsHMvq3GG+kZIXOooGVDvV8BPWuNXva1z6QzIT0jpCYe
#! j3P8JhHYpWefWWP0sK+9Ru2mnt8OTmMblN33PG0cHBiNxmJcT8Q75BrVMzBl
#! tn8outV+sNj+bWEN/HPkQu3pq82//dn9l3s4NI3vfxSE/AD1Do/PvXAF9Hc6
#! DhTb2R+3qWeMy98S/i09k0QUJ6hExIVh+gBJt916DLOHSPabIA9Q8o0X7y6a
#! u05UNrD6gRcg7LmFFcEuLgVjU/jNVz6QLmvDT783g4bPVrfcsvVVP3tbfLvj
#! u4t17EfwpvPNCLm6LqZ5iKxZXF591frx1JUm9uc7dqn+aFldyZ3OO6/7Bkej
#! XI5ABqyb/jPtOJv99AtbOdsO663+5C8n+xuRL0t1XSO//NEG5z2sdzys7SeW
#! 13i8tJRMzRKGxz1wxoLCmoqHb9r7JhaWVnd/DR7w0fD8s6ahf/3WCF8+Xu6s
#! 94ysUzGhzUNkDfS2z5uHsFK6jfq5quW1e3jy8yKPx6dIgiCpHW+m9J8DoS/g
#! frCy6eib4NGGZECNz10B6HoOFNmhHYanictfgTvk6Q/D/WHbaujFBDIPkQvv
#! AhG25QHXsW94RrTzphkP9n2c+dFAdxNXn3qXVnhuqKFZPn+D7ghK7nRMzCxk
#! +ueg6oY3o+CEFBTVQCMgoc+P2MHqOnX3r/es49r5flLks6ePb0CXcbfmPevQ
#! jkcyVt1eeAemsdI6cGnAZ+A+zt1NFF8uvdcF5oH/L4JrhNiX2flltpm69tQr
#! yS/CJV4H/fs/LtSCAt/z0XHYOz7B9Z4yNIE/nPvRYvG4tXkIDgjjx5k5Th4L
#! QiA+Tcx9X+EEB7Kxe1QqG9hB4r5fG5vGT15uBFNB27mczlLvB+0V3+5IOejL
#! GrDqkN6hqWzgsRNBZMSHT5+PXKg9VlY/MDIroRnc51Ogcz991QX+ake2TtG9
#! mg8g5t8s3eBiZXeENPQHP8NQGu5ncJKHZh+RETD6A+/x5OWGyRk+IxhZkNH8
#! 4Nwi+XNVS0FhNpJ+UNvPulVUTKggW3By7mhZHfwzhqZdRARaZugcf7jSOMMt
#! QiUomc534wR5psp1oMgOjyT3v3rhCoCYDY97hBMzCzTO4OefqHByjP4hcmQk
#! DDe8FlpmOYg5kVX+RhRf+ddvjeAscezZ3b4JNgQhzvTHwGgUmgvtNReKeAgN
#! NBowADx6sU4+w5bs8pHATYJuHZ7KfafFYXQAo8iz1S28R7DT0PVhko5s3+1E
#! E4jCQaysQaMBbjPHaWtxyDq/7v3wDIwNf73pTjO4g+cXBmjwCH+eW87WwCx5
#! 3TYMkr75yifyefOEWCx+iZlBhqZDalu2wTFel5K6rhG4ouvPe1N+Sq5R54yt
#! 0PVLNSV948U7MK9BulioinnsHIB7+6xpSGpDdpJj/rPplW8vzYDO4SPX29Du
#! j8QBOo5z11sLCmtapLNBlUDX/C2TPJbL3K5A5Khn0Mz5G23QCI9ObQuRgYTk
#! 0N0HQlEwAwbgyyQaG/LDwtLqicqGExVOnCCltiUFua9PmZolQDCnr7o2c5In
#! Py8eKXHAGHB1jf95k0yp6wqCpKutqZ0iRKZUPuqG+ylmylxG8LLeio3I3bL1
#! JZgsUGixD5c45BPDAcPAvLZ341IbonjqPfSIyVLv3/+rEsHX+kFoAOFKe/xT
#! jxvokQJcOC+H5QUYmZ6pcmGldVFc7DCLmghN44f1jl/+aJNzFJQvPRMra8fK
#! 6ullJkU1l+57eDkmjwxPzIFhMISR2hClAgOln6tajlyonZqVOEMjPbnE63bw
#! soWe1D5QbI/ioq495Aib2geukdSGKJInDYPfKiFSxG+9gmrr2+fNsotJssDg
#! 9PTVZuhE5hflODCXM+BpHCy2XzR3SW3I/uRV/Y2BUTp89/sTr9SGKIlYPF5o
#! aocB/nSU2P/bUpNXek5s5GDnuCohr2BjGq/dw1Ibwol80/PK6voPVxq/r3CK
#! mR+lXGAohJXWnjO2Cp3oyxf5pmegdygCDc6D2n6pDVEAV/7sKSisGZ5QTFGI
#! PNQzUPHwzYEiu+SLg2SOd3AaHnyz/YPUhmQAj/E6BTE1S8CAvUx+cXL5sE7F
#! fvq9GRyzZVJJpdXyUMwsfzIZj93+KakNkSk17Z+kTY/MjrzVMzQ7JyobThma
#! hFhsrnRwgvzuYt35G20x+WWEpidv9ZzYSKN62RKQ2hDZcec1ncElbSUNBtJt
#! 0jEesc4V2hb9DmzUF8UwvR/tN8EQj8cLb7UfKXHMzqM8pS1C03hBkSxmnXCf
#! GcNMYTIRdpu2bwlEWDSY2RuKRiPhUDhZ6Pms5wRT36Bg7yVj+clFc9chvUMO
#! BR/8Zo2GqfacoPxaTLO17w8VgFbb4va4XZ4wsc1dzHM9J5h1YSDpsSlUgobG
#! O0DH6B47B6Q2hMZv1hk97OJx3KzReTf0TIVdoFuDxW63GOCFK7IlaaTnmbml
#! g8X28gcodpegYrHTV13yidH5zNoNPUdNmNa75VhQm4XMvUaNzh7c/GBz/xQx
#! 7ZQbDxx0LTK/9MMfiWn2jtGrm9/IZUV8xG3AtDYShoUhO4z7gtTX/VOYHYJM
#! TH2uKO1ho/2ttrOwtIqV1v560y21IVKyuk6dvNz4o6FJTstPcFu5hm1vrX66
#! od7YPwV3GrXs+zqzG40Hd8MuRniTx3l3DqYutwzXO6TaJoWGIrjun5KHkKvr
#! 4Ddqr7mUkkjGL+Aw//NS/dnqFsVNoOwA6XkT8Bu5b4qnMp4zexx4B6elNiRX
#! kJ43YTNwNJUN+TYDzg4fCk3tUhvCA0jPyXT00TPgtZ3B/b+qIh7Wqie8g4J1
#! yYD3eKbKdaLCKYfKTuIQxZcP6R0yLDGRHUjMO+h8T9eOhsG+1IaIBLtXYHBS
#! MStQ0oP0vANoomGYf7zcSeZBEw2N88Fie+WjbqkN4Q2k5914+sPQZNW0q7+J
#! ZjdLVU3jnEB6TkU8Hv9/YyvdRK/KIo1BIFjPufKRqmqgIT2npNs/RRedaFNG
#! 0YnsYEuRfFLO2m0uID2nBJro89dbj12qX1FpEx3FV6BxVl+BShSv2wu2if5L
#! IXWBMsVspxtnBRXW4AgS817EmUDH92qMRau1cU4gPaeFjUXXdY1IbQjP3Heo
#! s3FOID2nJRaPn77afPJyo5xSgnMFJ8jDJeqZENwB0nN6WnvHVZZ0x24IMiCn
#! TV15BOk5PVQs9sMVetWGOvKiiZU1rLSu+HaH1IYIBdLzvjR2j6pmeyx2Gc67
#! QERqQ4QCxev2ZW2d0lQ2nLnmUvraDXJ1/dilet2NNqkNERAkZi44OoPM3uvK
#! Xl3IrhBU9xpJpGcukGvU8XLn+eutUhuSPdDLnIBepsolw023eQTpmSOvWj8q
#! 2vNkRwEyXL7NL0jPHGEiA7X6O4qMDFCx2KkrTafUEqVJA9Izd9gS6ENjyovc
#! spWBoYmW2hDBQXrmztwiqcSE4a1ElDxYt47idRlxh1ltNzatpGKkb5ltfZSy
#! gWCOIDFnROTLUkFRTfWzt1IbkgFFt9q/u1i3TObFfotIz5lSbe0FScuh3DcX
#! 2C2enzQMSm2ISCA9Zwo4G6CQO6/7pDaEExUP3xzWO+YXSakNEQmk5yyAISEM
#! DOdkL5KxKfrRu1vzXmpDxEMEPYvzyIh5IUNjUeE2ZeDxQqqevQXXaGaXa6Sa
#! X4TLSVOawfHNXP5WWcYU3+7ASuuWVtbkYEzKN6ejBIjZaO2VgzFZvMkRDIGQ
#! H1nrmcdHI59ha87IdpJiY+pHPYW8OIL0nDXtffKdRH6s2Kn5HEF6zho2yedH
#! Q1MsJq8MzCW1L6pKA9JzLjjfjEAz2Pl+UmpDtvG6bRis6h1SamprLiA958Iq
#! k+d/Tk55/uDPg1cPvr268/b3Qng9EzYdZvYJlsBDha0bW9SZ3SGhThL1GdiT
#! 6Cyh7bMofOf5M7fLn/3tYvP2wbff4/D+jbuF6az+rM+SnqTbZQ6JO+kkrJ6J
#! kFVHX5bVT+z/5awIO3WYxhKlEnjAxm4hKgAUnAQzexMJ0lUOZ9smA37z/IN2
#! PdwuS7a3Czx58OfBq98rb5/wWzCtJRSNRsLhcFSgH4WwajGdLUA/m1pMaxOq
#! kUkJv9G/HQSs5eUWWzn9AwnVPkcDbneAGcWTXgzT+AT5iahI0B+mj0y6jRqt
#! NbDjY77y/MkQ/UiayrVZd2cdTIEy8Or3+kIQWn+91eNxe/xhoeKMhE+LGQKR
#! sN/rCwRDUULUeKbw/gZp1eTUgXIjYtFiGpNHwHtHBtg+1LrrWuYWycO55/lT
#! QXjwXdFEyKo3+7PppDfLsO9dQJJyG+ChN9iddvpaDG5Bbhfpp7ci1hosFiPd
#! 1/hEjRmK4D9bBNYzGfboaU9NSDFTX4+N++gNpHdfTO55/gG4TZje7rIbdRrQ
#! gi+SsaR7h6b3rcFOkRuHJbwagdwzwg9X4mU6yqjboDH5BDjHnihdz2TISY8E
#! PbSTRlECKZqALsbooUd8Ua8JmpzdTk3uef54yO/1ejxej6Vcozc7Q3jG11K4
#! f97+jgtJ8WDyABWCjsYWpG+Sz6zRmIUadaZEBD3D6EAwPZPO8uQsAJ0w/nOC
#! CDrpPpT2N3TOQOprYfP8p3MeZAUsOnPm40H/yCw0zk8b98nbxwNbF+IOCTVI
#! xwP2r0EUrSko1ElSg+LPnKEIIt3YJiRpnn/Zfc/hEgdOcPFSKAIXYZBGEpyM
#! 4RmkZx6pfNRN5/kvrIh83uDkHDxK9x0fRD6vDBE0XpdvBEJfQFeP6kT1GAHD
#! 456DxfbZ+WWRzytDkJj5pfRe55ELtQtLq6KdcXJmER6imy9FDSPIFqRnfukP
#! fuYyLuORGy/eFRTWhD8vinZGOYP0zDts3GxpRYx6F5EvSweK7NeeekU4lyJA
#! euadd4EINNEvWz6KcK5btj7F1WsSFKRnIdDdaBNhb1kYAMIw8MqfPYKeRVkg
#! PQsBu7dsTfsnQc9yl5lkHwnPC3oWZYHidUIgQknPLwsrSix2KjRIzALRwayW
#! FW5v2QeOfnqP13EV7vGaC0jPAhGLxbXXXCcqG4RooucX1bzHay4gPQsH20TX
#! dgZ5P7Kl3p+f5Qj2BelZOGLx+JkqF+1F75lgnw04QR4pcZTe6+TxmKoB6VlQ
#! uj7QC6DsHXwGOh7U0p7zoEo34M4RpGdBiTGBjuPlTpKnWHQUXzmsR57znqB4
#! ndB4+sPQnP7F0/YlbMx5eAKFNVKDxCw08Xj8nLH1n3xMF36eoycEL1vyrsoi
#! d5CeRYCdLky/UpULN1/54DijUyhbY0+QnkUAmujz11uPldXnknQ3NUscKLJf
#! fZJXqXSk26RjV4a6tq92DNg2F47qk1dbIj2LQ+9QJMd9pozW3oLCmomZBR6t
#! kjlMdQhTmEyE3SZMY0nqlpiiAV6mzlMonCx0pGfRKLnTcaTE8SWr1YXjkQUQ
#! M0iad6vkjH+z3AHl1yYXv6IC0Gpb3B63yxPevrQX6Vk0hsfpVau3bNksAK98
#! 1A0jwdyLIcgZMhoOBoMhBngRJSi/WWf0sGF23KzReTeungq7QLcGi91uMcAL
#! V2RL0rxvYIFIg+FxT0FRzWSGa6PY2hpmu8qXbwftBkyjZdFgGluA8Jm1G3qO
#! mjCtd+tppsgNCXuNGp19K6MAKVlMwp8XYUwHqub+JzCW/OUPN1Zax622hqqI
#! uA2Y1kbSVbDsbPFYkojiBEUELOBXMxWKo7SHnVS+EulZZG6/pldIfRz/wvH7
#! bMlQW5sYq7fkB27bKFdt9dMNtZ8uHwgeNe40ar+WxDK70XhQQuYWVmBUWMKt
#! XvQ6FTtlaDp5uZHfjCZlQRdaSnX1dL2qXR8gPYvP08ZBZn+T6X2/6ej4BN9s
#! 7R0XwSp1gPQsPsvk2vFy55lrrr2q6LMQy2vHyurPGVtjebkTSnYgPUtCA7PL
#! SW1XulR/Ni+07+OMaFapAKRnSYjF6Fr6Ry/W7VUZbHKGjoRUPETLXTMDBZ+l
#! gq0Mtld93bL7noPF9qlZVMUrM5CYJeT3J96CVAU0egbofDxLvdh1SlUA0rOE
#! zM4vHylx/GpyJ+99Sa5RP1xpPFHZsEwKW15JlSA9S4utjd6Os6lnbPMdNprX
#! IbM9lJUC0rO0rFOxM9dcR8u+TmdPzCyA21x6r0tqu5QK0rPkDDDpRtXP3oLX
#! UXy745DegYaBWYP0LAdMzEKquzXvRSu0q1ZQvE4OECv0jCGI+efqFvBApDZH
#! wSAxy4SXLYGCwpo2lKqRG0jP8gEnxNtFSK0gPSPUBNIzQk0gPSPUBNIzQk2g
#! eB0CgUDwzr8BODMi8A==
#! "], {{0, 138}, {240, 0}}, {0, 255},
#! ColorFunction->RGBColor],
#! BoxForm`ImageTag["Byte", ColorSpace -> "RGB", Interleaving -> True],
#! Selectable->False],
#! BaseStyle->"ImageGraphics",
#! ImageSize->Automatic,
#! ImageSizeRaw->{240, 138},
#! PlotRange->{{0, 240}, {0, 138}}]\)
ok  Reduce[{Max[Sin[x],Cos[x]]>0,0<x<20},x]    ==>     0<x<\[Pi]||(3 \[Pi])/2<x<3 \[Pi]||(7 \[Pi])/2<x<5 \[Pi]||(11 \[Pi])/2<x<20
ok  Max[SparseArray[{1->x,2->y},10]]    ==>     Max[0,x,y]
ok  Table[i j k, {i,3},{j,3},{k,Max[i,j],3}]    ==>     {{{1,2,3},{4,6},{9}},{{4,6},{8,12},{18}},{{9},{18},{27}}}
ok  Rest[FoldList[Max,0,{4,2,8,3,9,12,11,18,10}]]    ==>     {4,4,8,8,9,12,12,18,18}
#! TextForm[ColonForm[MessageName[Syntax, sntxi], StringForm[Incomplete expression; more input is needed `4`., Short[HoldForm[], 3], Short[HoldForm[], 3], Short[HoldForm[], 3], Short[HoldForm[], 3]]]]
#! TextForm[ColonForm[MessageName[ToExpression, sntx], StringForm[Invalid syntax in or before "`1`"`4`., Short[HoldForm[PlotRange->{{0, 225}, {0, 133}}]\)\)
#!                                     ^], 3], Short[HoldForm[], 3], Short[HoldForm[], 3], Short[HoldForm[
#! ], 3]]]]
not ok  Plot[Sin[x]+Sin[Sqrt[3] x],{x,0,20 Pi}]    ==>     \!\(\*
#! GraphicsBox[
#! TagBox[RasterBox[CompressedData["
#! 1:eJztXXlbFFeXf5+Z+WO+xnyUmY/wzv+QxZTRREw0wSRKogTciMYdF1xCjGQR
#! EzGCBhdURDCiQeOGiooRgwYVRdNqY825daqvp89duu7tbsR5+T2Gp+nQ1beq
#! Tp171t/5rzem/zP4t3/84x8z/xN+/PP1Wf89Y8brH//vf8Av//PxB2+98e/w
#! ohr+uw7/idehC4IITh+ZwATGEhPyOYFxjgkRncC4QHqgsaYM9/T69n76fyZE
#! dALjAQOtFUFZw1A6HO5tCoKqvvSL/zUhohMYDxjqbW/vHRKvUt1BUNYz8uJ/
#! TYjoBMYTBhvKg7K6LqJEY49+QlD/1dD/5/Cz9OjLXkUWUgNdVUFQUZ8ln2Gh
#! teiJ87cG7z4q4AEnUAycuXy7ZN7ur1t+f9kLeYFUf6twlLqEo5ROZwlpAUX0
#! 0o27cOLzNh4t1AHHAL39dzftOp168uxlL2RMUd/8O9yp95ftf9kLkUi11gQE
#! FUWyRXcevgQnXjpv99+vzh2HBwrWfODE9Ze9kDHFgq+OwVnDv8epV+BOFVBE
#! 1zSewhPvu3mvUMcsKtKjo69/3gwLXvfjb/kcZ2vL2c83dYw3084C0J94p67f
#! Gn7Za8kNKaJ7Ovv256dM5tUdxRPv/H2gEEsrOm79NYILnruh3fsgQ8OP8SCn
#! L98u4NqKh9Hnz1+rbJ66+BdY88kLf77s5eQG7v137onrXFq5++GjJ96Hmr50
#! Hz6ezR1XCrjC4gG9Bjjrd2pavQ9y7MxNFNGmI5cKuLbi4d7DFKy2ZmsX/MxT
#! KY0NUIuC3sPrfOrioN9x4NmEe73y+244yLa95wq6xmLh8KkbsNrZaw/Dz6fP
#! 0rk/oMPB7uvwcdBL63/Ky1oYM1y7NQwL/m7fefi5o603n0PBTS/UqixAEf2x
#! rRdFdPdRTwU4PCKezR/2X3izqmXtjlMFXWOxAHoP1rxhZw/8vH3PM1a2/cAF
#! 9I7BByns8ooE3DuOnv4Dfm7Zfcb7OKDW3qhqOX2p6OYNiihoANADsObNP3uu
#! +cbgA/j43s6r7325f/HXXQVdY7EAbg6s+Zeuq/Dz0o27fgcBVwt8rqpNHR+u
#! bCvs8oqEjkg4z139a/LCvSt/6PY+zsL6TjjOqjyOkBAoovB1oAemfdG6ZNtx
#! v+Oc7bsDC+44c7Ni3RH4V9A1FgtrGk9Nqm45dfFPWHm3r+Ow6OsueCrhTgUL
#! 9hR2eUVCXbRr/N5354MVB/PR/FMWCYcLDlK4pemBIvrxmkPzNh79dP2ROWsP
#! +x2n66ywZmETARU6nmLCNiyOpAszDodO9uf+gA6zaw/P3dCOwfAnvgbtWAId
#! pasD92HZsHi/gzx49AQtQ3BA0qPFjbahRz918S/Lvj2xZNuvoEj9jrP/12t4
#! 4qu3n3xV9Il4JNcd+XNIhJ5+br/sd5B3v2hd2vDrT4eEMf/X/ceFXWEx8HVL
#! /DSBrMIT6neQK3/cg4NMXyoCOHfuFfesQT5HR5/DF23adRq2AHgo/Nw0TC2B
#! 07Hl5zPwothPVkEwY/kBsHBGHj+FBX/bet7jCM+jGCM4XPuiJ/TawP2CL1LF
#! 5T/ugXPq/XFwZsHNgRdrtp+cNN9Tmfx67hacL5iy8LO339OMTwgQUemMf79P
#! OKcPvEKjDb+cixJqT+E43gcZY7y9aO/K77tBzErn7d7YdNrjCCN/C/GGc8eo
#! 3e9X7hR8kQzwFORZCAE6H/dKcOfhUH5JMfQxYeuBn8fPFjdTAyJ6885D+KKW
#! jivwD17Arx7HERp43m643bhs2D0LvtTCgkomWP4rvvfxTAfvPoKT3dV+GYQT
#! XnQV+WaFmd0K/nkr0qrNHbNWieBDPsoEP3s6il/tO37NbyUJASIKihq+6PCp
#! G0d+E6Hsi9eHPI4DtxiUErw4cOJ6lKYfiy0vHzzKKEB4Hfm2nR4HQZPsYPd1
#! ON+xKUdZ9cPJPPOtwr+rEwnf3UeveCsTtAnB9s4//p8TIKKnLg5i1CWf8AsY
#! dWDahZlElfeWB8qt48zNew/9ba2EwJwvKKUw8pv8AmU9l4QaAcMMfa5dvj5X
#! csBSwZLEcK7fEd5fFgeu81EmYC2An/j0WRqOUN9c3LpT9Ojhi85fG7oUqdND
#! p3zCL+gdw4vTmbvmtx7cQbzDs8lx/U+RB2w9fjWMnq+Z0fPlio4oQX+276+H
#! URAGjPkCr1LB1MW/VG8RpXTf7DnrdwS0wEOhTHDxPspkXt3Rj9ccghfgcIHb
#! 5beShAD5hNsk6rL+HB6IjFK/IhDYK+dvEXHgfOQc8N6XIo7xZnVLsWMCF64N
#! wRe19/wBr5d/dwLMUY+DgBkmHPlbw7DaPPOJSYBaC75l8sK9fsYzADboDTt7
#! 4MVvvWL3PHHeR5nI2y2SiVuLm0wEEUULHOwK6dp7HOedmtYvv/01zGRC93T2
#! +a1n5oqD79a0JvHa2k72Bwv2XvKNeEjzBl5viCwrj4PgpcPA4KTqljWNxS1O
#! QNvvp0OXRKqlzsepTz0VQr410sDgdMBrcEA8jiMdTMxceBwhOUBEMV4E7sOz
#! tL8qAAMJC4PlZfQ4COii1yqbwXOJaq5ymMSf1IoKJe+SFdyjz139C17XR+GX
#! R6mnrgeRlw5ely3ZV2z7RHpnmHX1OAJW4jUevBhGHXZ+Nu0oCYaA1fHhyoMe
#! K0kOENFNu07DUjFi76cKULbRbB4hnrIrbkcxnK8igUEr0YQnT9OlkWPrnSPe
#! T5yF+ZF1d9U98E4v3axVbVWbO/wWkxBya8baFY8j3PrrhS1HHUYnoOH93T6R
#! 7ICtM59q2yQAEV31w4uUJaiCL75xVgWYsUULAXNVfhVToNNEnC3K1OAVMAGd
#! HbhNIKggrh7f1RwFgeGWweuvdouc4OU/nPtZoku3F1+LlLdvhUNCyKggau+R
#! v53VPg2OPXwcSZp7Wg3DF1i36f2wJAd69NOX7sNfP1p96PNNzqogjmAfiUMu
#! oIprvawycF5w84WztvcTdZ8X8TFsEwPr1+O7dhy8CJ+99+DvMDJrhYjecBZR
#! mub2DgsgwDZuy1XK0nKsD610DGkOuCdZUAl0nBZOordddzljb4Qk4+96kOQA
#! +QSZnLU6rnWctzEOJjjhelTILbMM0nVyBQg5BpOnL91fY/UTMQG3I6rE9mvA
#! +WavUETYrCrLtFwPQi/Xsm9PTF3sExYII+vozeoWjKtY/gwjcuDVeidZMPQt
#! r5j0IJyAcUXMe2JF9/0CxbFHepuCsgZ2CUBEZboBALs8iIfrkdE3xABOmEey
#! Bh9J8DrnrDvy6XpbLB3LCbCA3G61mgDWPmZswzxiuXTTkeUZHkDJyRnxk1l1
#! 73gRdRIBUxb/svy7E64HoQHVfFJUDAPdDWJHL29kx4L3ZkYFP/jr6u0n33Kv
#! fsErBpsv/gommV8gQlrFi3N5rOt/EiYQRsnsVqsJtGhQpoBdDwIGkjTdUX78
#! wrmyMceu02RtEt1qnYCdVrKLfMayA4vcWyTQ00Tvkr7OC6lzNeXLmxqqQIuq
#! Igr7MmxS+Otm4qImB8tTUMvBCTKCkbNODAQDPLsw2qr84k6iOHZJbIFjLNcj
#! /AJCvjqTW/m2VTSsjTx2dmHC6HkBA758VZu9hCna48SamfGfHNKaxV+xlN31
#! ILuiSiFkRmJqOU+k+0CRakSUNsTRQF9y4LN5JeMRe9fKzlrVhvsmFrFbujI/
#! y7jP7y/bL7cAJ9CAnl/4BR7kkqjOFn/96VCcAfFYzKfrRQE8XLeyzFOjRWXG
#! 9H3kG9nD0uuh4XiRfq4Hdo8+fCxKpPJsq2EY6dWLKGXG87vO7Nlc8X23Xz4R
#! PoWmUSO622YjfEbGOJHJYlfIooLQN/zyOJUlJ3uii/DHbZ/wAtiE4GCieWwx
#! FcD0rcwoPVFK/VOP6xfFqj6jgmCXh73e9SCbo6r10VGx1Z6P8shHT//hehAt
#! Rs7pRbSE1Jzv7bzqEcZhz6ZfrAzT3JsjpZTzdsMOC4ZrGPnRU7z8aBppx/DL
#! V7vdKnaQhwTOHX+NI1fuwVVMSoKriHGwoeG/TX9JTV8RNmlwDpswg1kUJ7hf
#! PeqwYIn1/l8LUzKa6m3U2qL0OmM0w7XUn5kHfo7D/Sg3t/3AhZzLiGs2ouwA
#! Gs8eTsr0pftpksIj/HLztsjUwNOEvx7LVD25rgRLysE1xv4vS3UcCIY0ff2S
#! WXCONOzAfk0IGvahYXwT8qShQxFtyVxn7Enpcezf30I0f+hr0NL6E4zM/9ar
#! p0ahyaxGEoF3gqxJQ3iEX9CtlvF2FnJMDqzYBwnHi286azR9N2dM30ovM5LZ
#! YJhWc+0NoRYsTfpr8eRZGr7RrzYJgSIqwxd4uVx5w8DbepM8jBhCsWxYWpyP
#! Eh9o1dAkiAqkC8MnN64kdGd4Ywksj/ALawYB/YmS5roS3DIuXBuylx4xF2nJ
#! tuPTrL6VFouzPdnvvKIQ1CQGDVliLV7FmLNHQE8CRbQjc2GveAXcWGKFpr+T
#! A1M82O9gt3Co+vIr8lfLOz+pPexa3sZ2HKZUk0Pm1GQTmfbPMiVksUnmlylg
#! 8UA/75iaxM8j3W5pTsR6RdAqrkuVQHdeBg38qpplVwhiv1fHLi09km1r2r+k
#! CTi7vjVBDdp47JssCwnOXYlXoSzy9oDTZK/XjY+fMcnkp5y+a87aw5+RrAq6
#! pWBUOx2ERoPDyEK2FN7jo5QPQRlqURl1B6POblpoAfrnE8JrgdUgsHM5HYSW
#! B1NrUwXVnH4V1Hej06R9YR4kKlgn0J/JqnvXtkmynTimYSgSY1q6NiIcvn7L
#! TQ98uDKulkewgHYSMJM4jMguLLEFePax4dQbKKKyyCeVy7TQgiUp/Hwu+FKh
#! FiLvzx4Folk8v04Bas0iPGK5SKwnKfXsj5UF1ZtfUJYFC/aaiLyYm4A0C64x
#! c1Z37ZEbwnpgyoxhL8kAq8BeEZQTKKI0EFpaubtup1tMmPka2F7tygDAjCsL
#! CSSWLqB5E5en7nIjakCOzX3E1sWkv9NBsJRFkgY/eRaHN50OEgrN9iJ8ZPHa
#! TpzP8veRffG8Y+Zx8sKsR+DkBRGFyNngQKFuFpaSDLg7HuLEgCJ6m0yiedud
#! 029qdsTGrylGpt0Rloo+VgAmc1LJoa4QU65O4Rc1YlM6z3Y74ObCt9xWhv6A
#! 5pQXHGzFT9frbzeaT9L09St2Yjkp5DPs/N0hCnFdaSexmPFoN24/4GY3MqCI
#! UmqL977MUaupgmk8Vj6aEHPrsojaLNsHegqy2L7cPYit6vk47+xCzaHGvZkf
#! wYAU1uxpepLdir7gq2OmVpeYNioTXosJ/Vw6bWn/DsIjCsEKL0OrGX/NSxIY
#! 0KOng4fgiah0qX6huR6EauklAaO7ZL4nBegB0AbyV4/CKtVaps5aQoCwsRrm
#! acLS02v+58+fw/ZUEvVfU8XL9k1LXTRjIvKIvaAZSUsRJHFx8oPQzlmEeh0k
#! MPaSJ48QatHnJCbgWv2i2s+Dd4WIulogwsAg6R5JPaRCkvMgPMrd1ZiDR3EC
#! C7WFylNGgZ2DIMMl2Xl8VvlpMYlhu6TmjYefODT8N42shl5RiA7FBhaJm2p9
#! hBav83nH2A4DiOik7OO7hl9YNUUogszidph0oBZqvEXWRqpgK8QCIafIm1qI
#! e8i9fYlZJiGhS1KBpuPWKGpBqZ+6L2SlTeNWIF20k0Y8Qt3mlRO0/RPhEYVg
#! 9kZorTHOp/pLAkua6Tsrs3VUTsQ5kWMvIpNP08K+cioVU3UCOJ7gfmr/mBXg
#! yY4e+jdw70APmyYnYv6LtqdhbsspS6W2IrL4MAUmajHRALa0fJ9FJpmqpMCG
#! aLrf2U1fFWrOziMKgbkwOumVdoExoGObDxtqGIkoqxhkll5O9N28V6KQwsFu
#! 5TTkhaVOQitDCLOW1UcVvc4ScyaXVQ+GXg6y2gNoaQKN24ofP4W9nn6KpSAz
#! 8TRNukcw82d3IrhOvlA9nTBXFEKF6ldaHquC8CGDiII2oO8wfzknzutSkJbI
#! FTgLYPixCR3nr/GrZ1kGuzVqhBCVJPwz9Uqr5RMXlAXkBIsxhoRdVsWaqPUj
#! jKr9qRhj5Er2F7DeIoovIzI6+o4lQqWFtoswShY4qGJV6mifCEOUOHPYkbVQ
#! h9FbHgotVBcvtLLH4LP81vw99DSPR/ssdbG12zeCMdZiHyh1G+HpAIUzZ90R
#! k9+nNp6owfycUIPSFp5/2YeCzJzy3JnrZ2GrU1X0gq/cOvcxjsEmJVmiEFrU
#! RmNW6DssEUyxqBCzOUA+q7dkOaE0d5ME2qsqmdNUbItMF2b4ZWpIXmgPtHnU
#! QHeoWBFq8A2EASwB8DThL7VmvGpFJCnNpaD8XZbDSsjgLaZNZexIpLBJxCx+
#! 3s9r0j2qoSu8BoO5rgUL/iNY1j4n1CJAi6cJSt57Bo0EiChjyHFlRtU2RFiS
#! YuBivB8xNFLnSE5zkO+Ynk01/hzXhGRKX8AFKI263pAIQltppqq7e3HNf9I8
#! yH3d31tSVJMXSlbPFzWHYdSERTMUFntD7daMGaVGk4Yy5FQX+qYl/qyFiEJn
#! BwMtmj/P0U4IENGV2UyVrg0Oezo1gQVLUgxu1vLvToDNRu1JtbQMB3Sq3Iwq
#! 2SwKrQxYoa8EPpQsFVbXoNp1rvUz2vSEqUKYVsWgdyktCpaYs9gbMwjdAUI7
#! PgNMI1OFXosSxwgjkWPOiB1qYa0l0e9HJcEAIsp6dhhvQ05IelL6phrWRmBw
#! Ca4teLVUSNTGeROJjTbaPCWaG0U/CGatHKinLkPrejvNDdGS25vaDTBmjrV/
#! OEMHS1VjijmS9bAMgVKLFjDfREXu5p2HYCjOrj2sNW/UOEao1OHnhJoftyT6
#! /dpUKWCPABFl4V9taMIC2lUtYeL0w8wy+K0YhJGxCyHS2bEvUxRIWzlMKWHx
#! kQEH86Y5RajNoDn5ttgGwuTfZMZj0YIk9nk72kdCXUkGPsLYY8ggKLuzAxRo
#! BNImRLyqaoAFoVXyrk2gajAWrNAS3fg/v8JOhsepZ6pHr143O7QtWmsMxDto
#! iYFuxMsrTfdPlLyMySrTVj7gDFN8jS3S8PRhab128rg2DeTEYYsNgGw2upp5
#! QWRKPWN5/nT9EUxLoXNEo0BP0Atr4bdV239x8gJv6IMjT5ov6Mu05N5aAg2n
#! JlAtM6eJSpfuHd4AHwHkk9XYu+ZttV3zmJRU/zge7XT7IepqKWlqV/hVTIUo
#! Y2JwW2FdbLTWFMzg8ow9/6aBRlJrxsOnqhNXTGk7C0y91azBCnQ1WjX7dF3J
#! koueQhtAYGMFQPbgRog4RlXzCp0FqA04sO5dOyj5rYSpi0dNx3gADg4iyg7u
#! OnBQu1OYcs0YcQL9htlh/Jb06GgpYZ5BqAllhNY4R2MDHQeQ9qUZaQfVqq0Q
#! 1ipMESFJPNoGBzGwzlOT/cxKAjAtCEoG1RqrANRmPbRFI8xwxYd6b+fV2WsP
#! a2f0UMJeCaeOcq2pbOpT9igXVHFj8AGIKFPRrjTL2rITWZHOrIg1JPD79qK9
#! 6OPEO0L2OeKbPyrbhNrLIIeewA6LZVffZDb3zwzMyWpiKIzoxLW07ewUENqw
#! rcnTZC0kmA4DpTp9qSh8Yl+hrdeFz8JfwnHom6xJEBU7GMmgNFh5Ax5fO4YY
#! Q3N3FSIC0BtgwrFdTOskgrkIb6pXKc/xRggwdOHIzNCFd9SePnUB8h3qesg3
#! pZvPPoiePr4J1iCGO8C8hHdYPh2EDd5kyhz/rCS7Iww7WEuiDBdaqvJLaSU/
#! XQkG/9naMH1pOVP2JlOA8E7cjkqMEPws1VTwjlR305fux+XRr5i1WnCvsS/F
#! wk7t2mRABreS+5HxxhQjfnDBV520XhrfpC4ePT4G/cAwoG+iUc2WgTpNu7YS
#! pTJHezEtgCcOPsLsOuQVZ/F8eBOcdJrTkd9FA2XyTUlExpaErje+GWd/Rp/D
#! gwbvMBYO8L/gTdZhB++ofbXwZhwL7YxjofJLqS8g35RRSq7ho8CX9lLTnIJ8
#! kzmJ8I7KQoBHQyMQi5TgHTAaX6tsxtNHAaNfCpp/ztrDbBns0aPHlyoXtiRM
#! Nqn9aFIn0OpBfJN2lNPjy0mO9E20ZNRlwImYRJRlnZKIaDCBCbxU5BRRCnSX
#! 1Dy4GjaEhx2HyKjlr1N1GQStwyuGFxN3FasawPHBQl8wadhBGO0SQhuGDSMP
#! CDyjxdkZAW27h9pEj8C6x8fZ05fQtRF2YHaIQxv4vW1gpq3e3ME6kmShgkr1
#! o2a+QkOtTogZ8+iPYTOSOjn29JVApZqfCpXGUgQGELbsPvPp+qxSHFNRk7rt
#! hi8SGT6EqxRaqVYr3metaoMNCC6dGnDTcsppW+kZjSd238ANBTNeG+dn5HUI
#! Ux4cFgYPy5RFv9CP7NPxopgqRrS5IfChQPhLlT5oeF/tgzMF3meLqrksFxvW
#! AJuyttpTrQsNzbxAccfB6HOM/GCoEH0rNWyobarVjinHXAP40dioIq+2iYla
#! W4uCFvhj94FrDFoRXZNdcIVzuDbtOg1qiomuafal1pvDOJKUDbiw8C1g88C9
#! 1k7S0QYqTd09SJHHlJj2zpoaVFt07DHgGoONBy4Mq7WIBkbw4H/MwaUkC7Tq
#! CyzS57o0JUhdSXZ1fWiuWNiR0VQYTEBJw/i/OuBYzU+FhtCQ5OhDZ0peEzrD
#! gkJbNbTJi5RehVZE5WQK/BVrG8ADRQ1GWwAwiKryG2uzqOoEW5BM2KdKDT04
#! Fbq5ISt/0Feg4SJLsqdXYCkpI/rD4Qtqm79asoUmAdg2GGynt2amTupUMhkE
#! K3C1g/UoIeQoYfbHmKSDC4s5EekiRRTBWd/4PJv2XELL8y8zLBiFlmloUyej
#! tmrIlGF0hVZEWTkxVludvnwb2ySp+YR0beqeoqW2Uxk48YtUYUZom0AtbXdr
#! Gk+y/AvG8VhwT7u1hbrAOwaRYG3In0xLZUw1PFoSFW3CyARtSTnrUGbn0nHm
#! JlZKy+Smmj4zZcy1Ede48OzJM0nPi+/DHSnXteVqq4bATrZT9yeE1sliHTRx
#! MefdRyhjtLTD1Ih95fgPweTqH6PcUKq/vSL6lhmLmkqzS2rh469VNgcL9mop
#! LrVjHaq3HJtRuaQM113V0C/uZKq9Dr+hoq0/6yZq/RcTvy7hfxhsqsFvqHhj
#! 9k7Qum37mt7C3+vaUXRMNTyqwrQwcPY2VpTXo1Xw4hSW7zyjSuMOA9MvnuBP
#! hy7NrWunj/O8ja1l06fGLnSFmGR050IbOwXEA6W4MYwyhtgLADspTfzJeRmA
#! 9FDP8vgi1c/fCi5eC7sL1QZ5doVWi7I6ajT/wHRUaegu6SYWxTOe3l7wvehc
#! Hm4oC2rbB8LUwNwgmPRRIzP2YGM1NbFqqcA+Xb9zShA09ICcDzdVBBVNfcM9
#! 9UFQN5AKB9rr2Owztcc/NHNtSatsoLUqCOrhCzbVVgWTF9x8eHvNu8GkD7cd
#! 7DxRB//j3LDJ5gx1uSFTmizVJ2KJ5Q3iIFmn8M7aUsXTN7keYFqA3oY9/c3q
#! FlqA9OXWHUHwflf/4NDgwMDAUDoc3jhNnMKuA8fwFORfPn2mMVxB4OXG/f6y
#! /bLomnATjTSWw8WHkxppKg+mzt/71uzP2V1wLZY2QSuiLBAhYyZq7ZCGYSya
#! 8bT9689Bi24F2RjpKQvKz0XP7bpF7wfTNyTvitIW4cxatbu8sh4VcU8tXO6e
#! c/VlZaiL0ufKg7Ieon7oWGoJE2OhLPMbGezrHRBHWfJldfD2wocPe6YFH77+
#! mVA1vQ3l8I0qdYCE6uLpeUfTffAY1NZVVdQLVUxPoSx4F76LtW9YxgeA14bD
#! GWmf+NpN64Jg5sHO9vauSBxHet4NPoDDgs2Jp0CPoO4ItIFRVpFlcR2M9JQH
#! y3sHB8519/T29a/+4eQb06ewuzAzu6HAG1oRZf2YsGBZjMHscFPhROrStiCo
#! 3gjP5khPRVkdXu4NG2reKtuQnNpLW4Qj1dSg0NVlXYPpc/UVtV34DcP1ZRXd
#! 2faaWpVhIh5Bwcuou1RztNdP/mgbnoIYg7795HBPXXldj2WSu+ri6TaaVGtN
#! UNM2GPY34kZPT6HmnY9AllgTnGUIC9qNJdlNNBtWLwyCafVNexrEZlw7ABL1
#! 7urSaI/AU8i6RNnxZ3CsaHcY7PKlke98l3LPpkAOYQ9Y3tBQGxkPHa9Pf291
#! B645vgveo2AZtCJKy6jQGpGKaNbqNtrDbmqtimY8VdfCsyket1hEl6+sDqZv
#! TL427e4WGXud3Q2ghCpAPuGdnvryzP0dqgvKmYjOWMZdb1bUIYHlENH2HTsd
#! M2rqpwTvdN8Wp/BBdOLD3bVwfyktP4NKMNWjxN+iixPUN7c21lbAXW7tGaSn
#! sDiYCSLK4nUW/g1w82GvZ+f48+GLGYN2GHb2posn3gtWlUbBDTwF+sfMOHmQ
#! XXEXx53uPLxKXeAR0PYBXuqh9uVTKn9+ffq0FUfQEY7vAuh2v8GCDFoRpaVf
#! NCYcZhcPh2Ym6mjG0/xlQn0NLIdL1Aebe2pWGSilb5OvTTsg7I2qXfM+gue3
#! PnKU0ul0ONi+PChvEl/QD9ZdVV92AaDabG6iyHgeWQXgGvcK67lLKJO5698O
#! 3usZEadQvrp9+tI9zWD9NvdZRnuofRbYrniK/HF6uL+7q7urq7utoaasqr6n
#! fzj7FOa+NpfHxOzjgx8+fsJsgG+XzQim1QrVMdRdJrbdgXlB8OYnO09dvIGn
#! QP+Y0aowj0MmAeNBdVjHle6vEbdVyGhPfdmUBXtf+/Dj4INGeRcuPxUxLic+
#! HxO0Hj3llZVhDfxfbMfZYejWETOeJi9cHNVkDp9ril3LshUfGfhktFAjLYJS
#! dfYSmvCtEO7GcMYBDxrP8WY6NQ2E+VZtDxpoKuGPj/TWim1MHHPOqtasU/j8
#! pyHrFDCVJq52xyltGDYUV6mhIvboX5zCxiMiI8Y67KI2fAfvuPvEsUmT4yXX
#! t4tA9L5dX8e/VzWxa8TKS1iPAG6pzR1XWAH2cG9zvOLyuq0HQdM2bq2eJu+C
#! 1lH1gymtL323tkxwGN9nfCkWPp+spFg6NTKSgoucvKw91MWr2UxDCvEFusbH
#! Zd+eYNlVbfoGQdNA564MlM59ISo7286WfrYT6xlMUcpQRxOH5koSPnk8BW1+
#! 1qncOsykTg509sprIpzEuTvPXtZofjZmEbnvZMRDWHoRqQW2PmU3nIolh6Rc
#! St6FzHwTZ+Z/FSYRxarFMBNdl7st+hrSMreQG6gxB1f7Wc363XugKX62Q02Y
#! apPgCOrsnLyQNYA15iGMbpxlaLJKE+fK7qI9R3k7EgIn61Efn81ppWB9E2oi
#! WIx4rjsK9rCJa0UlkfCen6LCJKKSLhhuKFULdDpSiGdnmGKgOg6uXGQqW50r
#! Z0io69A3daeG2c3LbNwhjXIgM5tWD6vbioWPUQv02lhXoIgCuVBnq40k2g5l
#! BHuKVWKxVT90T6pu+XjNITUfjUC+IxqFwLZQjylUKkwiKiWTRnFDhSXewgXH
#! HAdMwG11aVlV+yw8mJcwL0MbH0w9/mG244xeldw+MFGIO5e2wyLzKa4zQQCc
#! mAbjRH+2o6GteLRAZR9lM5Qp4ocokzxVH8CWDI2bib5bjVr4jUHUwlRlimcE
#! riIoSbo7D2anFOGx0nZyhUpuyJRksUDl3PMY9KDGHCw01JRNF++U3LJFD2CG
#! Z0y0RBn8PrWi0mNasRqu8QjgyGHTCEvwn423AN3CWJuuZ0p0TB1take5tgzV
#! DyYtipRKZyMhoX7Zk6dZpKmWoQksN+RBq47cMrTPwqNjSzVoLVzK37W+qJde
#! /DUPH8lUoIXYU6WisihtE6YScpXQXEBlB5uPY+mXZwwV4JqpPYmgkOFETOaK
#! 2lGupTjzg0lEcZPFKl9WTDiZ5GssZWbssXUlOQmVadqhgX7QDjWGqa2jQ9Cb
#! RRlOEGCfg7Bh8sU0GVzNZZi6UC1g0mUpCbCA5bksQxMY0Zyps9sClakbm7hV
#! 1gsPmEQUHZMl3xwvUbgIZLmLNgMuwYwfj1nYaqWfx7OpDji2DASEh1Gq3MkL
#! eVsKFrxhntQ8/PEmc/E8Zu4wEjwLi44FTHtblDmjtjPxY1ighpgsvLiuMIko
#! iB8YM9O+2MeGsISRMkEXyU4KwVxIj8GgKgmeiZHGgqtK5aq2+BwRJ1Au/Ilu
#! NXPuMByKJ6LSpGSOwJuMXDlmQ4VK1NQSZQdjSAbbxsTDT52dnMO7tVAr2y0M
#! xq6wdOTB4w/fopqaa7afxOnz9hAQC8ShkeY0NUatE3Ol5w0VOhdT8TlCjpjB
#! sB6bu42RUhy+qVbOINRWessTYQLTeNrC+JzYnM34TYfIM8RViFGACO+p6+Og
#! kr6yKEE+sPSNdp65+f6yA4yUPsykS8CnoKemgtW8+fUDsnp1E3WGBYyGyG7X
#! ST6rHt1MK4w7TYoq30wz3JmLh6lk11Q1i9yaqOfsYHrMMpQQ+xzxeVSbdxKC
#! Bb1dh3pY4NrXHJIEk8rMRsGodLUtOTkRMdu8iJx4NBWyiU4mAiIE6m1BFBNZ
#! FGrWEuxYeN8SRGIunqm3yw7GJ+8XY2SDe7QcQYgM47QwqLyDRazo0XU0kgUe
#! Iip95DbrOC1mlXmMKg4VfjAnGjcJyv+Tc/gjiB8osTgsrIwEBZUO71tClMxx
#! MPUL28GyqN0XNESROYHRNqTpe251bCmJ9H5HGnkJ1lHuyqyLGOltYn0ToZeI
#! Ii3MgRPXVYJ6CswYyqJKtZwjCViDtijSSEyGKUGvnrbvj2LOuiPwT2XuQjx4
#! 9ATcwHvmhDtTm8jkI8lvE2JbTDoR7zgeU+PDbArBnGGrSZmneIcvPwNrN7Aw
#! yZsQ9xOVNzJPw0NEZf4XyW9NJjEKg0xWupaTIVi1p0emJsyO4bAHR8WK78XU
#! vFmr20zhfTuoRgq9xjmFSjOdqZPFDpqJMxGwSMhkBDpZTkPPESzPqFLi50DU
#! T9TUUAVaNH8RBWCXBChGi8AwLkqR03FvtmJ9yq7zSRG0oMXEPCOBtJMl7mN2
#! JSg9S86v04IFLkx143bcJE6QWvjEANKFAgZGjuvMXwTr92TZB4bU0EBfX19/
#! BHgxNBJruXQfKFKNiFqcehPgGREEbtGeaPobFnD2GHMfKtXmHttHmF31YZnA
#! gsDyqhLzcMacoC326tzhJGDTZ7QDL3KCFjvlZKOV2V5L+YEdjN/APiukr3l5
#! UFaOKAvKmnpjqYxaZgqjRVdEpYOwIVpINtgI1EkKZ2kSMO4RS3rdAkozbplg
#! iABrE5YKf682rScETSB65BpCOTIyk+YwMa3ZgfEujACrlUgM0sgH/1Tl0UoC
#! dqcsOWILon6iwogoBjlLcs2JlrEyZqElB3jQNLxmSa9bQCs2tbOHGMDqU6PB
#! yUFNX8sMPgsYGYVl4pgdsnUi596BDtqDR6nSSofJPhQ0EKrtzU8C0U9UIFsU
#! myhLco1nklWO2llvScCSFH59r9T7MNF6FBC02I+WTiUHm2TkF68LRTwk9rL3
#! 6xgCKTCIipXJTrO/JehzpGXm94afiD76+ykYG+9+0WoalIaQpXo5zXUTMEUi
#! +2UmuVc4hNnTwP0yCE6gPt1mr0AuY3v2DoNLP9EeHgwzanZt1Anop0WpNWKa
#! IeIHPxENo1BbziyP9BM9SpERcc97tFFqy9GTANnFsT7K0mxVKNDhyJbZyhaw
#! J9ovDB4SIrucWTnMe35W115iGJWYE5Rt2KM5wgIPdz45JP+/dpBWEtAKYUv7
#! px3dJIit5YkqLKhVVrO1y9L/bgLrUHAd0ykh59jmzJjj1oxE3GpOLQlomVDO
#! 4LMTiiefIWm+i2kw3X0QWjPv0VqCoNXUHjXwrqANffPqfKJk7GH0i2OEmUaq
#! ew9TS3Xk5Aygb+GPTcSYOUHvlEdtsAVFFVFJ6mtpPLeDNpyqpd0JQfl/XBvS
#! PUBJVGa51zOHGZNGVgxqSZ6TIC59H7hvadeSAD/UXn5gx3Fyp1jQLE8UVUTR
#! BBr5+6nTiDQK2qykjoxJCFrJU5AJ6XbQEiPQXUsNFf520NIX1/ZPCVnwE5HU
#! 5ThrMCCXbPtV22ifBMiRiOWLBewKCYssorsyytNC7GYHJf327nulHbuEIbNY
#! oHQ6fhHsMK7Vj0Po2oEXSSArtDFh7XGE5KAJLOrk5o+iiiimcuBCWdi/7aA0
#! idopJAmBLYH2mrRCQW55+Uy7lh1P3lmPMFM9grFl7UTpAoJaU9qp4t4oqkcv
#! Hfk564zt9nbQsc6mOcVJAPt79ZZjrhN4/SC1fT68RnMzfaNqA1dywCMJGhgu
#! fkneE41z4lZUNYTJxELNCkEUVYvKLoNpLqPeKahQeXQ/SVRuPPrR6kM565kL
#! AjkDgpUjOkFSgfn11knMihrQSrInFBQD9x4KjV0RtUWzzr48UVQRxcv7Y1uv
#! 9/ZKxzr7FfwgsNC0V8fMX3DgWYM9lg9pjIz/XzNMiUoIOHEUUddaPg+UVsYB
#! Ab+aSROKKqJY7AQurV88EyFLpLzDAmGmowRDWB4ZBCfIqGame8tYvGFBXSYL
#! ZmGETgL0XECnuSZhPSB5PzzYLSwoqoiGUeEHaAO/7CdClod9vOZQiYGVKCfA
#! IESbtsSrMccVr1WKEi+VPCc5MgNJn/k1LknApvPuF62yAbaokCUZhY3sFVtE
#! wezHjcbPzQlJA/ictYdf84pchZncB4hNSZHLnBDTvmhdsu1XRuflBHymQMBo
#! gcE4x6fr4xJ3p2l9OVFUjz6MCslQRLW0gUmAnk4YeRDeFg4GlkEPiwFSBfI0
#! LZgddSWI5Fqlc5kTAjXw9T+HTfNNxiHwBtlplDxQbC2KodF8LBMxzzriEhS5
#! S9/jYGwB/n248qD3SpID+yzkyj1wNNNRYpomMA6BZV3acXj5oNgi+uRp+qvd
#! v7s271DInoV8LJzR0VGcn1WQSUA5gdm0T2r5sJLkkK0criTPLxHYEYwhCI9S
#! ChOKLaL5AwuH4B7F4zx8ATqtsJfOArRCYZf3XrDMXfpRB7wUoMLHjkLXvmwL
#! xr+IYp8U0nqY6MKS4NZfI9sPXLS3CRQKSAKZTyZLsmF7547HHthLiEQulL4y
#! T4x/EcWyGfR3CtUOU2wgUVg+ykSO0svHAh9jYBHFwvrOwvp3xfbo8wfG25EK
#! siBDUsYAT5+lJy/cW+qbC0PA/l7beMpCWj7egMYJnLh3hkWLcS6fYabLAByQ
#! kmyy5XEOWHaeaXGcXvpGVWEmaY4BsC4X/r2to8PKgfRAY2Z+H47bkxj/Ioq1
#! H+Adl7jTerzS+HxTx4crDpa4cz++RAQL9sCCPcbQD7RWBGUNQ+lwuLeJDXId
#! /yKaimaUYOeXR2vJq4vV20++UdWcTw3J2AMeqxL34SaAod729t4og5bqDqJx
#! 9hLjX0TDKNGPUurByPHqAjkEvKu4XwqO/HZj0vw9l3Ilu020Y2E42FAelNV1
#! 0bDLKyGi+GyaxuT9f8Wu9pjy5ZVILTlBSzuWGuiqCoKK+i4WFvRjxhtjIIWI
#! 61CDVx3YFFPslupxglR/q3CUuoSjlE5nCek4F07EX/cfr/i+26+q7ZUG2N5+
#! xAuvGlKtNQFBxStni07gXxkTIjqBcY4JEZ3AOMeEiE5gnGP8u/MTmMAEJjDG
#! +D/+cR5/
#! "], {{0, 133}, {225, 0}}, {0, 255},
#! ColorFunction->RGBColor],
#! BoxForm`ImageTag["Byte", ColorSpace -> "RGB", Interleaving -> True],
#! Selectable->False],
#! BaseStyle->"ImageGraphics",
#! ImageSize->Automatic,
#! ImageSizeRaw->{225, 133},
#! PlotRange->{{0, 225}, {0, 133}}]\)
#! TextForm[ColonForm[MessageName[Last, nolast], StringForm[`1` has a length of zero and no last element., Short[HoldForm[{}], 3]]]]
not ok  Max[Last/@Level[Cases[%,_Line,Infinity],{-2}]]    ==>     1.9922
ok  Integrate[Min[x,1-x]/Max[x,1-x],{x,0,1}]    ==>     -1+2 Log[2]
#! TextForm[ColonForm[MessageName[Syntax, sntxi], StringForm[Incomplete expression; more input is needed `4`., Short[HoldForm[], 3], Short[HoldForm[], 3], Short[HoldForm[], 3], Short[HoldForm[], 3]]]]
#! TextForm[ColonForm[MessageName[ToExpression, sntx], StringForm[Invalid syntax in or before "`1`"`4`., Short[HoldForm[PlotRange->{{0, 215}, {0, 240}}]\)\)
#!                                     ^], 3], Short[HoldForm[], 3], Short[HoldForm[], 3], Short[HoldForm[
#! ], 3]]]]
#! TextForm[ColonForm[MessageName[General, stop], StringForm[Further output of `1` will be suppressed during this calculation., Short[HoldForm[MessageName[ToExpression, sntx]], 3]]]]
not ok  RegionPlot3D[Max[y^3+y z-x^2,x z+y (y^2-z)]>0,{x,-3,3},{y,-3,3},{z,-3,3}]    ==>     \!\(\*
#! GraphicsBox[
#! TagBox[RasterBox[CompressedData["
#! 1:eJzsnQd4FNe5/l2waOqr3ntFDYE66l2r3guggkTvvYmldzAGAwIDBhtcAGPk
#! Fjt2iJ3YcWwl997YceIU4zhW4pt2809yY8ex2f97zjdzdHZ2JVMEJjfM87HP
#! 7OysCvvT+33vd86c8W+fX9V1z1133bV4FB6q2pZnLVrUtrJ6BJ5kr1zS2X4v
#! dv6Mfz/BP7ZvvLPd2e5sd7Y72//p7bHHHtu2bduePXt+8pOffN0/y53t33F7
#! //33jx49ip3f//73W7du/bp/nDvbv+P25z//+X/+53+w89e//nXp0qVf949z
#! Z/v33T777LN9+/a99tprX/cPcmf7N93+8pe/bN++/fXXX//KM9/g2y34ke5s
#! /1YbCNy8eTMqw6FP+8Mf/rBy5cqurq5du3bhEfsnTpwAkF/5xjvbne0rN1jj
#! hQsXblC3f/7zn+bn9Pb2AjxQh0cjBxIbCKQjBCTOuQPkne1mbIBtF98AGKgD
#! bzhifg4BidNW8o1E8mv5ge9s/8c2gAShg8SJI3PmzAFpYOzSpUsW3wIggSve
#! cidr39lucCMB1OgewLvrrrtcgjL8E6Zgx8/Pr7W1dQggjWYiicc7WfvOdjUb
#! IOnim0ygwWAY6+ibPfeVhn1fUJSu+0Vi8zEA6e7uHhUVlZmZCSavHsg7Inln
#! G2yDUgEPqgAJwsuXL+fn54eEhOS1Hypf+ZaAEFG9+eO04k5E0ZLvJjUf90+c
#! Cp0kkSQjM3TWxre4k7XvbPJGKRgwyAfxFAKYXLuzeN7FrLpu8JaUoUdk1a/L
#! bz8cHx9fMu9i4wNfylFm+GVy3U685OY77rqzNvbvAPnvtgkBFEcggMiwULbS
#! db9s2DfAWM2Wj8tXvUUogjQCEijiIJ0AOHFQPAWTSc0nSCRxPr4mMvtVAnlH
#! JP9NNhJAjQsGJFZWVqj00ko6AZUgiiDEQYBH+wgQiKcEJEX5qrcbH7iiCZyT
#! VtIVX76ZgPTjG4nkED+beUPyDpD/xzbyIL3qRge5B/FLb39UAAbqRBYGbDKT
#! alwBeHgJxBJsOBmPHOC3a7b0s/2Ow437r4goW/9BzrxvhU3qAoo2NjbXnbXv
#! NCT/dTd8oPgERROGBoWRgvV6PWTKjDEmesQhgJSycC+pnJqCBwQQ4JXM78U5
#! ctYuX/22zGHt1n4cz+/oadpvLF9/OanlREBiK/jHBiv0lVn7TkPya9+effbZ
#! DRs24JP65JNPrvW9+KTwqcn518g9CFKwxTKPCARpAjDwBgJZelU3PNUwhoD6
#! 4Y2gES8Btkn8fBzJrjfgKfYrVveBQE0UL30jLjk/IqnaJTjzWrM2NX/uNCRv
#! wfbRRx/df//9X3zxxXvvvXfgwIFreq8YCBZHyINAgmAiCDk1C3eJFCwIlANo
#! sZc6DpPoDQDMqcPbQZ0GMKgfwJN9DYDE+YJG7ChwHjAioJA58y9FFRsAJJWp
#! 15q17wwj3qTtlVdeEZ8C/pOv8l3yQLCQQRCIT3ZcUbeo7uSUCpAQJmVex2FS
#! PFI58wwLoiapCjmJnd+jkbtJEpx0PjgUQHKqe4hAOWq39TNzPXk/Ze2rb/7c
#! ydo3aTt79uzbb79N+93d3Z9++ulXvsW8CUPbnDlzoDBxSfnCRygqpxoNAVjN
#! VpMyjzSw3Cyf4hycAPAEYJM4wAQkPSonm2JGZ8rnY79iDZNEPLKvuaZPPp/K
#! SO/IfErZXzlkY7wzjDis2zPPPCPmoK5du/bKlStDnCwE0OKrOB4W5AcOfYLj
#! ZcUjxjQ1HqFIbkIGjEQM4NER8zIPQJLKyeeXLOgVKkfIybqHV8XXpzfS+c1S
#! 1G1jP0wBxHb95eSWE8jarsGZ19EhvyOS17G98847p06dMvL/ye3btw9xJjVh
#! BiPQyH3xxLioVN97R424a1zROjCmScECMLAE9kjlzMs8Ykwu82StozcCLQIM
#! mib7FGJMI3SyPFau6Ssw9TX6Bb0IPMVLzQ8a5ajYcDl3waXxyfk+IfHXlLXv
#! DCNe0wbpQ0bev3//xo0bP/zww8FOoxRMSWewc1AThoSEZIbagcMAh7vd3d25
#! AJoAJoDBJoCUQ7gJdr4pYEQRk0czwBAQN9JVDWBAq06VxwHpe9BYt70fgRMG
#! zm9QzhcQ4gS8WjCtRzCZPPlEQFKrK/faX9n8Md4ZRryW7fPPPx/sJZqNPwR7
#! YgOEAC810jM38F5wiH3YZJRbGq0jVGQgheIp8mimY6R4VN0NnL+gV5wp5FFO
#! r/oFvUJUsWkAowBgeCPxxs5vGCgj8RIecVDzFoqsKftxmgDyK5s/RhXIO9bm
#! WrfBPMhgG9wxMjIgROBzhx46uofAh5LiCaMxgKUKmDYFqzUeBU5g8siRw/mi
#! zJMH+BhgcpnHUankb6SEqwEML9ERc8AAJE4wKTu5SMroTtJ3NR80UlRsvJy3
#! 4FJ0CSsjqUF6NVn7zjDiV25De5DBNmQo1v0ItQOEiTGh2JkY7IzPJXJ8puqC
#! eywKHb1kXuNRL1qWR42bYER19Ax0ZqSUWsnFU6N+QvFE5wf7mnMIXTqI81kZ
#! yamjb4EdPFat7Ws5aNRE/Y5+vAqRTJ7CsvZYneK1rzVr32lIGtXZ+NekgbRt
#! 2bIFnxRlZECYHu4MDmMiQ71cdajtZZeq9P3W9FEtN0QKlnvRTI5UAmVUNIAJ
#! I0yKZy50JIYDgEllISXoyrV9QuhkxtgX13cRw3R+6cJeAhKvmsMJkSQg3XyR
#! JaKuMmv/mzck5dn4YjLq1W/4k3d2sGEeOdKTIjt4ND6vuHB/NkhRbNC0TUwa
#! 0RKHssrRPtV4Mi2UZy0WbORfLKZggIen5m+s29EP8EjlzAGjIPxkJnECYUnv
#! wr5FhcRB9oe26XLeQp61Q66h+fPvNowoZsJc91fA/6fd2JH4OMAhlBBBkoiI
#! D/V0GH23zCGxp+njEXiD9UxIx/BZm5gUKQWTyuGIxRQsAGNAqlonUAFReIno
#! EoCJbwHSEOaA0fmkugJIwXDLIWNVNyMQO3IASARE8upn/hgHz9rXqhW37Xat
#! HsTiBoM8asRdlIghg2RSsIPPCAdhmYnDCpFJzWo8wo8+RyFf5ipnscYT77JI
#! byWXI/3CXlm+iBYoFR0ZjDE6TaZLKB4RyJ6qgOEIwCvoVMpIUkj2lu4+mcPJ
#! h5i05jQYsFO56XLKlBOBya0QSSojoQZfCeT/pawtUvCwfDUkGohecpQ/JWJw
#! iLKQdqh146cbif9nBZUDljPpED0T0bXTMsbBJjkaUMiFvZWcFqFyGroADxlh
#! OQWbew1xUJOCCTPwphE6CtJAekuO+lPlqEDm8C8ymdMoBwEZEhLiMy7/KrO2
#! 8V98GJEEkP6ghuUL4q84zmsUIUfFIR4pqHWT7D/anW9yA4SqtcEYoxQseibm
#! Cqnn7kbOsHI+pU1T4GkqPQGkcMEEJJ4q7zJjjMDWiqoqd0SgBrAGCUj26+i7
#! Cjt7cKZywmElGPaLerFTufly/qJLKVNPiDJy6Mu+aPsXGkaUmzDUkR6WLwsI
#! Y3xsqT9Dj5BEEMiyUvBoQIgj8IkBDiwvC39qUq2ZJVOFMbXqM1FIjpC5ysmM
#! kZSZW1pSOXxHc4VEQN80CinnU2JMHGngKbiwc4Bhwt5c6BCkgQ07+0FaTiNn
#! OFOPwD6OsBzdaBBAygEmxyfnh2d0iax9Nc0fGkakhiQ+7tungNR4EPpRh+Ur
#! b9myJSYylBo1FASeaN1Qmk4MtCMOxbDFVbWUDxrlzglVa6J3R0TJ1Zo5Y0Ih
#! BfaKQpqqnFLpccbMTQrxOaBgpkEKSSpqkoLX9QEkwkxDF4DEq4UCexVIeous
#! kDhHAAmFFGWkEMkhPhqa/3k7QKiZjT/sGxlkcsSgDsWhAE9wqPRw+BCzT0i8
#! +bCFPKpLaUumyyJj5tUaATOEny01NSlC7jQq12KaT3MkgEWBJ04YyMIqXULx
#! iC72fc3ooiBVFG9RGDZVyCmHjSbRw6JqC1PIuMzGIZo/NAee1qH6erdb8JOQ
#! QRbUUZeGGjUAksgU3RucxlZdKDbpqJDQ1XGVw0dsThcBqXhSS4zhfPKkJm8x
#! rdY0XtVcIU2qNXPGpAJPfBcizWImFRoop2ClJhxcIYFZ487+skW9lK8R6XhL
#! V0+1oY/wo8AXxHHxFEymtjKRtNYpg9oQHHzoNAYxXB/09a1PLpowN7UwAIT4
#! YxTtQYgelYLEHvbpoPApyN0+zjbQQzKzxBV1d80ZI1Q0vTjNaQPvNaVraD8r
#! M0YKKdNFQJp4DbN8ChKIKw1dFNjHcc1bZCDxU+Et1ev6NCqHKFvcS4w17urH
#! PiFHQGIfTMoEaiJGb8DHMWfOHDHBbFg+5etYn/z6BoKve0PBHO9xT3q4M+tR
#! czHEPtkTUj86LoaY48L9vVx1vpxDUdWb518KKiDlfrKcTEEXvWqxZ0KvZpvR
#! Jddyg/lZ4sScLnPGNHQNoZAEWzV/r0wXpWAcAUUQPTw1p0sAST+YeAuOi3Py
#! F18aae1S3dBOxT/Zk2H5iK91ffJh6UJf00YQEnVEIGVhAR75FCoX8YgToIeo
#! D6NLDIOZWSLQQktZkrshzCyCrKs5XXINaZJ/TTMpPmVzughIc5WT5Q7nCIVU
#! UFnUK4TOnDFQBCxJ3+g3wg7o0qRgei9exSO9hQRTAFkw5xw0MKtkil6vp8+F
#! FiC9jg/0ypUrX0qbOH4165PfYgEUm8FgiPJzIpVj/4eqDGoMsnDQ4JCmZId4
#! 2FpZWVnMv3K7z6LKKcNqZmaWvMNgnWG5ZyLo0jjTwfwsATmEQgqVI+Q0dNE3
#! IoosZlKcj1eBloYuAhKv4qn2vUdYNO5mIqnT6SbmtrV2zkdNSJ/Ldc/MefPN
#! NzdK2y9+8Qvj1a1PLpZlu45veoPbmTNnYDfAFeiSwZP9iLAtwrCwKdmRnsjL
#! Y3V+FRsvy1qnGOHOnoJOk2ayaKHQq+Z0NZgqJAGJg7LQEXuDlWqEmUUzK7Kw
#! eIucTIEHqZxFxiiZkspp6BIn4CXNe0UKVhSyVFXII0ZNuIVkhoSE4NMPn9Qh
#! IBzGlsjVrE9+azzIYNulS5dgkCn/ygaZjlAWFiIpmjkI6m9HuNwDDvMWXhJm
#! VrTszAdnRZ9wsK6d0lsjIKVWieh7mKucCMrggynkgModtpBM5VLNnENSOTqO
#! fZkuegu5YHOVowB+OU0MWjxin5mU0q6irp4aQ9/UI8aYUoOtWyQ0MKftqFds
#! nagDh7FJOPT65Fc/G//mbdSlIcWTjTCVgppejSgdxSALzkzzvdfJ1S88o4us
#! hMWW3WSVT6Bi7mSJOjH+pcmkpF2azrDFrp14Sq0SIXdXmUlF/pXthkWVk99L
#! UCk/W5NBI3eADa8CNhGUfwnIcfGZTj7jm6atyM/PT2o97xyUJUN4Cz79W+9B
#! BtuoSyPUz2SsRDUpVArShQDEqnDQeUH3pviP9vNjF5Ais4tMat6ykwVQaJ1o
#! emB/sExKEjdYZ1jpvJl1S0TPROiVxUxqzqfFgpD8r0boSOXk6g5PFYabDEVc
#! Y2UC5ShYzNZAK61qAYTsu7Se9/ANhyYYeXl2s93B1+VBBtvAT7ofY0mAJ8+r
#! IVMsqx+7ECAuCtlZQJgTwk6Gax59312O7iFpVStF8oXWFXKFZNXdIKWaopCW
#! Mimos6iQ0Lpqs7Ezi55U9rOa3h0ppDaTSiG6zYVc0GS5s6hystwRjeb5l6J6
#! 62Vrnd+E9EoQmNh0HDsTixbgT5g+kWHsz1jcqBN+O4zIiC0zMzPR697C4BHA
#! SZ5eSB4ZyFFqJpEUKIp5DngXIokfyfC7N0h3D/57o0sMNE9ADB9Y9KRkFuSD
#! moEzeiMOmo9/idEHWbjMvcZggFHPxIJCSirH+FSfEloAqUgFkr2dA2kRQrxK
#! 1Mn5VwDpE5WfULQANiSxdg9iQnI2OBS32EaWvEkQiqmAt0Bsr2lDQZIwPio3
#! wh4cpqnTGMTsVlJFGkEWrgSgkpumXqKAEF+hKGRElv+9wRxF35D4yPhMizYW
#! T6mhN1gKhtalc25lCyDnRLxqPvpg7jXMB860ftaME9oZTOUQNRxvepdGIXEQ
#! gYOy7k09qkTjnv6yJb02NjbIvBCizLxyyGBC+TpAGFdzCGpAn8hNunLqxmfj
#! 37zNYDD4u9omx4ZmRHnmhNkLb0IcitmGYr4rXY0ij/QBwjR+MkFYHDKiJHRE
#! UfgY5Bf8dTNh1Bs0WicbUsq2stZpSjXhSUWRRjGEyjFIOJDywBkBSZBouiWy
#! iCkjvyqQ+L4yUUSgfITAE0DSTwjYatb3CfxEwA7bOHo1NjbCDoM9lILQQHAY
#! mDZH9Gdo9arh/ZRvHw9icQOEES73lEaOyYxWGjWZYUzfqOojuZOzMJliai1S
#! 3wbnI9j4XfCIwhDGISBEsHwdcG+M2z1edncDxcDk1pSpJ2QzSzbWvP82tJkl
#! ojTJd7A6UOMahHBpijQRcqVnrpDUMLSochRKQ2YJe9eAQqpAFixhY3PN01aU
#! TV4F/HACCASKyMiBabPxQdAnMrzzpiyujX+7bfjxXMbeXRs1oipyRBbnELIG
#! cSMDQvUheBMjJqI4pOxMqpjCj+eGjiEIi1UIiUZCEbYFG+RRMbOmaCG+smVH
#! WZjNkjKzsWKSAN5u3hAWzFBJNljXjtRsMK+B06jtrEFLRNF0DvBRbf4lIMen
#! 5CMRZ5VMgQxC+ghC+BEGYdNxTZNwuD5cmpd4+18Wjd890PGexpj76qJGVEeO
#! QH0I6rLC7HJ4KUgoUn0oeolEIEEoeowCwkz/exO9WVmowzbmboAHyxwVFRUS
#! wh6HmEZCIqZp2ckToiy0hSWtG9qQEoEaH6HROmoYDiZ0rNLj1Am0ZCARGgJb
#! TcMtNBO8tXbOn5jbppSC6ZUsHfOk7ByUSVMKh2vmvGjCXPcw9K3cUIqk+42Y
#! Mv6+ppj76qPuS40LpdovjWsgEi4NlxCQYvREkEmXREX5O/n5+bk42FAR6BqS
#! GaM3IPIXX5IBG6xfZyGNmjVVlFprkMEvKtWGSKPmBJp7DXO0hNYxqqf3mNd4
#! BCS9JTlTn9tkKF/SW7u+z5xA/5AYiFIuSsH0SuRfkkGCMLHpGP5CqUk4LP0Z
#! 2YPIy+PfthvgaY69b9pEq9b4+1pi78uL9WIJN9pfLgiFWaaykK5Gwf+bl6uO
#! hI6KyXHxmSZNXVM3Kl4yH/miRDyYQoqGCaElu1EZocHSKBVy8rsGtI6DBNKY
#! 15Byq5xGhQ/SJF8BWNMeZqMAHnZAYC5/1wCQG/piy9jYXHPnipy6tUQdKwW5
#! H4EkQhixj0xNH8cNQmg+G5+upbpxTm7qhpw5NdlxVpJVZ4IV9LA41iUlLhRm
#! OS90DLVohCWh655Q1Dmrigetq9pymWyCxsCKHGpxVEJjNLSloCRxZGYHS6Px
#! 6jz8IVSOzILyLjPL0MgRsuhk5UpPi5akdXh14OlDSjTt7S9fyoDEnyoAA4Gl
#! VS2JaikIJWRJuXYPOOSSOB9SQB/HjfRnLK6Nf/tv+JXDAzxyEsIqErynJ1q1
#! xd+XPT4gJ8YTEBaHjMiIcCYBBIFBXk4IEEvsyRInnIJFv0A94cEgVAbdOCFi
#! bEIu6oZOozQqV2Q6oiELnULgIGl0AH4OpLnKgS58BVn0NFpHfAr2NFGzjc1d
#! z8zMBIREHVIwdqgzIyrDiML1Nz6J6zZvwgyx4XevirJamGlTleSdMiGqZIJX
#! zvgAVvXF+sPV5oTZUy6G+qHMS2vcJedQMCMn2cGMBriy3HA+YqQCzGKzzrwP
#! bN5R0WRhNqKxvo+EizCmncEkDhwywrkY0rsEWqRseMTTgdLOFDBoXTKvAwcU
#! cmmv5hz8wdJEweTW89ihvrQCIe/M4L28STj7RiZxiftz3eZ9mME2ZIEVWaMM
#! +aPwOD3VOnNCGJVPteNGVISPKAgbwypDDzb8oRE6wdVgc4lJo0wU0hQt4mQw
#! iRPjDprMK0pBhcDBAdP2nE07Kto0qgpdrYox0cWA3NBnUeXoNKKRkq+MMZ7C
#! jATElYGNnJbdyVQKJmcDOfIjrEnIj8CV3Eh/RgggXZky/Ijc/A3J4v7yMWsK
#! bBvTvGuSvYnA9PjQ/FivmnEjysJHxESG4hxhcmWJoznDGotBQqdc0WPmYcUg
#! rKxUlHA1YxCaUYkBhVwyMDDBMu8gtRxprADS3C/gVTyaeFhTlcPJwIwSbjKV
#! B9N7BJDYYSJpRqYAErmDzEhWyRSUgsmiFCxakCBVhgShc1AmQUiX2l3lZ3e7
#! zYS5vu3MmTMpcUz60hOiWyb5NKR6d05yxNO2ROvC8V6J46OKo+y93ZwS9Ivl
#! S3JI4iwOyMpDV4oxGcQpoIqzaDEsjEqYASbMrJx5sS+AJFBbzTp1oqijn3Cw
#! HAqKmEhKAihcBgFJPOM7DlYKFi69RGNz5R07WPLl82SoK2haGZ5jv3XrOTGJ
#! 6+ovsrudB4KvaUMdkhPrdax+7MGqMXvLxmwrHt2R4VaWHLhw0kg45Ya4sbB1
#! PlH5ml6KtttsKnRkBICQpk0nppQMYTTEqMSAxTATusHaKTIheDTv1AmtIyth
#! MYcSeEwkzcgUgXMoTYtvh5NxsO2YkaJoGRubA36QweS2p1grhg+LCD8iHDHw
#! Y8eL5l9rk/Bf14OYb6xDmO7z2GTrhxvG9tSMfaBizMwc98rUwFXZo+aljuyY
#! aGVtdbdcB4qOmfkUYk0zZLBeCr3XAoEqTtQtwY5FoZMJtCh0FtoppjgRPObS
#! B4pkbyJnXk2QSBJvzff3V0Ahm9Vv12woms+um0so5tO0KgwMQt4VFKUg1YFk
#! UpRJXEnZYhLXV45u0HjKv3oKFht+X/zu++tdnmq1eWKK9SNN1g/Vja3PCJqd
#! 676xcPTyrFFzUka629xN1SBrxaiziM0TaI06NWXoIQmq4iwmUJI4i/060Tcm
#! p2ChlhPtFNM6zVzoLBJojqgm88pCh4PFM3qE6MlBQNJ1c0iUqXkNSc0nkIh5
#! wj0P5BJMmoStokkYW7jiKidxUQr+V+wEDrbhTxVZ4MxUXW+HzflWm8cnMw7L
#! 0sIXFXjsKh2zPn/00oyR2YEjXEMyBWDmBR4lUNFtG2xqijLJUwXMfOwVQA4x
#! JCG6JcBPYzG+0ikIoSOozC2GudtFWBQ6+gpy5tUE7DCqO/zH5rY/xJJv8wk2
#! ZZpnYaU/o1aGvEl4jClk2brA1Kvtz1AWFivI/R9IxyBwZlFwbkp0Z37wgQaX
#! C202T06xxv/2iYaxD1aN2aEf3Z03alqCVYi/P860iJYscXTJrbaRMkgVpxE6
#! mnhAbxQ9OnMC2XFLCTRZvdRosAQqI2puMUjoiNLB6EJAAFmilzIv+JRPEGNz
#! RZM3URYGeBRJ2iahUgqyJqEphENfZCdmXOMcWqbyX/reAbQKzZsL7J6ZrltZ
#! 7lebGZGTHF2VEd6aG3ymxfpo3dh95WO2FI1ekzOqcJw97Mm4+EyTkQjTdrFm
#! 2ok8pk90WRz6pxCAaXp0lHZxhPgZAjBQJAYvBFeAzZxAEeZCx7yGGVci6Cto
#! Mu9AouelIMxI7bT1cMQQQO5HqsxLQfUpM8WkiomNx7xirrZJKEblNOPC/6I0
#! 4gcui7T64WL7vsX231tg9525duc7dLnJ0UCxNSd4RYnnoeqxu0vHbCwYnZsQ
#! FhUVBQ7jMhtlt0sXXAwhcdQqEbPlRcfYssSZelihVwN14CB2VYOoeKNsTIbO
#! ofQVAJWGK9l9kMxarAOZhNasxF90WsVyyCDYA4GJtXuBXLJUCtL4CDUJaaAE
#! +MGS4FE0Cb/yug/qIlq0z5obB/xLrD8MX/xwo/U7y+1/tMz+P5bYv7XQ7vV5
#! dnkp0UeaXTdXeVWmh2clRXfm+K4vZvOlwWFMZKi1zq9662XZlQzdLiYCRXWn
#! GXWF4uGpMig2ZA4FReQvqKIz7xhbFEkiRC7nkE/NQTIHjLii5CsSvdaMHDcJ
#! MVGQsjDJoLYU5JMGxVMYk6SpTA8Ta/ZcU3/mKy+K19x86namEX+5P1vt8P4q
#! h5+sdHhvhQNQ3N/Mhku+O8/ulVm2z3faPtToODPfl/rYBUlhbBJXoB3jcNtl
#! MR4hhlzlGSlEXfmQ7WIEqZzF7DkYYJo6kHgWCmlRpggwDVeUdgk8ud9i8SvQ
#! +ell6huX9dZu7NMQSGNzMCNqFmYEJvAsLMpClclWBBWETAnTK/ETiklcVzPx
#! 7+ovP6H7qsil421FI36emtiRl7sdP1jr8Ms1Dj9fw2icrw+Zpw/pW2QPSfwW
#! 49Dm7FTrlqyghoygzAlhyVH+bIa/773gULkSzayLIidBk3F/s0Exc5ugcbtf
#! WQcqHWPJJmhYAj8WAdPUgZSItfipgIE9poF8v3lfPwjEG+lvJ48DGVeumJHM
#! vHIQiGDiVmFIlLKwUhmqkxb4Jcbz4UeggaSEcpPwK4u66yv8bkMjo9frt9R4
#! fWOux68Njh8ZHH+1zhFAFqbFPD3THQkaVeIb8+0uzWYcZidFH6xzmJGtrJhE
#! 6/nrdLqYUoN5F4WCCBzMIwgfYbGRItKuxZkDg+VQYRPktDu0xJEGkiQSV8Sb
#! rHJMOcu6aL/dNFo4kOOzGp3cA0BgeccOpRSsMLAdlIJU+0lNQlSDiU3HaJBu
#! Yk4r2AOKbBJXwXrRJLyaQZAbnCYtG5mv99YVVlZWHUWR7YWRrNqZFNNaELms
#! gk3af36OxxuLnN9dbv8DuJX5djvr2BTrC202h+ocMhKjxa3HaD1/SGLNtssa
#! AkkkNR5BpF1QQZgN0S4mDZRnDmhM61faBMAzWBdFCB1lWMEbVA74EXWkctjH
#! TrsZfiJobC4/P5/G5qgryFouxQto1hatq6CUgpxJtUl4jtqD5v2Zq5nENVwX
#! rX+9pSN+ZUjZx5vdPt/j9Okup18Y3F5d7AkgiUY28SAtpiAtZm5JSH5qdH1W
#! RE+z64Jiv8ykaCGGdF0JcRhbOjCfc4jpnQSkkDiLRaCchc2zp1C5q5E4nKbp
#! M8sqJ0ucudBB5fL4t8tQgYToaQis23HZ2kmdKMi9MJ+iXwUCacIM9ajlJqGS
#! iLkfgSmmAIReMbXiSs+rmT8zjDcQEV9Q3G3qlpWOKINb84KN+52NDzgb9zl/
#! sdfpH7udStJjvrPE849bdL/d4Pj2UpfXFzkfnuydnxozuzh4ZlHwohK/TeXO
#! dJ0dLRJCCy/QrcccPUJy2vYPPcGYsjDOMe8VC6LMCTSv5QYS/SAqR0lW416p
#! nBPmAo91G/sGkzhACG7pBEq7eWodCHrrNvW1nzC6hWXGFrGRi5z6tZSF+WDc
#! XgZh7R5R+9EcfhofUSvDAVNMTUK5P3M1dF3TXK9r3W5N6YivrB/v2KWP1GfE
#! 9EwL6lvtBRTfXsnS7ue7nf66Q0ccokq8ONMdB/9jCcvLz06zOdVkXZYcmK1e
#! BEpXetLFnj7ONpBWd3d3zTiaHJpBW/NajiTrKyWOTpDlUVY5TZI1FzoQRecP
#! oXJ4aQDREwNBQOJV/LJekYXIwtmV82iKAthjWZiSctNxs1LwuFIKcj/CSsGk
#! bNLDxMaHUNv09/cbr+X6ppuxPoNm05SOw3tfSD8/v0uL7Y2HXfp3evR0BuE/
#! BzR2lUT2zvO7ss8ZCfpvO3R/2qL7ZKPj0vLQRWUhP15h//2Fdi902Z5rtZmV
#! 7wv8aMkFsVQIcYj/yVEj7iJJpCJQzrlE4BB0kcQxhDiQFht6eMlE+sxUjtwu
#! 9s19hJJDN/YJidOoXAZ3JXgJOwzLE8bBAnYYqaRp6kyYEeaCEbV7SQZp1pbQ
#! PZNSkFWG51h/JqeVTeLKUfSQLrK71is9bwGEYhv20hFfKjP0PuNRF+MRHj0M
#! xd6F/oTiuvowSOI/GYdOf9qqQ4kIn/LLNQ59i+xfnWMHp7y7xkXcE5mVdiqE
#! ytpx/K5PrEosM1BDj+o3OvkrBywsWl2RcxmBnK7BgjSKoCKVI6gsJlmTkFSO
#! flRFHi0RWLScTxScsprMCEu+sMM0HNx8ItmsIUOloHqRO4OQCKQmIYMwp/Wa
#! +jO0iVsc3ggM17pR6ShGZK67dMzMzLy0zN54zMX4EA9Oo6ExDNG/wwPZubOE
#! pemDrYH7pwQCwv/e6PjROsf3Vji8vcj+27NtN1V5kiWh5QrFTU9oWVdxY1CG
#! ohNDEfCQuInUaV7IDVEHMqu7ccDqavonbaYSp3GyssoRVANJdhCJK57JcjTe
#! iKqP9um9VAQi6nZe5hMFF8LZ0egwMcZG6Hh/Jlld1kOMF9MFxTRxi5li5F/e
#! mUFSRuCl2OqD4kpPynpX8zlS9fg19vquu3TEyfGhLn2bfIwnXI3HES5EI/7f
#! +nd7QBWRo68cdP71VvfuOtau6SiKfGKGLzj8sNvxx8vZuN70wmACT140WF7W
#! VRSKZFiQaNJrVpr3T0TOrTAf1TWTOORZoNtsBtUQBGpoBEWy1RVQyUHnaA5q
#! 8rVvdH5s0Spaz4360mBPycJ8mJjNUOVZmMaLRSnImZxPUweRhaGE1J/BwYBr
#! 7M/QdpUW5hZs11o6QgYzJwSyzJsVY2gJ613uDyB7l/kbmsOEKgLFLw86f7Gf
#! XWv81Bw/cAg93NMc+NZSl3eX2+enRuemRBOHtHowdsRtGQlIcs0UMCzObkwS
#! a7dfNlc5YStoLMxiksVHDwa0UHF5FFBpk6wZYKzem9ljDhX2CUgiEK/S+R2W
#! wj0s0zM4CVk4t/0hGh1GLmYSTTRyCAemDqqloPAjbKguiWVquT8zsaw7wHQS
#! 19V/9LcJhGK7mtLx0qVLfk739swONj7i2n/Ao3eFPzikEqirbBxQ7NvgTShe
#! 6XE53BnUXR/2+QPOn+11urzBbd/kwKJJMYvL2UIfL8zSkQCS9BFyZFXEMnEi
#! R7OVu6hQVLOzkLtaLl94pC4xOCRjKxdy5gRaNBom8mhGIJWI5seF1aXWJU7T
#! gvfwQMRVGGzdxtFVS5SFKQUrWZjyMjUGRRbmc2ZMSkGgmKM2CWFVoIc1uz1j
#! aq/mIjvzO9PdtheYaGiUS0dmilc7GB91ZfGIEkCxq3ycAFKfGQNV7F3qj52P
#! d3p8cdD5n/udP9/n/I89Tj/tdm0tiCziTWwSQDkXUzqmVePEaupUKCqLvopC
#! sdwgE6gp7WQw6HFQAk+oRoNLGfYRopDDDh2nI+YEyrDhhJKZPYAwr8VA+/Wb
#! +2QCi1eYXLWkTFHgYgjY8EgDJaR+yngxTRQUpaA6WEyjdTwpn41PygaEUVFR
#! Z86cMQ55kZ3FO9PdSoN83ZtcOkLwAZtCoBQ42LfVhwF5ikX/fg/kaAgjIER0
#! lY5b1xB2cYHfFw84/2OvE/7rfrzG9YfLXbbUB4i7Pombnsir/dOShuKOPOIE
#! 0dnGX8QQvWIEyRcDg++IvCnrGDMalqo7OedSx2awDAvAiDrB2+QH+iuX94LG
#! 5Cw9HrEPAhUz0jkfjwNTFGr3gj2CMFFd4U2eK6g0CfmFJFQKKmaEy2AihxA7
#! Op3uK/szFu9M9y+x0JbYzp07B9h2LataOa/lRHfhG7snGk+7IpCaB8gkbeQo
#! suy83L9/nwcksWd6UJd+HGVtuObzs/2+s8TzRytdilPCxZqEchFISijfF4+G
#! +eSYGOxsN3YkVHFSx4khCLSYN4WtGIxAEfW8zJu8r79ElUdziSPpk4/INOJk
#! vAWQgD1kFtGXprE5GqrDjjJezAVQM15MfgT7wo+wngxKQeghIORNwpHWzvQx
#! feVFdpo705HC3HR6hmPDXxn+G3e1uhnPuP7huP8beyaCQ5as57Xo9fr3H4wk
#! IAWKvStZgmY0nuTxMPfRx1ygiobGsHX1YZ3FkcQkxJCqPqF79JTYIw0US/3L
#! EJKpiXC5Z9SIu4Bi0bJLcpIl3ixyJSROmX9lWgHKEjeZZ2pwOITEEZwWCRQB
#! M+IfEsOvWjom+tKs2OM00hExHmehFOSXkChPOYR83kI3Kw7LutlLU89eZZPQ
#! /M50t9va+0NsMMTsTvcV45gjnhLWu9qfaGytyRE09m5OV2h81BX/M3KCJg77
#! NvsgOzMaH2K25ePt7h9vcqPCTyziShxqhvPi+UqbGjEURSOyM6Ho7h+V3rIL
#! yjYEgbLVxWktGokDb2qGBW+MQFPR06gc0Ygwl0cRwWmtMCM0TSu57QINzLGe
#! DGdPGi/eQwJI48VskE4ZL1ZKQdYYhPTx1jQeWae6rJuMSXiBQZ7ENVhzw+Kd
#! 6W5Dg2xxMxjYAFPvKn8A1n/YAwSCQyW3ZsX0bfcBjYjeLemUrOe0la/syLCY
#! oMEhU0VqMB5xMR5y6SqJFDaElrMWN9kRvIl7KMttbTEJRxSKYW6jrPgWEhIy
#! xGgFmQiNjTWXOJwzBIEIvIqT8UbxXvZl+XuVc04ai1deAoF01RIIRJDKKaMk
#! vDfIsCwamLVlUgqCPbqKpOkY+RGlXTP1LNhDNYjQNAmHmLQ/2J3phvHmdzdp
#! u3SJ3bKqZ3aQ8VEX42kXJe2ecQWK+N/omRtsIo+Pub64PqyrucikdDRP0JSd
#! j7K2NiCMV5dPF50ZqgZl3ihfy95ZztpyoUh3JcM2PqtR+BEkVsEb+RRN80Qj
#! cYSiRZMrzrGgkyeNk/f3V67glScUsnwx7HBuxzFaUZBDONCXphE6Gi9OUgVQ
#! TJuRS0F2nPuRCRw5PmlB8SMTuB4GJLRc0yQuzSa3iIcbn2HYiEBoHajj+Lmo
#! wR0xHT+jlUfs9O3wodKRaMQjSsczK8YrqniSi+FDLn0G73j1DndUE9K9dciJ
#! yLpHxaEoFEkz5awtm5r4UE9RK+bOOlOpmlzWQhncRIjACaRm5vIon8MIPGmk
#! mGYWleveYNfNlcyAHc5oP0MQskTMZVBASI1ByKD5BP6BUpBDSDJISTmh8SHm
#! Ymp2E4TYp/7M9RV4J/j2Bt9uAkQ3tOEHc3d3h9D1rvE3Pu4KlWPBqQNmTNZI
#! GM+o8ZgrCaNGHqGNyM7I0UrpuCn9/f2RTAy5T+ld5LehLkC4D9I30boh2ERS
#! lrGkp3JG1uAqakWgmD7thCjh8KghSmN1ERalTzBMadccPDlgRmLSm/lVS8co
#! C5MLFn1p6lGTQ0niEFKTUJ46qKx0xKcL0tRBOSlTfwYBz0jL9V/fItW3bZcG
#! v0uI1+ieecG9awMMreH67FhG17zgvp0+hqlh2JeZJBShh2z4+LAHvWQmj+En
#! Fke+fzAS/mXX0qqVc1tOrC5k5XSPS1+3l7gRLfFDCZckURhnix1FTa9bGBYg
#! KjI1UHQYzVrcvqHxGpOrSbhUCmoyrEbriFLBc8PmPosEesXVs7G5DkYgX8RD
#! GRahliCN0NEEfkq+2vFitRRkTArqGlEZdiuJmJqEan+GmoTXh9PtaZDxi+CP
#! y3jWzfikEv1HPYlGIopoZPIoFPIxV6aZ3DWTKsrHgaIqj7GQ0J7ZwS+uC+tq
#! KlrcVcdoXFk4tSpbNiaUi2mhdTGMQgTKIylCNlPVW1TIbUaZQ0SUnxP1FeMq
#! DLK+yQkXj4I6i0m2itd7tD9lfz+iZFYPMYmX6Ph4PjYHAmsa2/kkmQuJtffL
#! WXjgknY+YUZMHRTjxXRbHJo6qJSCOa00f3Ui9yPMF/PRumvqzwy23YYGGb9I
#! VIB9V+U4qB+o6+0OYDTywEEc6dvlS9pIJ/Tt9DU+4abN2mqgOEReFk+ZPK7y
#! N0wOw0Eabt7SFr1/buqirlr4O1jI4uyU/ChngZy5xMl1o9zMEaCKqwY0HNKZ
#! yNHuNndrUARvEEOmimZEydHAz7GYfEEj3oI3xqfk2+q8yqexsbmJeWRGLlBD
#! hgbmlNWN+NRBVgqq932wMF5M81f5lXQ0UsxMMc4s657Im4RkTGKrBiZxXfdA
#! 8G11r1gQiN/I0BbeawjsP+7Vuy5Q0EgECiAR/Q959swPxnHWq8mOhVSCRiW4
#! SPb3eABOkaAH0jcf6etd4d+7nM29QWXYVRqZHecPAqurq/Ef0j6lCUYGyVoW
#! PdGroRE94lAzoiectXhVcCifKVCEatXvvgyEoIHmRLEG4KweSriac7RxikX9
#! HjZRcGJGFbtqqf2CakYWsoKQWoJqWYinBKG4FY4YL+Y0KqUgsceuLOaXt1NS
#! hitR+jN8Luv1TeLSbLfPCDKbLz3OqmdhCAjsquLsEY0nvEj3FG1cF2g856aE
#! Ko8QzAHxBI1PupE8Mp183G0gcfMCEmI40K45waYj9u9y/95yF+pL58Z46id4
#! NZZmAUUmj6VZeCoXgRrSzEf0RH+bDA5po6avKE+HgP+CmbWobyCQSkc2Q0Y2
#! I6csxIAZQSnYTmbkfkAoWoI0fRr7jEbeG0ywPF58jiYtMPD4IjNisBjsJapN
#! QjZiUjg/pmCF0LHrFrTbpD9DBBovurN4mkX/w1696xmNVAcSjXgEmcynVI7r
#! mR+iyOM5d2Ky/5gnaBSlI15F7iYguTy6sYx8iPmXvm3qeMrDLmxa7GHnz/c5
#! 0eIMJqgASL0eaRpAgsbKtDCBnMi/mnFnpWGoNhUJReLQ3EoTinQzqeC01pKV
#! lywKHSCENjJ5nGxAYGfKgX5zAr25GcmZvBsEKn1p1YzQDGpAqIwX86UVaLbq
#! wHgxrbZKpSCfuSpDSBpIENLMGdafKZwv92euu7S7HQyyQmCv+0BcVMLQHg4O
#! iUZ9TiyeChqVQZPs2J4FIX17fI3n3TmNLAhOopGdMD+Y0cg5ZPK43UcZaAaH
#! J/nE7MPOvfP8OvODxa2QqRVDmsZmGE6MKszNnFxbCm3EI2gsjLTLle7oreFQ
#! biqKCtMirnQyqaLSz+k8IctdRnlXw5Y+ARvwIxqVZL2lr/OUcXylYkbYvZbq
#! 7icIOYEXNDO1FEkEgeo17MqlneqNYmm8mCmkeiUde+SlIANPTcqJvD4EjU5u
#! AdSWuZGbiH3tBvnSpUvMCz/joY1ej55FIV3VUdhhcdGj/6R374ZAQ3sEaKQg
#! tYQ2yjQyAtvCicn+Y14IKh0pofP2DpNEhcOTrGvdv8NdnxHzxjLPaXnB5DuE
#! KxG3pqWCkGiEKlLpWJs7ITdtAhkWMZJiPpiiyeDm/W2hiqKfA66AHDBjJsVU
#! 9DrVmHqgXz+rJz670TM4qYKbESTfpJYTROBAN0bVQyGJbP1z9Wpik/HipmNi
#! 6iDUjyCkrjX5EerPiCahpj9zIxDSxNHhw+raNjZdPyGQqVxHRN8BP+OzHhS9
#! mwIZgaZYUhCcRGNXVRTIBJ99+/xwROkKtoUr2kghyaNSOk4N710dwCB8mEHY
#! pY98a5XX57t1P1njIiRLsEfJlFqFJGt4FUqoKR2LEwKIWJxGN9EbrFbUjLOY
#! D//RlEV3/yi/0HjYjU4JPE3oV7Kpqql5DWRGCEI8KtbDtC8tLqYjR5wkNQnl
#! UpBmUCML08KDVA0iF9PgCM1bSKjm/ZkpTwoIb+Qac5qP/XWVhWy6vsu9jKJH
#! vIk6RuO0CIXA5zwEk0o849G7cQDO/lNcGzs4jdVRDM6qKABJO2Rt+vYyGiGS
#! wI/ReNZd6TpODacpEPrMmHUNYZ8/4PTZbt1ftjk+Ms2HUCE7HK/eH1n2F1Q9
#! DgzqxflXFmZS6VhfXgCppE6juehRiajp/4BAi2l6YrCzj7ONjZNfyKRWwGZO
#! YAO3w7G5s/EJ5pEZyVPMCGCj8o/60mIOIcvL6iXt6s1hj6vjxefEOjM0SkKl
#! YGLNbsWPqP2ZCdS+xsEpT4om4Q2ai69xnj+7eHOTDqlWUTlw9ah3zxJ2GQi4
#! wk7/aW+GohqQShzXYMne9Yg3oUg0gkx8NSBKmgkambWBrRbCeJbVh/0HPQwt
#! YYCwk6/ksKY29MmZvj9ebi/uxC23B8XFUCSSlJ3F1C9lNDk+FOUilY7V1dXl
#! 6dHyLAgCmK7yo6mM4qIq8zFo+rKMfLVchPVgKD5iFOEenhlZtImNjJAZ4RBS
#! KQgURVtGHqqj7vQAhPKyHtQVTDYtBdWZq8rC1DW7SQ+pPxOef1WTuK5m+7q6
#! NIofueDO4mkPgWLffj82AHd6gMbezUHG5z37z/gwAp/3lLGU4cQjGIaKCm3E
#! Pr3UuymIaGRtH9B41h0Q9m3zZa3sY2x64a+2uR9oC6QFvqgNKJqBpF1iSEWo
#! HMmjGGGhxEo4sWSdOQGqKEpH6vNopsuKryBfV6WpJDXlog0vF4lAl+BsMiNJ
#! ZEbaL/BxEOZKxHRBuTikFS/FCJ3peLG2FKSrSBLKusUYMTPFapNwYtla7ERP
#! aly8eDF9mjfYcP66DDKTwQ0641PuLBiKHoSikDISRgbVNEXlsGN8wZPF8wMB
#! OFnX5YC/8TlPEf2nfQg81qthNAbJB6ksZO/a7EPTur445PzZPqe/7tL9ebtu
#! an4k+Qia5UViKJuLeHXav2w6CBgxz4HkETRCGwWN2MlPidZ0HXPV60zlFC+U
#! U0NmvAdDEUkQdrhi2k5ACNiYGQGBGVWqI76gTJ/mfWk5L4vJCUlSk5BmbSnT
#! ZhqPkQbG8zUWIH00PJegJmUxbIeIioqiTvWNr2509bchG8aNyWCkldJUoSzJ
#! UPToP8GmVzFVfNpjQB5B42lGWleNUjT2HfRXaHzBEweVp8+bBn+pZ2kohFS8
#! kYnqC579j/noc2MNnRFQQnY1ylL//l0enx9w/vR+p3Nz/FoLI091+ojJroSH
#! PI/L3OeKniE1qC3OjIWz1nQdRakp0jR5c0G4RTedy5ezCxufBzOSopqRxLr7
#! kYLFvEGARzNnaJREzcvchvChOnm8mNKx6AqKlVfJjxBvYroCbxgencCvNJH7
#! MzeI0NfSpWEXbxp0xieZU2Ch0oh0aWiLYKqoYkkokgFBEQgae5aEMmHMjQVg
#! AAlh/IaneeBVsCeeArzeLcGMxtxYPLKXXvTqf9y3d2swvkI8vwbq0LQgPL62
#! zOtPO3RthZFElJjVIBMVLy3UkGs6mELc0mRs8ytTqM9TnZ+C0lEYGbmFKHtw
#! c23MVbvoZEYIQi53C6lBLXqDA31pJS9X0urT1JmRxouVC4rZPXFoloJyZbHS
#! lCZHTJ1qpT8z5Ummh4XzbF0jbrxJSNutn8ZAY8R87oE7iyfdFRrPsWXc+o97
#! kY1VRPIpD6CIBNq3z08VRs/+R32gaVA21pDpjOg75M9IexHhRdF3KIAw08ZL
#! XqAOHFL0LAvFEUT/E76924K76qKIxgfbg87N9hNSJmZWy4lS03/WDKbEW7oy
#! JVeaeIOX8qOcoYdQRSQ1uXSUUbToWXCyf0gMCEzhZkTMVZD70pSCCUISRhoc
#! UW6FMzBefE5pWZuUguuSuPSxjedf8iPKdNbqXaSHcn/mxiu6WzzPHwTmp4az
#! uVXZsb1rAhUUn3DvmRfCZylwJh/nBzmKsBI4k2iUcrQnCjyyLaRvIArKBqL6
#! DrN7voMrAswkvunVVRvV1xNA1Bm6Ilhe7orsP+tnfNkb+707Q/qOBxpmRerz
#! Y+W0q0FCOGI6hxyuxQa1hiLNxBt6L0pH6GFtZanGyFC/UZ5bi4CEwvWMtHZJ
#! ITOSUUVDJLwts1BdSEFxxLTiFvMj6hQFebxY3JaOTR2kWQrKyqvdlH9peI4l
#! ZShn4fyE6t0khqSHNziJS7PdYoOMH753eYDxEbfeVQE0zY+h+Lg7k7tdXB4f
#! czeecWOPHEXWW14bqGqjh6DR0B7BLYyn8Vmmjcy/8EoPmAEw8GYePcvDgJx0
#! xLv/ST8cZDm6Lgph/LaP8VUf43d9jN/z7f+Gf1dTNMkdZVLR4hMTC0UvUXR1
#! NM5C5FY5I2tYpTEaVhbG+eemTQCEIlnjqcw8ZBMv4cioEXfF1/WAOgYhmRHe
#! llHmS5us7ME6M4ScuBvOwHgxXV889ZwoBflVdQ9RU1pxIgODJmvj1Vs4xZZu
#! EfeMuMH+DG20XNutaVmzGYNRUYbGsN4lbC0j4ykFReY72Jgax++0m/FR/sj3
#! mawd9pK10XjOAwFoYWQG5JGnaVSMLKVC07ZyDl9GeFP0HQnAcbb/TW8iUImX
#! vKGELEHnxfasDGMQvuZjfN3H+KZv/4vsLSRooiFDXMluhZyIZgoi5WgCmLLz
#! YJfSC8LF6Az1eUCjbGSKEwKa66vpa8Ijh6dPgx8RuZhGScR1TKI3mNR0XLME
#! ujJUJ8aLxaVMYvoWLwWFH6F9BmHhPN6yXkv9avgs+kyHJZPSwN+tyciofwx6
#! +/Nz/LrrxdIx4b0rAmjaMx75ekdugJMe8ZJhcjhjUmgjD2gjg1ZYm/NcHi96
#! 9D3A3Ctrxag5mqPobXzFG0IHDhUmvynFi16sIKyNAoqAkKG4Ksz4HR/jG77G
#! H/j1rg8SnUNhOsgmix6LrJOa0RAxt1BMYzCf8CBrnbjWQHRvqM8DAcRnjX0S
#! T3d3d6/IQjFvkCCUBXBgtRneElTWP+c3ahfjxVwSB64iEU1C5Uq6ovkiKTOT
#! wktBEEh6GBISch0rcQ2x3UqDjFz89mL7Tzbqfr9F98ftTj/b4HZunt/aBg5k
#! ViyCdpCvaRFCUNq32Vdh8lFVIU+7GaaE964OZFhSMJFk8ogCkvlraGPvQI4G
#! iqgDDdMjgSILGcKXvI3f8FIzOHup/7xfV100Q3F1GPQQfxozSkJE+1ruHGqW
#! rBF80o6ctXPV5rYQUnE5gCZN02nmq7sDP0ii3KXxiquXIOSix+cniBW3+BRW
#! 9WI6cXNYfmWTyXhxjtKfEX6EDZ2Q9PEZ1IlTzgprDBSpP+OpLtc/jDeDuGUG
#! GRD2b3D8DY/fbtT9ZoPutxt0j3b5rqgK/cl6t9dXe11c7L+uiY2mkU4y/9sc
#! xpgEig+7GU8qwXL0AU8GJ/F5Gnmc0cgAZgWkB1WPVy549J/0oa5175Zghpya
#! nRUIv+HVd5AZGcU+f4On6Ve8+5/y76qPhpyyl4659R9gc2uFmomZNvJjrjqy
#! LDOpadQQgZTfNeZXUytq5vPAqsgQxnvcY+s2TrRlaJYCQahey6lOJlSHiS2P
#! F6sLXdICC3QpE81cpVKQJeUpapOQDZocpYzsHJg5XP0Zsd2aef50I7CP+A2Y
#! fo1Y7/gxj2WVoaem+Xy8njH5h826v+92+vVW96fn++kzOIRNbBI+MYmdnhnB
#! CLYq5nFXJU6YwMlzN2PyymPuVx53v3LW48pTHsokhyWhxhe4TSYOX/TGU97E
#! DmbHEc9zDl/igvkdH+abMmPw7YB6fw+bx1icqZSI5IuFbRHzBuNNZySawyaW
#! YJI1M1eahahp6RDzhUlhZEly1YE8GGRyxDR3emDyqnQdk3zrB4vjxQOlIEvK
#! vBlIpSAfp6OZqzRnBvixX61wnqY/M4wjbrfGIEPAq2NGftDN7v+F+HAdi1+t
#! c5ySH/lwhw8xCQ77N+iQr/+4RddZHHm4PYgt8pYR07/DA9G7yB+mRugkMziL
#! /fvW+xiPuiJ6l/IlW8HkCbcriIfdrpxyu3Ka0ciU86h3z/wQ3nL0h4thyIG3
#! 59iNJxh7z/F4FsFfepFJIr7FhYX+SqX6OKs8+0/57JwZLKY0yG0cTbNapOl4
#! dZGHgbFg0xPo6WBdQaI6Pz+/trJUphQ5Ja58h1hfSzYjypVNfHCElp42HS+e
#! r4wXq1eRiFJQhlAkZSoRWY9a3YZrEpdmuzXz/FHKbisd+3N+M8RfINY6/HKt
#! I6IwLeb7S10ISCgkUASHSNb4fXHwP1e57psSCA4B5Jf7nL98wBn7b632+nir
#! x8X5/uvqw7pKxlGTmd1IQj8OoL69zufLHlcWD7l+ecy1d1nAupZwBuSj7n3b
#! fbsqokCj8SlPIGfoiOBjMV4MSwre8wGWsCQl6TF/P+Dy4T7Pw3MZvf3HvPHS
#! 5894bp8ZTMMZ5lpHFZ3o25CF0eieGBCUrQ29kV7V9HlwRJ85ARCmqiuW4DgM
#! clhirckkGVUGGYTS4IgYqhMr8CurfNBQXc0ecScI6kuLyzknqBcds24h9ahV
#! e3LjF9mZb7dmGgN+8pdn2f10lQPifcRqh5/xwO/FsFzrSCIJFJGvX5jrMTU/
#! Eq/+aJnDT1Y5/HCFa3tR5P6pgd9d5tVRFPn3XU5K7Hb6dLfzp3ucP9jI5G5t
#! nbLyG4DsLBkHRC8u8O/UjwOcV464XnnI9cpxt/79nj2zQpi5PscvmT/lw8C7
#! qMbTPJ7xXNcc/vhM3/+3z/l/j7p+dsb90MJQGiuESP7vs15Ty8ZNLQohZkSh
#! mK2uxy6Pm8ijfrLuCT8iACbANPMVyZvQRAhK2XSOlyu79Q+JnlhnRrkpWO3e
#! ZHVwRAzVyesqMAg5YFQKKmssUCmozqBWkjJPwcwU8/4MMyYcS7hj+kyHpUlI
#! 260xyMgghyf7vLvC4cc83kOsdOiZ6tOSG/FTziRXSKaNH6x1PN7us6gsFCf/
#! 1zL7/1rm8O5yh9cXuexsYneFgIv5wxbdn7Y6/c82Jf60zenSYq/2wsg/bnX6
#! I55udfppt9trS7zOzfJbUxtGTMYr99xha7dCLdlyhZPZXBomiRekeIr3wy8y
#! hN5Z7fqHvc5/7nH52yNun573+OgxX7gVuOaeVexrlnAvL6aqCvNLC1/nmg7h
#! yfomOjxiPqGmLJTHU+iE2lzWxJan10b5Oel0OmoMign84n5MNHVQjJJQRkYK
#! pqE6+X5MVBBSFqaZWsqkBW6KyQ6TIyYaseMfmT68/RnaboFBpuVlClJjEPP0
#! IQcnez/Zye4Je2iyz3x9yLscyJ9IIrmoLGRTXcB/LrX/DzVAI44vLg8tmhTz
#! nytdf7tJ99+bdf+9SfcJD1js5ZWhOPibjSw+Rm25kQWOEE4/XusGMp+c5Xdu
#! NiMTOkm1pcUNyReof7zB8ZNdTr8/6PI/J93+ctbjg9O+B1eG6fPj6Jw31nm9
#! s8H1lxsdX17o1JgZJM/mmmh6ryiL9kTWPep1m19xL/wOQSiXlHFeo2xsbERb
#! Jl69jklcUywGR5S7tLPVFeYPjBfX7JGvIhGlICVlcTEdTVdQFoJT9dAzppYg
#! HN7bQNCUsGGUVvON3ZAu0uql2U5nOtwPtHjPLWFzVvM5k005EWDyW/Oc3lnO
#! FI+kckFpyIMt3j9cwu5c/IMl9j/kARRxHApZlBYDL/PRekfy2tjZ2RSwtCKU
#! 3fjYoFoe9SV8o1+v51hyMn/DyfzzDqeDbWzaTN8GH+MjNFboLhqPHSWRrQWR
#! +CK/3u702wPOvz/p+tp+f31BXFdzdM+mCMOCcfDUf31A95vtju+vs+9bandp
#! ts2GCs+i8V4WC0WRdjULhmhydKLpzX3k91ZXV6MslA/GhfsLCE0vKqlM4oMj
#! dEM6GiaeoK7Az1KzPHVQvQ0E45PmJzQ+RJZEScocQioOSQZ5fyZj2PsztN3s
#! kTv87azNH/39hXZvsbB/exGLF2c5gcPGnAgEMQkgSScB50tznHDOW/xMoEg0
#! 4pxvzXN+dYHz5LzIrQ0BqCR/wd0NFPJYmw/2f75GCTr+zGwPGB9WbXIyP1Qp
#! hYqurgk90BrUURz55Dy/vx52/dtRHg+5fvYwW+4VRcJDbT6Xt+v+Y5fH/qWh
#! +vzY3p4w43t+xp/49z0VjBNW1Yb+eiME3O77C2xfmW7zYqfNmSmOojikYWVB
#! HaVReYSOQpOj4we5GAqupDg7JdH0XgOudiMjizaIUlBAKMyIGKHjO+coHZMf
#! YePFynJbu2nt34HLOWlhap6FyYkM6CH3JjbqJK4bucgO27PPPrthwwaDwfDJ
#! J5/QkZvdpYHSZkwI29vg9cZ8O8T3Fti9ySM/Nfr5mU7AErB9Y5bTA03ec0pC
#! BJMN2RGzi0P2NXk/0uZO5+D4i7OdIImX5jmDE5SUSOKIBWUh2EdOF0HJndWc
#! eRE/XY0U7/izNSywgwCKKC/fXeP2brcbHNCO5sBf73T69W7nj3c7n5zjNy0/
#! +HyHDvQur+MlZQ4fyimI6/9ekPGn/v3fZRc+G6aFPzvb/b8W235vjs3rs21e
#! nWVzvs0xNzn6aIPDnBx3yrPyeJ9mbli8ekWVHLK5zpbud9bY2CjmwYqBGxhk
#! r9h6siQKhNIUBXFJHW9QH6MsTBooTx1UXDCNm3A/Qk/FGDFd0zTQr67eKe7p
#! eSP9mY8++uj+++//4osv3nvvvQMHDtDBm22QYY07sn3rsyJWV/h/d54d4nUe
#! rLjiWBKZBOdzM1gh98x03Z4GL3A7qygYNOJIXmo0HsHko+3uP1hs//Jcp6bc
#! iCc63eGgoZyvzHOGhaHAkR8tZ3GQ15zv8Cz/DoIfxCM4xJf6aL0O2vjmMpeW
#! vMgNtQE/6nZ8Z53j/PLQqnTmWQAhHv9+yu3ipiDDrMj+lwP0RXH9bwUZf+bf
#! NTn66Er/LbX+7yyy/c9Ftj9YYPv9+bZ7673qMiM2VXq25gRR3ShG3+iprGPC
#! sww2P1buJQJCMdtQvB0GGRmZzaAWa1BLl5AQjeoFnucYhMlKQ4ZqQqVnqF7J
#! rkzcqlFa06wvra45Q51qepyQXsEuFefbjXT2XnnlFVrY0MizMO3c7Hn+gLAi
#! NehCpy4vJXpVuf9rc+xem2t3fIobnn5nrp0mdjd4zSwKVp5yYhG903UPT2Xn
#! CyYhlfQ4h1eY+5u9UXCKxM1isb2h2h+v0lN66W3+iJyOt0AhIZg/Xu348jxn
#! yC/+QF5dYJeXGpMDQWtx/eFy+x2tgWtbwjqro3p3Bhv7fPtfC9QXx/X3BfVs
#! i9gwO7g0KWBrrT8EuTknQpia2syIRcXscq2NZc7dJc5zc92RAgSKmloxXp3+
#! KjqEcvNQ1JbtU5ryo5w1sokTRlq7iMmrSikohupMxovPiQkztPI5WZKJ6qVM
#! dCWdWOwI0idf06SMs6gQipmEN2Iizp49+/bbb9N+d3f3p59+arz5XRr85NML
#! g781y/b8NF1dVsTKcr9Ls2131nlh/9tz7BCvSrGr3mtGYfCrpgfF8ddUOC9O
#! 14HMNZX+9OmDzDwVS+zPKg5B0M7JNveTrW6vz7f77nwuwvPtIKcoPn+4lMO5
#! xP7NRfZPT9fVZkXUZEZUZYR/o8vm1Tm2UM5fbdWtamYZ2dAV0dUQDWMiYOvZ
#! Ej6rBmLod7jZ64l21x8tsTvU4jW3JPj1ubbn2nXA+OxU65ONYw9Vj91bNmZ2
#! jntJYoBoEsqLPJAlodydql50rxE9VNTpE7WeJdWXjZuMrz2sXtk0cJd2GhwZ
#! mEPYdEwZLzadOkiWhEpBZd4gTDHlX96fkfWQjElYWpu40vNG+jPPPPOMuJ3E
#! 2rVrr1y5YrzJXZrLl9mV2ttrvV6eaYs4265bUeaHwBEiUxMryv0Q35pty8NO
#! xI46fj72Zw0cvDTbbme9FxSSQH26S4eAxoLYXfw4OEfkpjB+8IjAF4HSgl7Q
#! CJhB9bfn2b000/bRqbrspOiNlZ7fnGGLl95b7fDbrbrzi/27Ksf1bgrq3RXc
#! dzqo71xw//eDkJeNH/qfWOt6pMXr/WW27y+3QxyZ4j1fH/zWArunpulQHJ5v
#! tX6kyfpwzdh9FWP2lI3ZqR+ztsC2KjUwXr1plFiFSW4MiiFpmTd83MnJyfI8
#! RgqUhfAm6pVNe7j5XaAsd6nQeG5gvJjflk4dL1Za0yEhIX7BMSOtnZHZaXUF
#! Po9aGSNWTAo/Ag2ckDM1IGXWsFxk984775w6dYq+zvbt28Xxm9eiQfZ3d3fH
#! 54LoKgjeWuOFWFbKchaefnOmLcXLauCgIFaO5WV+CPkIvXFbrRfQUl6aZfsK
#! D+zgKZLj4WbXl2bYvjjD9hvTbc+06k636pbybw3d6+Ev4fgL0217p9mcb7XB
#! 8eem2bwy0/atRXY/63b8/Q4nfUZM74oANmvxOU/jt72Nb/kaf+zX91yIvjDu
#! k5c9WzN83lti++Mltu8utdtU47+xxv/78xUIn2q1ebTZ+kjt2P2VY+4vH7O7
#! dMwO/ZitxaPBoZiKI/wL9XZIDMmeyLzh4xZNHqKU1DLA4W5bt0i6plhe71fk
#! ZWigUvtJ9yKhWVtUCoZ52gY53hPt7+ziYBOW1s7kTjXC4pqmgfG7wnme0TU0
#! iesG+zOQPmTk/fv3b9y48cMPPxTHb55Bxk+bF3IfADjY6Lq52qszPxhZj5Ia
#! Pqyt1V6Hmlwfb9WBk5d4EKgvqU9fGvI43oWD+ILg8Eizq4K0Sh3SIvTtmWm2
#! vR02T3fYXGi3earN5ul2GxyHBcYjwlDheb7N5smpNiv1nlNzgl7oYmr8g6X2
#! H6x3/NNudkc8NkXnrAe7khQQvs0gNP4qAGWhYV7kjNpQ5OL/WmT77hIG4YZq
#! /zfn217gEF5oszndbH20buyDVWMeqBizV+WwKi2wIClsea5tc4pr2sRo4VmI
#! OtHuFjUhjgDCVHUNWJG42aSdUE+UhXg7zRskCJW8zC+mGxgvLlPHi/ktmagU
#! HBfoURI6ojiERZDuHlvXSMq5rDPDC0JFD+nSEhwpXRuVWCxup3jjTcLPP//c
#! HJWbdEd4fOWc4PuenWYjx+mpjsCgJoPRSEyCB+wAUXyCW6q9gJAm8JLF41s4
#! 2EARuicUkvGpQgiVu8gJJNgen2KNb3eu1eZYk+PaMs+KSeFZSdGz830zk6J3
#! 17jgXfBN/7Xc4aONuifn+HU3hl0BhE96yEpo/DCg/81AKhFbCiIA4TsqhM9P
#! RzHgil9hQ4Xn3ALfpsyghgwW9elBxSnhRcnh6QnRkxKiwSFikgqhsCfiYmcx
#! 4ys7zh/GRF4+Uawigh1nB5uoqCiqA2nFabqCSRkcYdfWzZfvRUJXkSTwu3OW
#! ho3QI0JHAMUk73uRlPlYyTwxRiz0cAIvDidMqkD6Jlc7LBfZmW90wzu6tcTw
#! fmUIeH2s1dNtNhe4Cl1st4EuIaozwjdWeS4u8evIC36uk2F5oMFlUxWbXkVw
#! EpZgFfr5YKMr9qGlUCqK59VYomedvcdadSSGAkJSwkemOF5UNfCJKTanW6y3
#! VbqAOhRsSJd4fLhh7P1V9qWp4YAQGRkqCvPy41UO/Vt0q2vDnl7k/+VJtytQ
#! wmc9jZc4hO8yCI2/8IcS6vNi+/b4NOVEbKz2K0hViMrj9Sc88txC36VFHosL
#! PRYWeCzId19V5LSi0Akc1qQFLcrVLcjRTctw78hwb0t3q0vxzk0Ik1EU8ghf
#! zIyJtACOPL7spxvp4RsuIJwo5eWB8eKp0gLU/Kp2RlQEM3QJ46MmxfhnRnlO
#! CrEDhPHSHH4yyMr8mSlPUI62srIa9klc8nbzDDL+D+ekjcLnizIJJDyl0ghC
#! TrYwQhZxDoHlM4hpNkQO1PLRKYSlZ0d+MIglLCmTIoDrgQZXxGK9H+L5TpaX
#! Uem9wqtBQAg+8RaWiLkGEoEPN1ovK/aEQCFRIh6qG4uyDR62MSMIZOIHw9vf
#! XGD3/lrHT7bqStJjfrXL45+n3L4863EFEH7L2/h9DuHlAOPP/fUFsYYZEYaO
#! 8B2NfvNKgptzItZXoya0vdjJ/hzwuzwxxfpEA/sWPTXsWxzgeTkjIbo10wc+
#! ZVvJ6M1FozcWjDbkj1qbO2pV9ih9UmDqBKW5LSrA/JToybWltLqIsDOijRMR
#! 4IGyUEzaF0N1tLgH3aRYYU+dOhidVJIZZlcZMQJRGjkmL8oFHKbEhqJuh9BR
#! k1Bc00R/VgxC8Fm6dlj6M0NsN88gA8LZqSOR/s6rQTRmJ0efaHbE547HhcV+
#! CNJJ/L4g82KHIpgigN/+BhfwKfQTZOKggDOX78P8wqogR4NPPAXn+I5IwdA9
#! EAgkIE1Ijgcqx1CQccCZk7OD8EUuzbbtW2z/i27H321lPfN/9Lh+fsrti3Me
#! Xz7HIXzT1/gOg7D3aJhhbmT/eR99dszhGYG7azzmlwQfaPISEMLgUJfmeD3n
#! kKOO+hBfsy3LZzf3y8ThhoLR6/JGrckZBT2sTfaeO8m6JcU1bwK77gC86TPZ
#! ZXfyapyiMqQb9wCMiMINykqYypVNrQPjxWpjkI8Xn6U74JSPG1MdOaKKgtOI
#! cBpzN4PQ9JomZorTK4Af9mMqD4iZhDfvcvWbNM8fEJbGOuATOUehoojf60ST
#! I2kjOKxKD4dHAJM4foGrJXLo02oQnKScmmjPC4aWnpzsCG2ERybT3cnEk+X0
#! 7GQlS0LoMhOj9anhqM1m5bjvKh0tYnauO44frncA1UimD0723tYQsLIqdFpx
#! 5GdHXP/xiNs/z3l88ZzXlUscwh/5GT8I6GqJ7n0wxPiKp6GNNRLPd7kCwgc5
#! hL0ShKcax0IMj3G9PVwzdm0xczrtWT57y8bsgk8pGQ2/vKlw9Pr80d25o+pT
#! vcHh8sxRSzNGLkkfOT3VuniCV3F2Sn15gcjR5nO5ARWbW6jc+kHpVNPFdGxd
#! o7KB8eK46oM+7k6J46Mqo8bUjBuBAIqCRh/7u8GYuKaJmoRMD9MreHYe6M/c
#! PFSMN80gZ2ZmogyGBdhd7YLPRdDIPjtJHo83OQKYPbUueCQy5dDAKUdVRvj6
#! Ck8CFSkY9qSn2RUFISwJ3nJ2qs1jk61PNVnvq7bfVWHfkc2WV5qW4ba5cDRF
#! 8yQfQSmUsD6LoVuUFlM8KaYkI+bBruDPHnH7x3mPfz7v9cUl7ysE4S/55VE/
#! 9OndrozQ/e8DDkjHj7e7yRDidzzFa06I4VGelFEcEoTQXmoebivmSZlz2Jjm
#! DQ5XZo9axjlcOGnkgrSRs0siW6oKaJoiVYaaYZcYH1sn9wAxXqysNEhDdTRu
#! ot6LBIk7Mpj9kWbGBRTGuOij7QlFojHc+R4P3zBxTZNCIO8Z8rk0U2GN58yZ
#! Y7zJQxs3aZ5/fn5+VYLb1JygCj4mm50UXZkeTgOscKOKPE7FR2azrtwTBGaz
#! Tq+NeeB8czgRkNC9tS6o+nAOhHF7LbPJcC5I3PhSsMMoBU80sJYdqrJNJWzA
#! eka6DmUYIj8xDI4ARw5WjzndbI1C9LW5dq/Mcy7iA8dQQraQZsW479/v/9Fj
#! vh895ffr5/37vxXYszVCXxCnz2dr2vQ/7NlVFtm33jN7Ythj7a4CwgcbXNaV
#! ecJ0z8r3nZnn25wZhEIUUowvm5EYXZISTmYZUZgcVpUWWJkaCLOMn4f0cHKq
#! G5Jye6pjR0WaXq/HuwonBqSND5XnfYnBPofRdyMjkwAq6yoAQnWFGdoBgeNc
#! 76mOGYsvAggRaXHsyiwIY2pcaEasf4CbLRSV0rGyQFz1TrAHU8weAWFU1E2a
#! xCVvN2kaA0Qeddfjk62f4HGk0QGqOK/Ql4CkAJOI7jJPenpWxZJFqw21UwaD
#! E0jvq3O5SIm7w+Z8hw4Qwk3vq2eiChk82Uj9urF7y8fs0POLjyZEzZtkDfyK
#! EwIak1zLkwN36keDUnwjOOvvL7Q/MpXJI9xxd0NYZ7lyMwt4YQZeAZvX2rMx
#! vKc7zPiyp/Ept97lfl0141BQzS1WxrW5wQ9vywmaXaBAOCPPd0mRB5I+CGzI
#! CFpd5LQSZrnAaVm+09J8pxnZ7tOz3MFhQVJYA9fD0qRAfWJATkKYnm/4gikT
#! ohCipUOTrskyx3mNGmntIqYriN4gZWFE1Pg0V+u7m2LuQwDC8hj7huj7EPXR
#! 91VFjy2KccmM88fH5BmRr1zTpCyMeYT8CAjEjk5dDu6mTne5STKL3w6uEDA8
#! LsWRBgfABv8IJglL4rDSVC2BJdQS8VCjIw7KWLKYirrLBsdRUsJWP9dpi8dv
#! zbJ9vI2N3sLptOYED8hg5RjYgTUFzDJXJLBGUHmC17wUK31SQFemO/g8WjsW
#! J8MBQQxRFi4uD/1km9Nf7nf+vMf148NebMHDlWFwx70HQ1EQGn/oa3zd2/iC
#! h/FJ1/4H2C0AmrLCAeEjra6khM934g/E+jTvAsGenKhnlSFrBCVGd+b4wqGQ
#! IdpDxaF+NExKS7oPagNWH+aNQlJGRl6cPnJWfXZnSSxktiHJdUqyY32ia12i
#! K1SxKN6LOtg0v8vGxgZ/BfK6CiIXByS0RPg6tcTe1xzLIJw0PrQi1r4x5j5E
#! eaw9mCQ9jAn2dA7MlK9pomowoeEIpeObcZGd+UYGedghh30702KNeEzEZOsd
#! VS4Vk8IfNyUTsbPKhf7YgSWRCRqBmUzm/CJfwLmrxmVXtQswxnHoJBLx852s
#! N/jyTPYIB423zCvygyk+3sBMAf4Q8HF3ZLhlTQhjqhIfhQ8UEKZNjAaZQAKV
#! G77as52235plN7s45NBUn19s0P1ml9P/POjy2XG3/iPePcvCuhqiDXPH9e4P
#! Nf6Hr/FVL+NzHlfOul456byuIXRaYcSZNtc35ynp+AUOIX7rR5uYPaHKEAQi
#! KQNCZH/8UeBHkjmcnOEDDlEfwi+v4hBOS3Osrq6eq48EhG0pjvPTRs5LHTk3
#! ZeSclJGzkq3aEq2LxntlRimDKS6uXhGF6+lmENSTgTHxiqlztB5ZFWdfHzeW
#! OCQI8+O8ksZHIbBDQCZ53wsIlemsjUfE+N3Eqp2EIj5HgvCmLnVOo9LDnu7x
#! w0MQKM40WxOQ2zmExKSM6OpSNnaGmFvoq2TwKSx2VrsANlBHZFKFSXASn7An
#! HXnMFKMmPNTkCkms4ic8WOvwUN3Yg9Vj8XHDjU5OZX2bxon2HQnWQHFmKvNH
#! AOBg1VhkbagrrM2rc+zYFO5Fzj/ZqPvlTqeP97v84Yjr30+6XXnSo2c5KyD7
#! Xw5g43evel153uPKOTdA+Fa3J3JmdVqgDOFTrew3GhDDhrGsg5Tr25XrS+0a
#! DYdTMnwQW4qYXwaEsMnIyIBwXmkk8nJ7iiN8isJhqsJhbYJrwcSA1gTr8ngX
#! PornHFu0Il4dL0YOinG/Jyc+YBKXu6T4KES8upXEuVCCpgCETm4B1KZGNUiJ
#! mD2dxPVw8hM3u0kotpthkPHDH6xzgCI9qqKI2FbpUj4p/LTpwTMcwinZQYfr
#! HeBVoZaPSQpJyklM0kG8irfgTLwKWw2PzDrbecHUOWRplw/J4XOHJcEHDSsK
#! Sama4DIj4b7ZSVYNiQzIypRApGlIJVCBu3lhui3SMY7/aI3jTzfpPtjl/PGD
#! Lr875vbn0+5/P+/B1kXMY2Wh8Xs+Vy4xCL887/blKecvD+k6iyLyU6MHIOxi
#! EOKHxN+dEEMB4WHWvh5DSXlfxZi9ZWxkeSqHcGuxooSAkDUVm2sWFPkyCFMd
#! mV+eZMIhpeaZSVYzEq2AYrL/aHedDfwF/s+RoHNCRrfG3zd1/H1TEHH3lY53
#! IQ7BpMASO9njA/RxLhN8Rut0OnUaIXMiBCEN2MEm34L+DG03A0IrKyvwtrXC
#! 5WCtAz6OR/l42Sq95+TsICJTxGl+HBCe5jQCIaGQlL4Fk9ghCcW7gBmgfXKq
#! 9XleKJ7lhSJqSIKQ/urr04NqJgUVJjEdm5lohZiTbDU/1QreZFJCdFuWT0/t
#! WHwpeG2k8t0NXnNKQn601vGnm3Uf7Hb++KDL7467/fmM+98veHZPi+jdEWyY
#! E2mYHckgfNbjyyfdvjzp/MUhXXctm1sLCB+e4lqXFfFYq6Oh3HNNqeecAl+y
#! J2VprCCUI0NEQnR6AvurwWNhcjjsSR637akTo2e0NTVlsJGUZm6WZ6ZZy3qI
#! iqIwIQCSOCPJanqiVVeC1bSJVh2ICVasFzTBqi3+PnDYFD8WegjkkJeBHGhs
#! ibsP2bk+diyOlMa54GBkCDMmPB0zGwLqFCUsnEdiSOwN70V2FrebYXzwJwne
#! yjkPAAY7eEpHAOQjPDRwgsZDdQ44AYJJyZoUUjB5hqc5nH+qieVTUlEaCz7F
#! Y0sFGyBmjeL6sTvK7YEZ0QjdAH6IuSlWC1JHoiCcnO7TnuUDJEDLhXabF2fY
#! ziwKNtT4/6jb8adbdB/scf74kMvvTrj9vzPun55ny9r0n/Prf8Zfnx/X93DA
#! lZc8rzzt/uUZl8PTAzuLI0smRW+o9KNvlJscjXqA1RUFvoxD3qvBj0S9mt2V
#! rGm5o9xue5nd1lK7zSV2G0vsWjN9atICF+exYeVZmTr8bPDI7MYo6eGAkIK+
#! eCp3ylD1rImsvoUetiQ6tCdaMw4TrToTWOA0oAgOWyZYZ8SHFcd7tXFVBI1l
#! 410gjJOlAJPJPqwmHLjGE6aYCyC1Cj18w0gJb2p/hrZhn+ePUtZp7N1IRhQH
#! auy3lDuvKPEo54mSgrBcWeKJwA4+LxJGAEkpWyjkGbWAPE05jtda+C86zr3n
#! UT46RrG40KMxIwilINVdyMXrCm2FI4YGIhZNGokj20tGM6NaZT+FD9ttrWVT
#! YfdP9vnROsefbnX6YK9z/0GXPxxz+8uj7v84y1rNbDGl13x694bApDAxfM5j
#! XWt4Z1nkZ/sdOwoiNlb57alnM8a/wdPxE5OVshA/LX7rlqwg1q7J9YUTP1Iz
#! 9nD12INqZQh7DgiRkbfzsbx1eSwXr84ZBSVclu8EVYRJWcL9Mn5s6OGMVOuG
#! ZNeihABACDEkGqmTkzkhLJ+P+lVOcK2f4AAC6yY4tE2wapUhpBzN0zRxmOKr
#! QCh6g6I/g6dO6pWeN3iR3dVswy62BOHJBpT9AwEa8YlMzgqSsRRqKQSTniKX
#! QQ+VNK2WjoroNVpTtY/PlCYJsMl7vPUB6audFIRCa6d+9HY+Ora5cDQ+IHxq
#! 85gGWi1MG9mS4orEt7MUtRlcAys1T01xrOUjJnNKQw61+1xY6PnhbuffHnD5
#! 41HXv51ye3otu8kjW7br2979z/oDwt49bIHN7rbwz065/O2A7onp3g3ZEZSO
#! ASHcMStf1bJhpYAwzxdeSf2Zx9CEw/sJwkwGIbzJtAz38pTAtbmj2CXh2aOQ
#! l+elW7PhPJVDGk8hDqk+nJ0ysiPJGtGc6FA9kZW7wI/+P5Pjo9Ljw3LjA+Bf
#! sA8IQeNUwSFHERCSMYEHIV/M9LBKcSjiSs+b2p+hbdinMRCEqMlFEJAkC6ck
#! LCmQs0AjLK0QRiZfpnBO4dl8RYnnsmKPDaVsAtLOCnuInui87dSPgVGdnuUO
#! 8DYWjF6fPwrCsiyD6R4UozXZgSCckuZamRoIUEHvw43WT061eXaa7ZEWtsSc
#! oTagOY8ta1OUHtNaMm5lY9i55QGdFeN61wcZX/BiGfmif083+6kOrQj97KL7
#! /z7q8tdDup8anKGiMoRPcg9FYkgZGb81fuxjfFYDiaGwJ22ZPuBwB4dw0sTo
#! uVm67jwGIUxKGoPQZlnmSBpWFhw2cgiFT2EoJltRiYifDZLYMNEBVeLkidYQ
#! w4oJruAQEFKgRIQqkjBWj7dP9b2XjAmDkJeCA5cbNxyB7+7r6zPequWzhteA
#! E4Qn6lmD4oSE4vJiBqEsjxSz+CdFQELrQCPAg6NZVcJSM1w2qSJ9mqivSlMZ
#! CRmJSq+GF/Zha/JtIXEdGW5QEmS0VVmjVmaNrEtgnxccMfRwQRqDsCw5sCvL
#! HdAeqmH9GdiZZzttd9R5zSoO+cFyh3e7HX++WddncPvmKu8nFvuvaQkXzQ1a
#! 45pd+tQYvW5m5OfPe3z6hOvfjjn9cbfD1LzwmYXBAsKzU5SMDI/MSw72W+N3
#! R/2wt8oelSH+fHaU2W0rtduityP1XldkC93Gd1lfMHpNkdPM9ib8CoBwfobN
#! 8syRGg6bkl2LEwKET5mrcoj6EF+hKcGhi9eH5FbIp6THh9bG28Oq4BHCCAhx
#! BED6+bE70QtTTCgShAEpM5OTk2mZjltzuwegPozdyEuXLoW63Luvyh7/7Sco
#! OI3ISghZISkIwgF5bBpLLoZUkcwL8yM8ER/jswLwv/QA73KsL7JbW2jbPMkH
#! MoJPbVGmzQr+keHDmpdqBQIrUBDyncpEb0BIbWqI5+EafCPWJHyu03Z6YfDe
#! Ju8frnB4d53jz7foPtrl9LsHXP7fYdfPjvNFOM+x5ZLYGoavoDL07n8ODiX2
#! rR7/f1xw+9vDzr/b67i9gRkTQPh4q+O6cs/5hb7zCn3hTaDeVAALks09Mv0R
#! iRPwW+CjB4RwynjKBvKSAmuSvSenuKKQmJbq2JHqyCBMDBB+WbSysyawt8xI
#! VCyzwiH3KQQhuWYRSM0JvqPZBAaUgrwnwwZK1E71XXfdhc8R7NH0+2EBY+gN
#! 32gYGzV0Z+2ytPBlRR4by5wFigShRh4RJBQPNwykaRSN+OwIQmGlqfd7lE/S
#! w/8SzYxCNbWpkJX0bZMYMKjkF/PCCeChDoQATk12gB+ZkWINX9me4kiuBAAf
#! qWWqCyV8vssW+fS5WU6A8L1ux19u0n28w+n3e53/f3vnARblme3xBwuI0qfT
#! exVMpHcUBCnSRSkCKmLBQhEURUUN9oLdsZdVEzWaYHY35cn17iabZFf3Jru5
#! m9y7m5tks8ve7GY3etM0trn/877D51BCKMM4wJzne/KMAwFmvt+cc/7nPe97
#! vj4gvbrchU5xf5aN+HmJze75NwfVGw4tzZ7lef73rilun5H+b7NNS4VMUx2X
#! xrsThFOdoO7hyRGRkQmvTLE9ObOtz1CjYAiRzvpdTSHYsyPd6qdYrEp3nluY
#! uyiWlHJehENJlHx6hENa27IyF8tcNeMV4cOFa0YYFW3UEPK6TWg7ZyjoFHDI
#! L87hU4oR8IT8jycxwiozgNDT05NvblLpcCysduUPeUJHcW2yLYXOKB/uAXjF
#! DM88ky6Bk+Qo8quwDUJ1AslQxI0DhwKEfAECaRXuIKQlfuZODQJZmZfSP9wm
#! OApQtySCLjyDx8gGgWV2qAN3NYviFZWJCvx5q6bZ7ZouPZBPCL1dZfXuCusP
#! G2w+Xi/622YEWck3+6Rr872VCz3ofOyLbFiAmkP71hedEZffOuB8+5z0vS1q
#! AgV1fKnkcVrI8wqWzdqeaoOQ+gzbNDIgRFq4oy2hxctZneG8uDh9bQKF4+pJ
#! 5nhpECkrJ41RB+VYk8IIGV7moiiz2RE2ECkzw2STmUzmEPKeh6QgV4hlSBXk
#! h8XBVK6BZJ7DvKImimoI23aUcBQDkuqEjcY60MWCabeNARD6u9vh3T7edjVn
#! W9UxJjmNQmDCM7jwDDzknhwrTQ735dIpNOpckUEIXHH7cO+Qz3OHJhCIu4M4
#! xW8N7ghCMHKkGaGUEC5jBPKlOl6m5szg9yJcwnFRe3ZEwJpsl3frCMJPGIRf
#! 7hB/u1cyL42mMdLOu3NsbsULbOvTq/aq6/Y3T9HEkzd3OqWw4+aq0jzy4nxf
#! Zst2lxmEz7VBeCjvMYQ8neAamS8lqyGcRq8IeUJTsunKnPGVBfGNUwjC5ZPN
#! G+LHrAaHk+hTBp2FV4q4nBrqWh2jFssIynjJxWE2ZeG0KAmlXBRqPT1ENi3Y
#! HijGBT0Wy8BySpBrNqvhcCDdRSOQFgo9M7xICD3CdzbxJV2dDf/SrkDmm44L
#! 4tyPsQ0dAooLEqhSAW+AC85wDyMTl5ApcS0MJhGgi9o84eZM6QG27PIYQtaZ
#! vzmZJDASeLgIJHv5LF3HTZkfQfciPdieJEkYeUV4DAQvxOKMcPI261MsU1ln
#! C1WqZ5s35VCJDxAmRU54o0b66XrR55tFt3aI7+whDd66y5aGCJyT09CK59kQ
#! n5/ZqV6zb73iRGt58U/VF3nX5Xm9VUvLdi+zBgYBwmeL1EV1DuHptpYGzULN
#! XEA4ybEukbqvtzCNXJ8zvqogfkMSieXaeHOus+rZil4d4xApYk64g6ZYBoRQ
#! KPMYhBXhtL6Ma2EYXTw6g0B4RVycQ17GwZNOtmJAiFSQ8GN1QqFArdKVKNY0
#! LTIPCM3NzaFhN6RJOIf8IggTnAQmjzMaccEpAUU1mTlWTayESMVt5jN5iTuw
#! rVcfyXxKBD2fHeWWGeE2I9JhVqQMjo77vaUsCs8NNeNVXCSEeJJng7hr0UyV
#! QBrj7sM5Z0b7TGab+7bn2b9TZXVwluOsKb7bClz/vkn0fzvEb9ezI9aPydpB
#! 2MIgfNUOQRlfncdGTvx+m+zjZywL43025dhxTwiBfJEtNeKrXCMjM9yUIUHW
#! gVfKt+NVJ1FWkBrhkxftDoGcHO5dM0W0YJJi8fTo+TOnLosXCRUbOMNVLCKD
#! Q/hDQIhLLZZjTPD5Kg23gTwpZ58+ppTVRRuBw4hA/9IQs3INwYIYPSvIzMPW
#! gkPIazLgUJgd9kRGEmtXmOC1FLBaCj71uI5NJwjnJzjh0vSN/BIg5BJGiMh8
#! zUvodkCA3p1ttTZVvCqZ/AZ8WgHrBU0Lc8WNmBrsmhFivzjcGO8/FOKsUGue
#! ICEVhFTB/aqNVa+VQBofzKGPwPkis8ZM6v6CE5s5mY5JPFrqCAhToif8sVF+
#! danzupneBOHpNgivMAh/Tp6wZbtH+Qyajneg0uPWcfE/dlu/ulSWG+dTmeyE
#! S+hGE6Qxl8lw8nwJryDWPZ/tTeafKQhkQIi0ENeMjCRc0RqSGRbFtD/SCdqd
#! F+yPB0VML6cytQKXuCxSHQLUFZuIdhzi+dkh6gU+ziFHUWHO9phEq3sIvfyC
#! +T53lQ71iKZp0fdyCPFhB4TLp9pyDnEJEAqXACGcg+AYT7ZBCO9BQSpLyldM
#! kBzim5HS72U5IXWeJJKXQITimXlusIze81DjaUH2nEDAWRFNiw5wIMWR8qxI
#! t21ppkgpD+eOOzGTILzCtrEcmyVvZsclFU3xTY6mHC81hkYDKMvcW5vtWvfZ
#! 3dzi1LLGTVnlqazx4iMdEYvVxcP4p76/IP3msOj2FkpiQaC69TFHyvsk4QlZ
#! L4eEqvTttAk55Bkx7ksTFOCwIl6xLdV0S4ppdWF8fe54pLtUNkykpBeZYXWc
#! eWWc+fxoUXGUHBwSjQw/rpQFPcKXhxAUkCLi4hziwjfwrpv5ocYCirgAIcDj
#! ELpGLBL0yEBsRe+JaVEH8ZxQyPRA4/o0ya4sKw6hpm/klxpCBqQA4RkGIV/I
#! 4z0M0Cb4KvjZxyDc0gYhGCsJo9oLIg6uuCAvZOOQijNDZciXcI9AIMLZzEgH
#! +Bm4wX1ZBOGpfGrL2T2dOLleYYlw/Ls6Ojr75grp61V2+0rc1DXquAk0hi9z
#! fHmWf+McX+VyL2WdV8s2D0CItBBBGUB+dtz2zhHxl5utCifTzhchHPNWtA4Q
#! nuwKQnjC9SkWBGEqQbiqPYRIC3lErmcKZToLx4JCgZOnTDjSDAkwIMwMdUhu
#! v6zMVXN6iD3USmGo9YK2RBGXwoK2fPLKDC8MqphK1c2sJdiFCxe2bNmya9eu
#! Dz/8UPjVWuFQHY5j3RvTJLy5na9xcFFcwOLRckbm7iwr3JECBuGxNgi5G+QQ
#! 8nrvtmwp8isOIVL6fVmPIVzNIJwXRtlXdhARlRZkj4883nyEJ9ydnDAHOA3c
#! wawIN2RcO6cRhPhdUDrPFZutz7Sbl+gBCN+upPOxP6i3/nitzd82iv65mSK+
#! spxNkjrDRj1eslWr41fsW7ZS+6LqdXvVa3Y3DzuXZ42/pxT/daNlYkQAPGGX
#! EG7hEOZ3DSF+2o5pptvYkjeHsEkDwrVsf9ZqLpPZfnmkwXjV+HyVRdpUt2nk
#! 0ggbRIR2yygRJmVMLAeyVqKkYLVY5g0P+Ke5iVFAVD7UMYKyUBjU2SRi/Jaj
#! R4/iwRdffLF582aVVgUyhxA5jzJ37M5MK4B3JJfWTMsTnDh+89kDzqcmnJAt
#! SA4hTHAdmG4FCCFgcR+XTHWC2KSm/fYQkjqePAYp+oxQdbFuZpBVWdBoQIjH
#! S9liMb4K14GECnn+miQLQIhofiiHSDhTYIbkrTrV+ZUF1Fn96yqr9+qs/muV
#! 9afrbM6VO5Wl+LXusC2fNv7mJic6Yl2A8GWaJt9Y7stGz9u1nncAhL9aa/dy
#! JbGUHeOjhrDYbA1vResEId+SvD3DsmyyI4RJbEiAZt/F0pKMtZnOTckE4QZ2
#! VgPnsKFNJnMIi1i1cDnTyIBQaGzQhJAv54FDUKcpmeeEUsNDbohMJBIFJNVp
#! FgZ1qUdu375969YtPPj6669ra2tV/T59TtM0IcQF2BCRCcJ4ajA+0pYi8ouH
#! ae4MhbIhryXyfD6QdfKDFgBZl2IL79rAhMlmBuEqBmFeiBrCrCApIERymBzs
#! WhlJeqQuzgQhbFGsKJAtkC1OUPBwjBQUEAKSdRl218rMX11AzdW/qbb6PQvK
#! u4vcGvK8VUpZa7MtwvFjCK/ZgcPyXP+WTe6kUCCTWxQtDS5l0/zOLXQsSiC5
#! DQh35kj5foSUULeGBNPIid4BHnZZ40dHuYzC5SUZ6SkZqbAeY2xsrGDm52Zn
#! M9bITTTCVTQiPz8/cry9t8LU39/fS24a5zYKV6zrqHTf0RPdJRO8XYIDvKKf
#! ooSQlod4oaY9hHwhT9MZChAKHHLVjBAMNygUBlWsSDJAbvDRo0cPNUx4/u7d
#! u3v27PnlL3/J/6ktP0w5ofWYHZmWHEI8YM5wLEEY70ResT2HmoIFXoILZPiN
#! +lRqtObpPVL9iiTayZvWFtmhH+HfII3xzicFUaPIrMBx+G9Z8GiEnswQe9wX
#! AcKaSSRAFk4mCQBBWj3VlkMIyE8U2vx0Hm2VgjN8cylx+KcGm/psL6hjQKg6
#! IVMu8mgs9iEIoY7Z7CeqH55zJAhxXVW0KgHqBGiZoyX0pacdTUEX7i/+i4wL
#! TgZ3tpEZT/iva9gn7Q3PIB5dvnz5ZJvx/7G0zfipAviMA12LMUa47C1H+MpG
#! +kpHRvtKgwK8Uv3GdXCGs0KtWf3QuDOH+CPtfBI1C4MDt6/znXfe2ahhH330
#! EZ786quvtm7dKpzgqtIehHgzRWONEFA4hLjSyBkqyuMd1RAyDo90gHD6uA5p
#! YX2qLTwVssGsGJ+duVIejqGOl05R5Ea5rUwwXxgjKgyX8cQ7M1A6J3B0bKAX
#! ckJAiACthjCWIJwdTdIYwW5X+thliXQACD4Xi5j6hkDmEL7BCHy3lk5cT4me
#! 8OdNikdK2aPjsr/utXs80PaKbcsGd5qOh7j8MwbhCwrVRXk526f80RqLvDgf
#! vI18h1rfrOcdTQK3nFWgHscMaFmYGOGysxjhLR0Z7GpJqtl3LDikxRTWki1A
#! KBy6pYMe/g4GApuamjogp60+f7wheHXhTqMCfV1wIS6DQNx0QIjHcIkCh11C
#! KDhDAUK4QXB4rtAMXzqUMzYv2n3hJAUypZVxFIaSWEdx4cRxsyeOLgocl8bq
#! M+XhpEpqotUQQhpnR7pBfu5OV6vj5mwrXgafneDRlG3/+iI6He4GC8d8+t5X
#! 28VfN0u+OSD9/pjsL/uIw5vbnVSXbRtn+1Kbawsj8CVb8oRH7RpneafFTvjz
#! BsvmPFulUtmfd08rSRHnk/tS/EDuQjly8KJIBZ1txV52FvinIEV1pkcEgzSu
#! qqra0Gb3799XaWkFWTjwkL9wyC5jZnjgz6w80nxzsqkmhzwnPKoB4Yn2EB7L
#! t0audb6IPOHBbDpprSHJAoKxNgZBxzguiDaRlU6kFfm5QaNLQ8y4AFwQaSZA
#! mBFBbYSQn7szaMVWyXLClSzcN2bSMXSB7IzBihTP58oUyhLH4kS/L5pEt7aL
#! v9kruXtYeu+47DebnCg5vKig2bW7nTmErWcclJW010lZ4V6e7vd6jeJ6hXVa
#! Wlp/3sABLY8InpMHd0ER67JRoXvrv0PmBHZ4UvNTKZCJTyVCNvLzCOdR/u52
#! gHN+pHlt3Jhj7SEEJNCYl0rMKtmMhjh2ngY1DMSLGuLHICfnKyPxE10BIcIx
#! VElhiDUCNHJCqlRHmTEI2YJdosX29hDOmkw7nXk4vjiHjl5fk+1SwGZD0FSd
#! LK9nFzhfWuz8/DKXK9UuL9TRHOQ0NmMR4ClrvHilmobYPitT/UTassK5Ic/r
#! o1Xm/YFQi/Kwt79UZ40K3Ruv0gCVvrnlLgnsxjTzmXZwjjMSjzNCMuMit0Bi
#! j9gxwcMu/Wmbhml2e3Os5sXTHrqkMO+oYGqo4yIlfaIUsRhucF4wSWPkhEsj
#! jBdGmkFC5oY7wBPiezYlm3aGED/zaltOCHX86yqqFi6b5lmT4bWjwG1lttfq
#! XK/V070bZnivyfdeW+gzL2M8PCGHsOUZd+pneF6hek4OCPnBIK8sobZG3hXf
#! B9PB4MvOpvtGhe4N78AOZr39XPSWwG5MM98WEIUhpkc87Z0a6TM92q1xypil
#! 0dS0UBo8jjeEzGGxuDzEGCliXgid9VEVZbKYnYDEu5Q7QAhni4TwSL711Tl0
#! lgiH8O1Ky9/WWCVFTnirRvpZo83nz4hubRF/u1N8Z6/k+0PSB8dk61jDv7LK
#! k4TJNVa0ucwgPCdTnZaUT/ObM9U3MSKgz2mhbkYAP9nf+KPWt+xUiwR2Y8DS
#! k1lMSMC6hDHI9xaFGUOJgIqUQPspga6IxfNDkCJ6CxAujzFZGmOWHu7Gu27q
#! EsXNgDBbDSGefK7YDBDCE766wOLfF9PMnRtsmt6b1ZJP1vGlExEUyt3dknv7
#! pQ+UsrS4CTe3OZVn+9/c70LNDFcUqkty1QUKx4Dw5gbSRMtS3fscUnWPxBNp
#! VOje+iCQ+daAAfp7Ohg8ZE1NjcyK6rGVkcbzQ0YjECcEuhaxCuHMICt4wohA
#! /7IwM1ouiTaBcoGCnh0tR/ieFeMIeknUpIgB4cZ0SQY7Y+T5Ujo0++X5NEXi
#! jaWWP1tIlfAP6mkw/V/W02zQ21tp3Pz9PZKHh6hiqTonhzBBNkixuD2Erc20
#! aLIlz3lp3qS+vUAdbDPXtCfVqNC99VYl6ZJAwRCgLccYhTqMLHl6dPJEe0CI
#! WFwcRBxyaVwRbqyGMJYgTAz1Lo9T0DJfiiUNnmtr6kZOeGEW7XWi073K1fXq
#! 3fn2S1JpPuMfV9P6HZzhvzaLvt4uvrdb0lLp0ljgrTpLI07Kc+EMndU54UW5
#! 6rxMdVaqOimBq9xV4LIyxbFvaaEuIdRlo0KvrFfh4IkQyA0u0dzECBCCQF6m
#! RiyGJwSHCMeAcH6EWXaYA20IClYfo8F69nzyYtzLJjvyZRfkhCXxtGzXwiB8
#! bSFF5IYsms/4Xq3Vh/XW/7PG5q/rbf7BnOGdnZJ1ed4t1S6qkzIE4pYmd3DI
#! 0kKF6rIcArn1kG15uh9vA9uXp+hbWqhLCHVfGOyh9VydPUECucEfuotGgDrE
#! YkiSMiaN+SkEvIspNdS1KELG6zOrp1isnWqBnHDpFMXM2Men+Jaw7lM+PGVF
#! uvPxYvmiZI89BQ68o4YicqPN35k8+W4HjRtr3aygppqf2rWed0xLeArOsPU0
#! lQohmdMmTcDFOQxsO0qotzbQ838FeyKN0z23npSMnjiBKuYM4+LicLu5LkY4
#! 5mslyAmnBtNpLXMjbOpiTVax+kxTsilfs9ubOfZgDu33BIQVidSisyyZpgA0
#! ZduXJ3lwfipSPPcXOTw/X9GyyJZr5C+3iL7dTrki0kLyhFeok0FZ61XO2vsb
#! 5/i0HreDMwSErXsUjfleyVEBfasWDtDUpM42cI0KWjEudbvhUB8I5Nba2mpu
#! bp7nP2oWSwgBYWKQ6/QQ2eII4wVtRcKFMSKokk3JptsECLMJQsBDEzlnWgNC
#! eMLlac4QyNcr6JRCeEKkhYUJvnwGd3I0O9U/ZkJazAS+CVS5mFZJ+HR4lhkq
#! VM/LW9bQvCTVKcnNRnsOM5+W3ivTwakvqgFuVNCKdb8RXt/cOP5aublRbKAX
#! EkKEYyoYhprREXCsSDg93IFXtjtAuDPLikPIhcnpIpucWBrXuC2Pjud6p8ry
#! 3eVWf1hp/acG6z+vs3mvXvZBg2xvsVtZit/VKpfDCz1aVrm2HrVXvUDnZ6oz
#! w6uKxlKfxmJvaGTVUXF5ql/fStY6gFD3jQp9sG7SEn0jkBsii6ezLYcQt35R
#! GG2440XCFXEmGeE0piE6JKA41lGAsGYq9S4KEL44x/xciYhPwp0x2fedSsv/
#! WG71nyvbBPIG0T83iVbleF1e7Hz3kPTBcdnDs+rNd61nHXhmCGeItLBVaas6
#! I1UdEyvLqDLZB22iA7Ggt3pE035IIOsngSqWHHp6ek7xMp0ZZA1PCAiFSvVK
#! BuG8WMXqRIvcKDcI5DmTHLuEkNerV6Y7wxMmRgYAwvdXUHfrJ2ttWjfYfNFE
#! M+8uLXb+7pD03hHZg9PyRxcUtFbyglomt2xwA4Sq51ih5ri4dbssNTqgKCWi
#! t69loAnhIzUH7udry7oUyHpLILfr16+bmRiNd5ZQfSZMo0g4iU5AWjXFgofj
#! jamWgJDXCRdMcTrDISyhYSg/nWf+ynw6GWnHDPs1WS6sVEit/h+vpSoNBDI8
#! 238/o/h2PzXV3D8pe3hOTmcyXFU7Q+SHLY1uqotUtW5tlvNwHOFuKXQs99AG
#! 9HxyvWpU6N46N3LoOYHc4A9x3/1dJBXh6hNZa1n/DJ4EhJtTHueEW9MthTph
#! 8WT3nblSQPhSGUGItPCFeaK3Ky0bc1w25Lp8uIpKhRDISAvx/bd3ib/ZI7lz
#! kDoM75+VP2rbiQxnSDLktL3qklxZ4U5Lew22ylLX/Bg3oWm5hzagEOq/HtE0
#! zaAwKAjkBg4bGxvNTWgxpVrdSUgQNk015RDunEbn2BzIHgtP2JxttT/XenGS
#! E+1SDw+YO4Wme+Obf7HY8q1llq8sEhck+D6T5/oR0yZnyxxX5nh9uV389S4x
#! OcMj0nun5Q8uMAhfhDxhGWA1VQsbZ3mrjktUB0WtGyUpUQGZYa69egkDt4Sh
#! h40K3ZsA4aD7y1UMRWdn53DHkYCwNErOpfGWFGqhIQgzxvLZr7THJJ/21F8s
#! MTtZaFOT6pwbRwJ5wVSPRckeewscDhY5FCX4bprhirSwNtNrV5Hbv7ZQMwOc
#! 4XeHpd+fkN0/J3+ItPBF28a56rFiN3c50frdSYnqsOhRs828qb6etha9avUf
#! OAj1sFGhe4PT5o2F+q/luzTuEi3HGE0aL+UQbk0lCBGOAWFDihieEBCe5hAW
#! m12dTbO/m7JpSiNyQr5yJ3S3Fif6JUdPKE3yuzDf6RfL7S8tcb5c5XJggcfB
#! xR6Hlnqum0PfpqzxRFp4s9mJGlxPSx4dET/ca3OomIbH6QOE+tM43XPjS9uD
#! lEDBcPf9/Wk08LxQE0C4ow3CykRFfqy7JoTPl5I2gTMsT/Lg4fhGtdV7tVQq
#! /FW1hJesV2R51Wd7zUn2m5vi1zDT+8B8j4OLPA4t8Vw324e2nFyzbdnoVp49
#! npoZzkofHRM/3C/6bL0Ef0DPIRygjtYn0q3df+MQ4uMziBLCLo1vK4iLi7M2
#! NUr0HL07nXLCuZNpv9XxvHGn8mmYDgQyOLxSSoO8N+fYd4Dwj6utf11LHVyv
#! LbP71ybR7e3ir/ZIvjko/e6Y7O4ZpIVyQNiy3g1BufWMAzlDRORz0ofHJQ8O
#! iu7vslYoFD2HcIDKyPrWON1zw8cHEHJ/OEhfgqZdv34dKNqMNUr2Hj0jho7D
#! Ojqd+lpP5487V0hnuF0qMYM8OVwg6wzhiTmOfOXuD6tlt7aL/w8QHpLeOSa7
#! d1r28LycatQn7Kmn60UFaIQzfHRB9vCk5P4hUXGISa/U8UBk4IPdjagYivxV
#! DMQkUN0bzxXhnTwdxCVBJkfz6PClMwVmnEO4u4tzRF1CCGHyu3oZOPywUf5V
#! s+Tbg9K7R6X3T8ke/YSdrM4KhuQMT9nDGd7Y7ggIYz1H97Y+MxB9XHreqNAr
#! E05x19wGNSjKnp1NiNGisUYRzqNWTh5ztoCSQ4q5bU3+v9GAsCbD63SZ4+cb
#! RRAmq3K9vtktubNfcu+I9OEJ2Y0mR9oH+qyCWluZM2yc7XN4iUesd68JVA0A
#! hPrZON1P4zG6ntngqnx2aQKN4nFG0b7SqIne8ISdIYQw+W2dFBB+0CBLjZnw
#! 5gr7u/sk95XSh8dkLXXseP/zctVFOENwqKgvcNU84apXpl0IB0WjQp+tQ4we
#! pP5Q00Dj+fPn+RkFcvMRT9uPSvMzXp889lSBOT+N4edLbD/faAMIV+d4lSX7
#! 3dsL3SF9qJSuK/Cms+N+Ilc9K1ddVnyilMb5GvcZJO12tA6KRoX+m+AYO29V
#! Hrwvn7tHzeMjkEPGeo7bkz0u1Ncej/39/SviJcWhY0rCxuAbAr2kcd7GzuKR
#! ABj/7O1isaZpEcIhoEd6ZZ3FCy9MDV4ONa3zuRmCdThiq/+/S1vNhIOoUUHr
#! Buq4eOE1xif95ww+0xaEQyBd76cJBcbBWyN9UqaVd2xo65Fe2RArMOrGtCIl
#! Bl2jgg6sQ4GR+8kn/UfpqfW/mXAwNirozAQdra0BAUPS+gnhcNYjHUZRdGND
#! r8CoXesnQsM2Ce88iqIn1k2BcThbfxquhlthUNM6j6LouXV2jMM8UvcHwuGj
#! R3o4iqK3xvHjbWPD5J3sbP3paB2SjQo/ZD0cRdE30+yOGIa5TZ8h1NsT3nRm
#! XY6i6I8NW/HS547WYdKo0I11OYpCK9ahwPgWM239cD20vimL4axHdGaaBcYh
#! D2Ef8roh0yii/zYcYnQfIDQ0KjwR+6EC4xBYDextM6GhUeHJWufuiCGQnPcW
#! wiHwkoeGDaUCY6+aCQ2NCvpmQ6PA2HMIh3Ojgp7bYBcvPYdw2DYqDCLrIF4G
#! i2bpYY43GM9JG7amWWAcFHeth82EQyD7HRr20ksvbdiwobGx8fPPP//Rbx4s
#! MbonEA6rRgV9ts8++6y5ufnBgwcffPDB/v37e/h/CduvdDMopA/2oxAaGhX0
#! x15//XVhk29vq7Vdbr/SEyZ/FDBDYVB/7NKlSzdu3OCP165de+fOnT78EKE7
#! gh+qo9U/sI/WPYSGRgW9smvXrgm9i2vWrHn06FGff5T+FBh/tJnQ0KigV/b+
#! +++fOXNGxW7c1q1b+/8D9aHA2D2EhkYFfTO4PkTkffv2bdy48dNPP9XiT+6y
#! O0I3/qeb6p+hUUFv7d69ewP0kzVjtM7mF3QDoUGPDGcTznfSQYz+oWbCwTKK
#! zmADaro536lLCA2NCgbTtG7Od9KKp+qyNcugRwzWpXXYfqWtdbTOHa2GRgWD
#! dW9a337VeTHR0KhgsJ6YFguMHSA0NE4brLfW//OdNCEcpKPoDKYPxlHsW3eE
#! ZjHQ0DhtsP6bUGDkQPbkfxEyQEOjgsF+1Hp1ImjPC4xCM6GhUcFg3VsfTgTt
#! 4QHyHEL4T0Nh0GDdWz9PBO08oVIw7gANjQoG66H150TQDh2MQkWaR21DIDZY
#! T0wrJ4IKMZrveeGbRwx6xGA9sYE4EZSLF0OjgsF6aAN0IqgBP4MZzGAGM5jB
#! DGYwgxnMYAYbCPt/2TDSOw==
#! "], {{0, 240}, {215, 0}}, {0, 255},
#! ColorFunction->RGBColor],
#! BoxForm`ImageTag["Byte", ColorSpace -> "RGB", Interleaving -> True],
#! Selectable->False],
#! BaseStyle->"ImageGraphics",
#! ImageSize->Automatic,
#! ImageSizeRaw->{215, 240},
#! PlotRange->{{0, 215}, {0, 240}}]\)
ok  Max[]    ==>     -\[Infinity]
ok  Max[Max[z,y],x]    ==>     Max[x,y,z]
#! TextForm[ColonForm[MessageName[Piecewise, pairs], StringForm[The first argument `1` of Piecewise is not a list of pairs., Short[HoldForm[x], 3]]]]
not ok  PiecewiseExpand[Max[Min[x,y],z]]    ==>     \[Piecewise]x	x-y<=0&&x-z>0
#! y	x-y>0&&y-z>0
#! z	True
#! TextForm[ColonForm[MessageName[Piecewise, pairs], StringForm[The first argument `1` of Piecewise is not a list of pairs., Short[HoldForm[2], 3]]]]
#! TextForm[ColonForm[MessageName[General, stop], StringForm[Further output of `1` will be suppressed during this calculation., Short[HoldForm[MessageName[Piecewise, pairs]], 3]]]]
not ok  FullSimplify[Max[x,y]-Max[-x,-y]]    ==>     \[Piecewise]2 y	x==y
#! x+y	True
ok  FullSimplify[Min[x,y]-(x+2y-Sqrt[(x-y)^2])/2,Element[{x,y},Reals]]    ==>     -(y/2)
ok  Maximize[Max[-x^2+2x+2,-x^4+3 x+2],x]    ==>     {2+(9 3^(1/3))/(4 2^(2/3)),{x->3^(1/3)/2^(2/3)}}
ok  Max'[x]    ==>     1
not ok  Derivative[1,0][Max]    ==>     \[Piecewise]1	#1-#2>=0
#! 0	True
#! &
ok  Max[{a,b},{c,d}]    ==>     Max[a,b,c,d]
ok  Max[I]    ==>     I
#! TextForm[ColonForm[MessageName[Syntax, sntxi], StringForm[Incomplete expression; more input is needed `4`., Short[HoldForm[], 3], Short[HoldForm[], 3], Short[HoldForm[], 3], Short[HoldForm[], 3]]]]
not ok  Table[RegionPlot[Max[x,y]<t,{x,-2,2},{y,-2,2},PlotLabel->Max[x,y]<t],{t,{-1,0,1}}]    ==>     \!\(\*
#! GraphicsBox[
#! TagBox[RasterBox[CompressedData["
#! 1:eJztnW1TFOeax9mHF/s19guc78B+AavOvrW26pyqJS/yBCaEjImGQFTGSgig
#! USpW1CUxlCEb1+ADJKGMCEqVGo0aJiQkENRIhBKDSTAgzF57etNnHJim6af7
#! 7qt/v+pY9wwzV/f0//r/+27o6fzrX5/9c80/VlVVPfcv8s+f/9JQvWXLX3L/
#! /s/y4N9yz//nX/9JBh/Kfz/+Q1XV/42LAAAAAAAAKWdlZWV5edn0VgDAxsC5
#! CfDFF18UCoXAbx8dHZUKEW6PiN7Z2Xn69OkIa4KLEbnHxsby+Xwul9u3b9+v
#! v/4aeO3gB1OOxrkJ8Msvv+zcufPRo0eBKywtLTU3N0udSLZncnJy9+7dtbW1
#! 6B4HRuR+8OBBfX39zZs3Zb0ffPDB4cOHA68d1sWUo3GuN7du3Tp48OCRI0fq
#! 6ura29tnZmZef/31hoaGTz/91HnB+fPnt2/f/vTTT8vOn5iYGBwcfOutt+Qg
#! KD96++235aHzso8//viTTz5xxkePHv38889lINXkXfLv6vV2dHTcuXPHGff2
#! 9n722WcyOHny5PHjxyP5XN3d3ZcuXXr//ffRvZRUy33jxo3W1lZnLGt59tln
#! A+wB9aRa4iLOXQ+R7Iknnujr65udnRUtnnvuOTkPmpqaErnlEPnTTz+JsvJQ
#! zkDffffdtra2xcXFl19++cKFC8PDw42NjfIap46cqLo6yqmrPJSjc0tLi9sn
#! ZYi+V65ckcH8/LysVP6V8Y8//ihvrLSp3377rXTU5cuX/X86dC8j1XJLmLzz
#! zjvO+Pfff6+pqXG3B1xSLbELzq2E6PvUU085456enr179zrjbdu2yY8WFhZu
#! 374tD3/77Tc5aL766qsy/vrrr1944QURRV7gvFh6Q/qhtKycT7355pty7K60
#! XjmrdaSXlR47dsx9/plnnpFqpa+Ujjp37lxTU5PUlKaSh/4/HbqXkWq5T506
#! JSHjjGVOKInNr7JXk2qJXXBuJUQjOcI6Yzl/+fDDD52xHG2/++478YU8KVo/
#! //zzu3fvliedn+7YsSOfz7tFvvnmGznPKi3b398vh3IPQ509e1ZE+fnnn6VV
#! Sl8m65Ijr/twfHx8y5YtXV1dP/zww5ob/1+P47acA7qXkWq5ZY594MABZyzJ
#! 8+STT27os2eEVEvsgnMrIfrKLnXGq/U9f/78K6+84hyUr169KmMZfPnlly+9
#! 9NLWrVtl4LxYXinPuDXlkCr9UF9fL7pXWq+cZ8nRX47LJ0+eLH1e6pSm7vT0
#! tJy4yXoHBgZkVlBWRFZ04XHKjuboXkaq5b5+/bqclTvjmzdvurkEpaRaYhec
#! WwlvfeU0xzkPkkPz/v37xSMyt2loaLhx44aIKwN5KD+VA6uciDnXT8o5TnNz
#! s5xwyXv37NnjVCsUCmV/Mp6bm5O3v/jiiw8fPnSflLXIcdz5DVgpd+7cEQWl
#! Z+Sk+N69e/4/HbqXkWq5l5aWnN/KyuDgwYMfffRRtDtHB6mW2AXnVsJbXxHu
#! tddea2pqkmPiqVOnZOfL6UxnZ6fzGpH+vffec8bymu+//14Ghw8f3rdvX/Fv
#! 5621tbW3bt2SsQxGR0fLVi3V3D9GO8iJkqyu0qZKQWkbOZT7/3ToXkba5b50
#! 6ZLUkfPuN954ozQZwCXtEjvg3DDIwdS5+MeDs2fPHj16tNJP+/v73St/HOS8
#! LJfLlf3RQbrr3LlzYTYVwmO53DLx4w+OIbFcYkgAOVHdtWtXJSsNDQ2VPjx2
#! 7JicjpUdo+W9+Xye67VSAXKrB4nVMzU15ZxGrUtfX9/qUyE5ZZMKMWwXxAJy
#! qweJAQAAAAAAAAAAAAAU0N3d3dLS0traGubmtGAzSKweJM4IY2Njzs0TZmZm
#! du3aVfqjGrAMJFYPEqsnmMQu9+/fn5ubK/5x//ZSocsGZW0Q4JloX5b2+hvd
#! jMBaI7Gp+hvdDCROXf2Nbkb4xHZ4+PBhe3u7e3fxOFZRCer7rB9yRUhsf30k
#! Vl8/khXNz8/n8/nh4eGyVUQyh4dICKkFEtsPEqsnEi1E6B07dqz+AhEq20Zg
#! RZA4LSCxesIr0t3dXVdX1/QH7rfy0do2AiuCxGkBidUTnyJobRuRK4LEtoHE
#! 6iGxswN2Vg8Sq4fEzg7YWT1IrJ5YExu57SEOOZDYKpBYPbHKgdC2wQRMPUis
#! HhI7O2Bn9SCxekjs7ICd1YPE6iGxswN2Vg8Sq4fEzg7YWT1IrB4SOztgZ/Ug
#! sXq4ui87cOmXepBYPcyxswMTMPUgsXpI7OyAndWDxOohsbMDdlYPEquHxM4O
#! 2Fk9SKweEjs7YGf1ILF6uFYkO3AhgXqQWD3MsbMDEzD1ILF6SOzsgJ3Vg8Tq
#! IbGzA3ZWDxKrh8TODthZPUisHhI7O2Bn9SCxekjs7ICd1YPE6uHqvowQhxxI
#! bBVIrJ5o5VheXi4rHlVliITwiiCx5SCxeqJSpFAodHR0xFEZoiKkIkhsP0is
#! nkgUGRoaamhoaGtri7wyREgYRZA4FSCxeiJRpL+/f2JiAq0tJ4wiSJwKkFg9
#! USkyPT2N1pYTUhEktp/4JC5MzLJ4LzNzv4XZ+T6JNbH5Q7M9hNcCiS0nVon/
#! 49WTLN7L2//zZTgB1ydCuzEBsx/m2OqJSWKZPUoibd0/eKTvK5Y1l2QSu8hv
#! RbIEia2eWBN7339fuTL2E8uaS+oSO8nKEAy+EKeemCQmsUlsSB4SWz0kNolt
#! YWUIBomtHhKbxA5TGUfbAzedUE98EpPYliR2rI7Dy7bBHFs9zLF1J3aR34pk
#! CRJbPSQ2iW1hZQgGia0eEpvEtrAyBIPEVg+JTWJbWBmCQWKrh8QmsS2sDMEg
#! sdVDYpPYYSrjaKvg6j71cHUfiW1hZQgGc2z1MMcmsS2sDMEgsdVDYpPYFlaG
#! YJDY6iGxSWwLK0MwSGz1kNgktoWVIRgktnpIbBLbZX5+fmmDlXG0VXCtiHq4
#! ViQ7ib0wP79Q4TVLtwdq/lRd03RociORjZdtgzm2ephjZyaxFwY7c9V/qu4c
#! vL3qJfOHNlUfX/2038pgCyS2ekjszCS2w3htddPd8pfc7aztvBe2MpiHxFYP
#! iZ2xxC6O5HMD5el8TxJ7VYxvuDIYh8RWD4mducRuzw2S2EohsdVDYpPYJLYa
#! SGz1kNgkdpjExtH2EIccSGwV8UlMYluS2KslZo6tGObY6mGOrTuxi77m2Hfz
#! m9u9E/vEiRNNTU2NjY3T09OVKoNxwiiCxKkgJolJbGsTezBf+9i1Ikt3jzdt
#! ru0peFSYmppqa2t79OjR6Ojo3r17K1UG4wRWBInTQkwSk9jWJva9y4c2bW4v
#! 3P3/rz8u3T5eVVXV4/ldx4GBgTNnzjjjXC5XqTIY53FF5scL164Vbvv5GisS
#! p4WYJCaxrU3s4lJhU1VV7enJvz+zcLlmU+d85Qo9PT0XL150xtu3b19YWFi7
#! MpimVJH5a51yLK7adKTSrQlK8ZZY7Cy9WpiYrbScu3ozzJPJFIx8bxshPolJ
#! bDsTeyS/+VCh7Ji8zl8ee3t7h4eHnfG2bdtWVlbcylxLYA9lWlzr3CxuPjLu
#! x83rSyztmvZl5+ELke/zhIlbYhLbeGKvda1I00avFbl+/XpXV5cMZmdn8/l8
#! afEINxXCU6LIvc5qv7Ov4noSOxOwrfsHj/R9ldJFtv+jz7+JeHebIFaJSWzj
#! iV1cPcfe+NV9cjiWU6o9e/Y0NzdPTv791ykktm2UKHK7fVP1oWsev+t6DG+J
#! FdhZY2IjcdItlJbEdlhcXPSuDMYJqUgliRXYOTG7xQ0Sq28hvkGTHfh6hYfd
#! 1M2xoyyoQOIEWsiaxOZuq0rAzh52I7E9CiqQOIEWMpLYl9vXuNtq+6bceKDK
#! hLY9cNMJb7spSGwkNttCJq4VWThUkyu/uK9YHO+prdrcPlKY9Pl3Z7d46A2E
#! KGECZtZuCYDE6lvIlfju+LWe/Kbq3MCaL7s3Pnjk0Om7/H8e0wx29rCbgjl2
#! EYmNtlCyib107XTP6ZHxDf3f0v1VBlvAzh52I7E9CiqQOIEWMvMt9TRUhmBg
#! Zw+7kdgeBRVInEALkdgQLdjZw24ktkdBBRIn0EIkNkQLdvawG4ntUVCBxAm0
#! kILEJrStgku/jNstbpBYfQsxx84OTMCM2y1ukFh9C5HY2QE7e9iN34p4FFQg
#! cQItRGJDtGBnD7uR2B4FFUicQAuR2BAt2Nm43eIGidW3EImdHbCzh92YY3sU
#! VCBxAi2kILEJbXvgNkHedlOQ2EhstoWM/F/Doi0eU2UIBhMws3ZLACRW30Ik
#! dnbAzh52UzDHLiKx0RYisSFasLOH3Uhsj4IKJE6ghUhsiBbs7GE3EtujoAKJ
#! E2ghEhuiBTsbt1vcILH6FiKxswN29rAbc2yPggokTqCFFCQ2oW0PXPrlbTcF
#! iY3EZlsodVf3LS8vlxWPqjJEQnhF1pRYgZ1l+3cevhBy59gAEhtsoXTNsQuF
#! QkdHRxyVISpCKlJJYgV21jHHLiKx0RZKUWIPDQ01NDS0tbVFXhkiJIwiHhIr
#! sDOJXdQucQItlKLE7u/vn5iYILEtJ4wiHhIrsDPXihS1S6ymhTYq8crKynIJ
#! 7vPT09OVElvkjnsJvx+ygE+tNyqxAjtnbY6dQYkTaCE7E3tkZKS5hPHxcef5
#! NbV2kM8S96LDbrHi/6/MwSROtZ11tBASm22hdF0r4n103rp/8EjfV6K4s7jj
#! 1YNKP/V4iw67JUBIrRVPwNS0EBIbbCE759iVMKX12S+m1NgtbrCzcbvFDRKr
#! b6G4v/NIYtsDX4jzsJuOFkJigy1EYvtZSGz/YGcPu+loISQ22EIktp+FxPYP
#! dvawm44WQmKDLURi+1lIbP9gZw+76WghJDbYQgoSO4F7yJDYPuE2Qd52U9BC
#! SGy2hdJ1dd+axYvMsW2CCZhZuyUAEqtvIRI7O2Bn43aLGyRW30IkdnbAzh52
#! 09FCSGywhUhsPwuJ7R/s7GE3HS2ExAZbiMT2s5DY/sHOxu0WN0isvoW4ViQ7
#! cCGBh910tBASG2whBYldZI5tE0zAPOymo4WQ2GALkdh+FhLbP9jZuN3iBonV
#! txCJnR2ws4fddLQQEhtsIRLbz0Ji+wc7e9hNRwshscEWIrH9LCS2f7Czh910
#! tBASG2whBYnNtSL2wE0nbLBbrCCx+hbiviKZggmYh910tBASG2whBXPsIolt
#! E9jZw246WgiJDbYQie1nIbH9g5097Lbz8IVod44RkNhgC5HYfhYS2z/Y2cNu
#! OloIiQ22EIntZyGx/YOdPeymo4WQ2GALkdh+FhLbP9jZuN3iBonVtxBX92UH
#! Lv3ysJuOFkJigy2kILGLzLFtggmYh910tBASG2yhFCV2d3d3S0tLa2troVAo
#! q0xi20MYrQ1KnIzddLQQEhtsobQk9tjY2IEDB2QwMzOza9eussoktj0E1tqs
#! xJrsFjdIrL6Fwif2/fv35+bmZPDgwYP6+vqyyiS2PQTW2qzEydhNRwshscEW
#! sjOxV1ZWlktwn3/48GF7e/vg4GBZZUfrlq4RidY4lt5z42rsFjc+tbZN4gQW
#! NS2ExAZbyM7EHhkZaS5hfHxcnpyfn8/n88PDw2WVHeSzxL3osFus+L+HjJ0S
#! 00LrgsRml7TcCUqE3rFjx9jY2Orixb8dncULcS+FidmQn0IxrsSBtbZBYlrI
#! AyS2YTl39WYYEb0JL7FLd3d3XV1d0x8sLS35WYWf9fp8Y7rqB96MwKsIrzUS
#! b6h+4M0IvAokTrh+4M0IvIoIE9t7LWAVSKweJFZP5BIDAAAAAAAAAEDClF5c
#! miJSutlGSOm+SulmGyGl+yqlm12JNe9aEC1SuaOjI9qaJ06caGpqamxsnJ6e
#! jraySxyb7ZLAbk9yXUi8GiReFyTeKJXuWhAhQ0NDDQ0NbW1tEdacmpqSgo8e
#! PRodHd27d2+ElV3i2GyXBHZ7kutC4tUg8bogcQAq3bUgQvr7+ycmJqLdaQMD
#! A2fOnHHGuVwuwsoucWy2SwK7Pcl1IfFqkHhdkHhd/N+1INr6csoT7U7r6em5
#! ePGiM96+ffvCwkKExV0i3+wyotrtpSDxhkBi//WReE3ikNjF/10LIqxfjGGn
#! 9fb2uhu8bds26bEIi7vEqnWEu70UJN4QSOyzfhGJ1yImib3XuOZdC6Il8p12
#! /fr1rq4uGczOzsoei7ByKfFpncxuT3JdSFwGEq8LEgeg0l0LoiXynSaHYzml
#! 2rNnj8wBJicnI6xcSnxaJ7Pbk1wXEpeBxOuCxFljcXHR9CZAvCCxepAYAAAA
#! AAAAAAAAAAAAAMAP/wtQfVnv
#! "], {{0, 172}, {486, 0}}, {0, 255},
#! ColorFunction->RGBColor],
#! BoxForm`ImageTag["Byte", ColorSpace -> "RGB", Interleaving -> True],
#! Selectable->False],
#! BaseStyle->"ImageGraphics",
#! ImageSize->Automatic,
#! ImageSizeRaw->{486, 172},
#! PlotRange->{{0, 486}, {0, 172}}]\)
#! TextForm[ColonForm[MessageName[Syntax, sntxi], StringForm[Incomplete expression; more input is needed `4`., Short[HoldForm[], 3], Short[HoldForm[], 3], Short[HoldForm[], 3], Short[HoldForm[], 3]]]]
not ok  Table[RegionPlot[Max[x,y]>t,{x,-2,2},{y,-2,2},PlotLabel->Max[x,y]>t],{t,{-1,0,1}}]    ==>     \!\(\*
#! GraphicsBox[
#! TagBox[RasterBox[CompressedData["
#! 1:eJztnW1THGW+xtlz9sV+jfMF9jtwvkCqdt+mTtVu1cEXPsEq4kRBJCJMKiJP
#! JpQpkxw0UhGPOZE8oVLIU6QqMYkhhxEdBSFRDFSIEw3I05z/2d70tjPM9Mx0
#! 99wP8/vVldQ9zXB309f9v/runqb5t78+/aeaf6mqqnrmD/Lfn/7SUP23v/0l
#! 9uffy4t/jz37n3/9V2m8L/++/11V1f+30wAAAAAAAIazu7u7s7OjeisAoDio
#! 3DJw7dq1RCJR8rfPzs5KDyFuj5je19d38eLFEPsEFyV2z83NxePxWCx25MiR
#! X375peS1QyGoqmgqtwz8/PPPr7766vb2dsk9bG1tHTx4UPoJZXsWFhYOHTpU
#! W1uL71GgxO4HDx7U19cvLS3Jet97772TJ0+WvHbwRVVFU7n5uX379vHjx0+d
#! OlVXV9fV1bWysnL48OGGhoaPP/7YecPly5ebmpqefPJJ2fnz8/Pj4+NvvPGG
#! HATlS2+++aa8dN724YcffvTRR0779OnTn376qTSkN/ku+T97vd3d3T/88IPT
#! Hhoa+uSTT6Rx/vz5s2fPhvJzDQwMXL169d1338V3L0bbfevWrY6ODqcta3n6
#! 6adL2APWY7TFaSrXD7Hsscceu3Tp0urqqnjxzDPPyHnQ4uKi2C2HyB9//FGc
#! lZdyBvr22293dnZubm6++OKLn3322dTUVHNzs7zH6UdOVF0f5dRVXsrRub29
#! 3R0nGYi/169fl0YqlZKVyv/S/v777+UbvW+TsyoZRclksrSfDt8zMNpuCZO3
#! 3nrLaf/66681NTXu9oCL0Ra7ULm5EH+feOIJpz04ONjb2+u0Gxsb5Uvr6+t3
#! 7tyRlw8fPpSD5ssvvyztL7/88rnnnhNT5A3Om2VsyHjwdivnU6+//rocu3Ot
#! V85qHetlpWfOnHGXP/XUU9Kb+1KGkwwk6U3GnjTkZVE/Hb5nYLTdFy5ckJBx
#! 2jInlMTmUnY2RlvsQuXmQjySI6zTlvOX999/32nL0fabb76RupCF4vWzzz57
#! 6NAhWeh8tbW1NR6Pu5189dVXcp7l7XZ4eFgO5XkKamxsTEz56aefZKh43ybr
#! +vrrr7Pfv7CwcPLkSdkM79FZNv6/fos75BzwPQOj7ZY59rFjx5y2JM/jjz9e
#! 1M9eIRhtsQuVmwvxV3ap08729/Llyy+99JJzUL5x44a0pfHFF1+88MILBw4c
#! kIbzZnmnLHH7lEOqGFFfXy++51qvnGfJ0V+Oy+fPn/cul34yUjf99/IcHR2V
#! +cDhw4flPMu7os9+i/donsb3LIy2e2ZmRs7KnfbS0pKbS+DFaItdqNxc5PdX
#! TnOc8yA5NB89elRqRHZ1Q0PDrVu3xFxpyEv5qhxY5UTMuX9STnPkfEdOuOR7
#! e3p6nN4SiUTGR8Zra2vy7c8///zGxoa7UNYix3HnCpj7tnfeeUdGi/zvDLOi
#! wPcMjLZ7a2vLuSorjePHj3/wwQfh7hw7MNpiFyo3F/n9FeNeeeWVlpYWORZf
#! uHBBdn5/f39fX5/zHrFedrvTlvd8++230pAznSNHjqT/fhitra29ffu2tKUx
#! OzubsWrpzf0w2uG7776T1XmXyDFdhsrDhw9L++nwPQPT7b569ar0I+fdr732
#! mjcZwMV0ix2o3CDIwdS5+ScPY2Njp0+fzvXV4eFh984fBzm8xmKxjM8dZHRN
#! TEwE2VQIjuZ2y8SPDxwDornFUAbkRLWtrS1XKU1OTnpfnjlzRk7HMo7R8r3x
#! eJz7tYwAu60Hi61ncXHROY3y5dKlS3NzcxkL5ZRNeohguyASsNt6sBgAAAAA
#! AAAAAAAAwAIGBgba29s7OjqCPJwWdAaLrQeLK4S5uTnn4QkrKyttbW3eL9WA
#! ZmCx9WCx9ZRmscv9+/fX1tbSj57f7jU6o5ExDEpYEu7bTO+/2M0o2WssVtV/
#! sZuBxcb1X+xmBE9sh42Nja6uLvfp4hmrSMyvRif69+1/Ze1hcK+xWOf+sdj6
#! /kOx2CGVSsXj8ampKe9Cdw7/Hy+fR2r15v98EfB8Cos1FxZbr+AWu0a3trZm
#! /wKR07McF2Rd7f3TQxNJpESO1+kAR2cs1lxYbL2CW+wyMDBQV1fX8gj3t/K9
#! Xh/57+vX535EShTcayzWXFhsvUJM7FzgtSaKzmss1kRYbL1I7MoR5Wy9sNh6
#! kdiVI8rZemGx9SpPYjt3pOC1Dl6H8ikzFuspLLZe0Vns9TrN0VkDMQGzXlhs
#! vbgqUjminK0XFlsvErtyRDlbLyy2XiR25Yhytl5YbL1I7MoR5Wy9sNh6kdiV
#! I8rZemGx9eLuvspRpOWMxToIi60Xc+zKERMw64XF1ovErhxRztYLi60XiV05
#! opytFxZbLxK7ckQ5Wy8stl4kduWIcrZeWGy9uFekcsSNBNYLi60Xc+zKERMw
#! 64XF1ovErhxRztYLi60XiV05opytFxZbLxK7ckQ5Wy8stl4kduWIcrZeWGy9
#! SOzKEeVsvbDYenF3X+WIPwJovbDYekVh8c7OTobXaY7OGijEozMW6ykstl6h
#! z7ETiUR3dzdea6iwvMZibYXF1ivcxJ6cnGxoaOjs7MRrDRWK11iss7DYeoWb
#! 2MPDw/Pz83itp0LxGot1FhZbr9CviiwvL+O1ngrLayzWVuWxuL1/emgiiXJp
#! 7Nqi/hbn99qBclarsD5lxmJtVR6LUX7JEU1/i/N7nWYCpoGYY1uvMlicmF+d
#! uLGEcqk8iR3c4kK8ppzVisS2XlFbDL4Yl9jZUM6aKDqvsVgTRW0x+EJiI/29
#! xmJNRGIrh8RG+nuNxZqIxFaOHYnNEwl0UOifMmOxbora4nD7tBLj7hXJhgmY
#! JmKObb2YYyvHjjl2mnLWQCS29SKxlUNiI/29xmJNRGIrh8RG+nuNxZqIxFYO
#! iY309xqLNRGJrRwSG+nvNRZrIhJbOXYkNrd+6aBIyxmLdVDUFofbp5XYkdhp
#! JmAaiDm29WKOrRwSG+nvNRZrIhJbOSQ20t9rLNZEJLZySGykv9dYrIlIbOWQ
#! 2Eh/r7FYE5HYytEwsVOp1FYxPwI3Emgi7hWxXtwropzyJ/Z6KrWeY2O27ozU
#! /LG6puXEQjGRzQRMEzHHtl7MsZVT9sReH++LVf+xum/8Tta2pE7sqz6bvdgP
#! ylkTkdjWi8RWjqKrIsna6pa7mdtyt6+2717xPwLlrIlIbOtFYitH1XXs6Xhs
#! JDOd70liZ8W4P5SzJiKxrReJrRxlid0VGyex7RKJbb1IbOWQ2Chqr4ODxZqI
#! xFaOHYnNrV86iL/zaL34O4/KUfV3Hplj2yfm2NaLObZydJpj343v78qf2OfO
#! nWtpaWlubl5eXnYXUs6aKJRyxmKdFbXF4IuqxB6P1/7mXpGtu2db9tcOJvJs
#! 6uLiYmdn5/b29uzsbG9vr7ucctZEwcsZizVX1BaDL6oS+97nJ/bt70rc/cev
#! P27dOVtVVTWY93cdR0ZGRkdHnXYsFnOXU86aKIfXqWTi5s3EnUJ+jRWLNVfU
#! FoMvyp4rspXYV1VVe3Hhn0vWP6/Z15fKvamDg4NXrlxx2k1NTevr/0h7ylkT
#! 7el16mafHIur9p3K9WiCYi2W4To0kfTq1KX/zWj4frWEbwmrQ+U26Wwx+KLu
#! N2j2n0hkHJN9PnkcGhqamppy2o2Njbu7u0675hEktlrt+Snzzb79Us2nkoVU
#! c0EWm64DR8eVO6WzxYV0Usmou1ekpdh7RWZmZvr7+6Wxuroaj8fd5cyxNdFe
#! R+d7fdWFzr58LRYmbiwZLdOHaBkshvzodK+IT2LL4VhOqXp6eg4ePLiw8M/L
#! KSS2JtrL6ztd+6pP3MxzrasIiy3A9CGKxcoxKLEdNjc3M5aQ2JoorJt1c1ls
#! AVGXGxZbj3GJnQ2JrYn49QpfTB+iWKwcnRKbp62aLcrZF9OHKBYrR1Vif961
#! x9NWu/bFksX/CDx0QhPl+pQ5ONbcRWD6EMVi5Si6V2T9RE0s8+a+dDo5WFu1
#! v2s6sVDg584OzLE1ERMwX7iOnQtrLI6a8s+x7yZvDsb3VcdG9tyee8nxUycu
#! 3uXvPBooytkX04coFiun7Im9dfPi4MXpZFF/LT0/JLYmopx9MX2IYrFyVF3H
#! DhESWxNRzr6YPkSxWDkkNtLfa2vK2fQhisXKIbGR/l5bU86mD1EsVo4dic3d
#! fToo0nK2o6K5VyQX1lgcNXYkdpo5tgZiAuYLiZ0LayyOGhIb6e+1NeVs+hDF
#! YuWQ2Eh/r60pZ9OHKBYrh8RG+nttTTlzVSQX1lgcNSQ20t9ra8rZ9CGKxcqx
#! I7G5V0QH8ZggX0wfolisHFV/NSxEmGNrIiZgvnBVJBfWWBw1UaccV0UqR5Sz
#! L6YPUSxWjh1XRdIktgainH0xfYhisXJIbKS/19aUs+lDFIuVQ2Ij/b22ppy5
#! jp0LayyOGhIb6e+1NeVs+hDFYuXYkdjc3aeDuPXLF9OHKBYrx8S7+3Z2drwv
#! mWNrohCPzntabAGyiw4cHVfuFBabi3Fz7EQi0d3d7V1CYmuisLzOZbEFmD5E
#! sVg5ZiX25ORkQ0NDZ2endyGJrYlC8TqPxRZg+hDFYuWYldjDw8Pz8/Mktp4K
#! xes8FlsA94qkbbc4arRN7N3d3R0P7vLl5eU8iS0/y9i1xeikvGR0VrFeF2ux
#! BZg+qcBi5Wib2NPT0wc9JJNJZ/meXjvIuqKW0eVWnnIu/FPmEiwuaghpiOlD
#! CIuVY9y9Innm2BM3liKV6eVWnnJOB54vWTwBM30IYbFytJ1j50KV11wnp5yD
#! w3VsB4stjhrjEjsbElsT8Qtxvpg+hLBYOSR2gZDYlHNwTB9CWKwcErtASGzK
#! OTimDyEsVg6JXSAkNuUcHNOHEBYrx47ELoPdJHaBXvOYoDyYPoSwWDnG3d2X
#! DXNsTcQEzBfuFcmFNRZHjR1z7Ih69kJiU87BIbFzYY3FUUNiFwiJTTkHx/Qh
#! hMXKIbELhMSmnINj+hDCYuWQ2AVCYlPOweGqSC6ssThq7Ehs7hXRQZGWsx0V
#! bfoQwmLl2JHYEfXshcRWW87hdqgK04cQFiuHxC4QEptyDg5XRXJhjcVRQ2IX
#! CIlNOQfH9CGExcohsQuExKacg2P6EMJi5ZDYBUJiU87BMX0IYbFy7Ehs7hXR
#! QTx0whc7rmNjsUJ4rkiBkNgFeh2FI9bUsulDCIuVY8ccO6KevZDYlHNwTB9C
#! WKwcErtASGzKOTiyiw4cHVfuFBabC4ldICQ25Rwc04cQFiuHxC4QEptyDo7p
#! QwiLlUNiFwiJTTkHx457RdJYrA47Epu7+3QQjwnyxfQhhMXKsSOxI+rZC4mt
#! tpzD7VAVpg8hLFaOWYk9MDDQ3t7e0dGRSCTchSS2JgrFa4UWlwHThxAWK8eg
#! xJ6bmzt27Jg0VlZW2tra3OUktiYK7rVai8sA17GttzhqDErs+/fvr62tSePB
#! gwf19fXuchJbEwX3Wq3FZcD0IYTFytE2sXd3d3c8uMs3Nja6urrGx8fdJeVM
#! bNlXY9cW0Z4q1mvdLC4Dpg8hLFaO80tY+ljsMj09fdBDMpmUhalUKh6PT01N
#! ed9Z84gQd0s2TmKj/CrqGTK6WVwGlBuExaajm8V5EKNbW1vn5uYylpdtjv3B
#! p1+hPBIjJm4sBXFErcVlQPaPcpuw2Gj0t9hlYGCgrq6u5RFbW1vOcrfnPVdR
#! yHoL/Eaz+i95M0peRX4jCgGLi+q/5M0oeRVYXOb+S96MklcR3OICtwS0Aout
#! B4utJ3SLAQAAAAAAAACgzHhvLjUIQzdbCYbuK0M3WwmG7itDNzsXez61IFyk
#! 5+7u7nD7PHfuXEtLS3Nz8/Lycrg9u0Sx2S5l2O3lXBcWZ4PFvmBxseR6akGI
#! TE5ONjQ0dHZ2htjn4uKidLi9vT07O9vb2xtizy5RbLZLGXZ7OdeFxdlgsS9Y
#! XAK5nloQIsPDw/Pz8+HutJGRkdHRUacdi8VC7Nklis12KcNuL+e6sDgbLPYF
#! i30p/KkF4fYvpzzh7rTBwcErV6447aampvX19RA7dwl9szMIa7d7weKiwOLC
#! +8fiPYnCYpfCn1oQYv/pCHba0NCQu8GNjY0yxkLs3CVSr0Pc7V6wuCiwuMD+
#! 01i8FxFZnH+Nez61IFxC32kzMzP9/f3SWF1dlT0WYs9eovO6PLu9nOvC4gyw
#! 2BcsLoFcTy0Il9B3mhyO5ZSqp6dH5gALCwsh9uwlOq/Ls9vLuS4szgCLfcHi
#! SmNzc1P1JkC0YLH1YDEAAAAAAAAAAAAAAAAAQCH8H7qb76g=
#! "], {{0, 172}, {486, 0}}, {0, 255},
#! ColorFunction->RGBColor],
#! BoxForm`ImageTag["Byte", ColorSpace -> "RGB", Interleaving -> True],
#! Selectable->False],
#! BaseStyle->"ImageGraphics",
#! ImageSize->Automatic,
#! ImageSizeRaw->{486, 172},
#! PlotRange->{{0, 486}, {0, 172}}]\)
