#! DOCKER > wolfram -script ./export_tests_from_docs.m build_docs/ReferencePages/Symbols/PrimeQ.nb output/Tests/PrimeQ_Tests.m
# GENERATING TESTS FROM: build_docs/ReferencePages/Symbols/PrimeQ.nb
# WRITING OUTPUT TO:     output/Tests/PrimeQ_Tests.m
ok  PrimeQ[13]    ==>     True
ok  PrimeQ[10^100+1]    ==>     False
ok  PrimeQ[{1,2,3,4,5,6}]    ==>     {False,True,True,False,True,False}
ok  PrimeQ[13,GaussianIntegers->True]    ==>     False
ok  FactorInteger[13,GaussianIntegers->True]    ==>     {{-I,1},{2+3 I,1},{3+2 I,1}}
ok  Table[PrimeQ[2^2^n+1],{n,10}]    ==>     {True,True,True,True,False,False,False,False,False,False}
not ok  If[PrimeQ[#],Framed[#],#]&/@Range[20]    ==>     {1,2,3,4,5,6,7,8,9,10,11,12,13,14,15,16,17,18,19,20}
#! TextForm[ColonForm[MessageName[Syntax, sntxi], StringForm[Incomplete expression; more input is needed `4`., Short[HoldForm[], 3], Short[HoldForm[], 3], Short[HoldForm[], 3], Short[HoldForm[], 3]]]]
#! TextForm[ColonForm[MessageName[ToExpression, sntx], StringForm[Invalid syntax in or before "`1`"`4`., Short[HoldForm[ImageMargins->0.]\)\)
#!                      ^], 3], Short[HoldForm[], 3], Short[HoldForm[], 3], Short[HoldForm[
#! ], 3]]]]
#! TextForm[ColonForm[MessageName[Syntax, sntxi], StringForm[Incomplete expression; more input is needed `4`., Short[HoldForm[], 3], Short[HoldForm[], 3], Short[HoldForm[], 3], Short[HoldForm[], 3]]]]
#! TextForm[ColonForm[MessageName[ToExpression, sntx], StringForm[Invalid syntax in or before "`1`"`4`., Short[HoldForm[ImageMargins->0.]\)\)
#!                      ^], 3], Short[HoldForm[], 3], Short[HoldForm[], 3], Short[HoldForm[
#! ], 3]]]]
not ok  ArrayPlot[Boole[Table[PrimeQ[a+b I],{a,100},{b,100}]]]    ==>     \!\(\*
#! GraphicsBox[RasterBox[CompressedData["
#! 1:eJyll11y3DAMg6nepFfKETJ97/3f2tnZtUXgA7U7cdtUEin+ArTz+/vv1/ev
#! qvrz/LfW/7/Pp9Zrd690V48/qtvlr5/3bVFqouFcHzq/LJtPzEMuxRB2e5ee
#! ZnEqXZn5XY/DBTfLFPVEu0E3izd17crk/adCoAchNnrl+xnHnDqQkaYLizxJ
#! 0xNx6A2dXeZSqT0wnMmXNFJ4GxVVvTYjqYA9SnJo0lR3z4hiriYNWbMos7yv
#! uX+lR8nAT3CF40YxTjFmHnm72+pc87vd+/+q3eUtG4+aOf0e8dIkCOqnyveK
#! 89i5ZMwCd7UbyDBWPRPRfi7dO8W8Gn+/p2mY9xgL9pxTcxC9rz35ySx1pNl9
#! pwhYZwyO5gFGlBzxEDnJJX0qE1c6ZQPc5yLkEuEsis5apJwBtTybDmCYjPOr
#! d4H0NBEOOKEs2DVJSxf0oiUG7GaNB4QtNVGmTJ92bJRCEVEkz8fFtFunjzYN
#! os/d2XmREhfm3YGC4D2C7sgIDWF3UfcmvolXL8xpzKx2ZtI8pDXmbogcZgv4
#! TIDO+rZOM8ql/LYnvSFiahlhn6QcrOTjeZSZ9bCyVBz0qPolx9mJrOAikS4B
#! VolGYEdPaTpRgTKkeSxVNWEyfv59JJf4MuCNyyBWkwlp126K6tOiMbzxCjW0
#! UIvarZrP73aOiK5xxCqFjyRit7t046QzFJzQrTEqAr0wenc7oyHtqtPAoMxo
#! Kkg2+ymNE5WSG+kGvSGGS+KSABLcTHTKbrsxv7t6+hRFQgvr93Oj4B0FES6z
#! YI+edu2Cc4BoxVRz4/BLTleZfinQ9fRcdpjDU3H4E6ds99TmiZ+Q1oFK/Rvx
#! l+aQgoH00hSorqAxUhxnbPXTyzJh41ZVswyLwwfGTLE1SEknBKxKr9oyzimk
#! XmgicztIUeUZRgDu4RQVxGufCDgTtR17WSjCXtAMFXQ6s1bVU1lOOUsWCk+m
#! oRsruNuMz/wlJicwLDojmHJnKH6XBp7TKPC82GiXgj4VYsb9shvnT+ulTH2t
#! kE4iJR0LbIJoSl+jz0/pRrPhDNVJClFsEH+nsb5gNdci4GTGGz2p7IaJ3mB/
#! 23vZCIUQ0gQ9pegZIAgGmlQs9Yd5LmtCjvdm+k4k0DRp4CWWTueBasezNAiJ
#! tRMxGQKPn97QDGXFHY0Pz6XFOLObWksAiSs3lYuRkea0hStSR6qtND5LN0nJ
#! cZ5Z7tChy/ySKBLG8KJIM2A+aG36EusnPZDA86ndazmaCCoNzB575rRK1+K7
#! tu7v7hsC+2oyq1DpAT1OE+AyBDqn3ZXqFZHOEy48m0rUQNPfbPQmITQ5nggW
#! VzZ35ZWKvQgLjWQebbf+ASPaI44=
#! "], {{0, 0}, {100, 100}}],
#! AspectRatio->Automatic,
#! Frame->Automatic,
#! FrameTicks->{None, None},
#! ImageMargins->0.]\)
#! TextForm[ColonForm[MessageName[Syntax, sntxi], StringForm[Incomplete expression; more input is needed `4`., Short[HoldForm[], 3], Short[HoldForm[], 3], Short[HoldForm[], 3], Short[HoldForm[], 3]]]]
#! TextForm[ColonForm[MessageName[ToExpression, sntx], StringForm[Invalid syntax in or before "`1`"`4`., Short[HoldForm[FrameTicks->{None, None}]\)\)
#!                              ^], 3], Short[HoldForm[], 3], Short[HoldForm[], 3], Short[HoldForm[
#! ], 3]]]]
#! TextForm[ColonForm[MessageName[General, stop], StringForm[Further output of `1` will be suppressed during this calculation., Short[HoldForm[MessageName[ToExpression, sntx]], 3]]]]
#! TextForm[ColonForm[MessageName[Syntax, sntxi], StringForm[Incomplete expression; more input is needed `4`., Short[HoldForm[], 3], Short[HoldForm[], 3], Short[HoldForm[], 3], Short[HoldForm[], 3]]]]
not ok  ArrayPlot[Boole[Table[PrimeQ[a^2+b^2],{a,100},{b,100}]]]    ==>     \!\(\*
#! GraphicsBox[RasterBox[CompressedData["
#! 1:eJyll11y3DAMg6nepFfKETJ97/3f2tnZtUXgA7U7cdtUEin+ArTz+/vv1/ev
#! qvrz/LfW/7/Pp9Zrd690V48/qtvlr5/3bVFqouFcHzq/LJtPzEMuxRB2e5ee
#! ZnEqXZn5XY/DBTfLFPVEu0E3izd17crk/adCoAchNnrl+xnHnDqQkaYLizxJ
#! 0xNx6A2dXeZSqT0wnMmXNFJ4GxVVvTYjqYA9SnJo0lR3z4hiriYNWbMos7yv
#! uX+lR8nAT3CF40YxTjFmHnm72+pc87vd+/+q3eUtG4+aOf0e8dIkCOqnyveK
#! 89i5ZMwCd7UbyDBWPRPRfi7dO8W8Gn+/p2mY9xgL9pxTcxC9rz35ySx1pNl9
#! pwhYZwyO5gFGlBzxEDnJJX0qE1c6ZQPc5yLkEuEsis5apJwBtTybDmCYjPOr
#! d4H0NBEOOKEs2DVJSxf0oiUG7GaNB4QtNVGmTJ92bJRCEVEkz8fFtFunjzYN
#! os/d2XmREhfm3YGC4D2C7sgIDWF3UfcmvolXL8xpzKx2ZtI8pDXmbogcZgv4
#! TIDO+rZOM8ql/LYnvSFiahlhn6QcrOTjeZSZ9bCyVBz0qPolx9mJrOAikS4B
#! VolGYEdPaTpRgTKkeSxVNWEyfv59JJf4MuCNyyBWkwlp126K6tOiMbzxCjW0
#! UIvarZrP73aOiK5xxCqFjyRit7t046QzFJzQrTEqAr0wenc7oyHtqtPAoMxo
#! Kkg2+ymNE5WSG+kGvSGGS+KSABLcTHTKbrsxv7t6+hRFQgvr93Oj4B0FES6z
#! YI+edu2Cc4BoxVRz4/BLTleZfinQ9fRcdpjDU3H4E6ds99TmiZ+Q1oFK/Rvx
#! l+aQgoH00hSorqAxUhxnbPXTyzJh41ZVswyLwwfGTLE1SEknBKxKr9oyzimk
#! XmgicztIUeUZRgDu4RQVxGufCDgTtR17WSjCXtAMFXQ6s1bVU1lOOUsWCk+m
#! oRsruNuMz/wlJicwLDojmHJnKH6XBp7TKPC82GiXgj4VYsb9shvnT+ulTH2t
#! kE4iJR0LbIJoSl+jz0/pRrPhDNVJClFsEH+nsb5gNdci4GTGGz2p7IaJ3mB/
#! 23vZCIUQ0gQ9pegZIAgGmlQs9Yd5LmtCjvdm+k4k0DRp4CWWTueBasezNAiJ
#! tRMxGQKPn97QDGXFHY0Pz6XFOLObWksAiSs3lYuRkea0hStSR6qtND5LN0nJ
#! cZ5Z7tChy/ySKBLG8KJIM2A+aG36EusnPZDA86ndazmaCCoNzB575rRK1+K7
#! tu7v7hsC+2oyq1DpAT1OE+AyBDqn3ZXqFZHOEy48m0rUQNPfbPQmITQ5nggW
#! VzZ35ZWKvQgLjWQebbf+ASPaI44=
#! "], {{0, 0}, {100, 100}}, {0, 1}],
#! Frame->Automatic,
#! FrameTicks->{None, None}]\)
#! TextForm[ColonForm[MessageName[Syntax, sntxi], StringForm[Incomplete expression; more input is needed `4`., Short[HoldForm[], 3], Short[HoldForm[], 3], Short[HoldForm[], 3], Short[HoldForm[], 3]]]]
#! TextForm[ColonForm[MessageName[Syntax, sntxi], StringForm[Incomplete expression; more input is needed `4`., Short[HoldForm[], 3], Short[HoldForm[], 3], Short[HoldForm[], 3], Short[HoldForm[], 3]]]]
not ok  ArrayPlot[Boole[Table[PrimeQ[a^b+3],{a,100},{b,100}]]]    ==>     \!\(\*
#! GraphicsBox[RasterBox[CompressedData["
#! 1:eJztmlsSgyAMRS/dSbfUJTj97/7/OgqiIgQR1ERzZrRKgeYB4dV39/t0LwBf
#! d8HA9Nj7gkgSXzBd8EllGojSlzt9yxo+TMSwkiyNeZM6pH6lkGSs2mhLDiYv
#! DU5TuVaZlAAQb2JYdoRaJVrV81zgBkL7YmKPdPm24uxnNp6vv0uVoWusE+jZ
#! OHfEB0NBlkVCXCSelWOZVoRmV79m4ytI6gX3Z7Mz9nvtFH/D39r8oDbSSoq6
#! OV9rz8IVgsGvUmi+OgsjNKQIwyY2r7Kyi1BOIHexa3xjN1foCEmUnmkdtXZM
#! OKNfxAR2PsFyklVZlVLHsBzM25FcKXJwA/yJlHtvtTWaTlAoEvui0rDRdoy8
#! iIVfsmxJupIHQ88uP8rhZvOxdwRyrcXMCc5NMaHAT7Dg3yO5sglXg3EgLG9J
#! tfmVCLDhijpdcxnPkmgf9q9kfnkxnzMS80fylOcSjf9G/ii7
#! "], {{0, 0}, {100, 100}}],
#! AspectRatio->Automatic,
#! Frame->Automatic,
#! FrameTicks->{None, None},
#! ImageMargins->0.]\)
#! TextForm[ColonForm[MessageName[Syntax, sntxi], StringForm[Incomplete expression; more input is needed `4`., Short[HoldForm[], 3], Short[HoldForm[], 3], Short[HoldForm[], 3], Short[HoldForm[], 3]]]]
#! TextForm[ColonForm[MessageName[Syntax, sntxi], StringForm[Incomplete expression; more input is needed `4`., Short[HoldForm[], 3], Short[HoldForm[], 3], Short[HoldForm[], 3], Short[HoldForm[], 3]]]]
not ok  Graphics3D[Cuboid/@Position[Array[PrimeQ[#1+#2^#3]&,{30,30,30}],True]]    ==>     \!\(\*
#! GraphicsBox[
#! TagBox[RasterBox[CompressedData["
#! 1:eJztvU+PpNd15nnRM4uZhfAiF1xQNgIxuSBlEdE1RomgZAXGSXa1LAFBWbJN
#! QcW0OEUCUlEpmgRUlNThNoaUG5ZQsCA1hg14CPegujEYowV40fDCDW6as2ho
#! 5Vn00sAM6gtoMd8g50Y8eX583nPfiIzMjMzKIuMiWUhGRrzx/jn3/HnOc875
#! H1576w++809KKff+u/rPH7z6o+e///1X53/439b/eWH+9rdf+2/qL/9f/e//
#! rf8tfj/+xK+/+7u/+85y/exnP5vP5/XfBw8e/OpXv3rU57Vbn9D161//+mfL
#! 9Y//+I/1X71Sf6+CWv+3CmqVUoloffFRn+xufSJWlbQqeFUC9bvE0tevl6vK
#! ZJVMRLS+fyeiu3VJq0pXFTMEbFAs00JEZetRpJd/srv18V9VuqpESUmyqljW
#! F890kJ2t361traQkWZLVcx82KdL6787W79Ymi+hm1V8vIpbpUIO2fielu5VW
#! lQqim8G1RbFMh63SWL99Z+t3y5eUZJWH+sv6t1WxuYKTSba+/r4T0U/acgjo
#! 1HUFYunLRXSnSD85a1V0s2pdsVj6GgRIdyL6MVsy3PXJnulTj1As0xq09TuA
#! 9LFeZ1WSrFP9z0eydgDp477WQ0Cnrusplr7c1gt62gGk13ydKboZXNdfLNPa
#! JUOv89oQAjp1iUfE/z58+PCs3ukjXDtbf62WctkXUZIsF8v6TMe/8UT9KaWM
#! x+M7d+74Oz/88MODgwO9fj1Fd5cMfYTr3NHN4EIs69Os0vjh//nO8f/zy/pz
#! 5w9+t/7vu+++q7fVX6q4Prh/VN/w7pt/tJDe8XgrJ3BJaweQXtk6HwS0fiGW
#! VROO9j5df6Qt9z/7uVt/9LrEslr2hf78jSeqrFbJrGK598SnHyOG/y4Zenlr
#! u0qSRbxQxfLwc78//+dHR9Nvdf/9p/7Fe/8Jsazmu4prfX32zAuTT3+myuT9
#! //Bf679VXLd7MlezdsnQrawLQkDrVyuW9UdiefN3v+piqT/V91RF+liIpcK3
#! evJr3iMR3QVNZ10Xh4DWLxfLKnuSzPpLVZXVTEvwWrGsQstfr+eq51y9joPn
#! Pkv4durZ7pKhG65LMtzpKyTz9anVZ1cfYlWVepTomfqn+r/VfFcjPt1/Vo7l
#! 9QzGteqZL+K1N/9I4VsN0xaOcR9YOHXtANJ2DdY4XMZCLFmD0KVerE/2YLnW
#! W8bN1yXp23qehG/6qQ7JWcXS1w4gPb4SJenftUr4pT/Hy1V/2ZYosvzg9Slv
#! UUTrAatiV/hWf3FU4eLrE5gMvdToZnCtEkvZwQf3jx7+X/+mGkHBmFs03Aud
#! +9xnq4Wtx6/fUg9eX9jiwSWW9af+UlXlFsUyrVW2/vFK6a5Zp9Y4XNKXDgpb
#! fbKOVQrJ3NaTrTJfPViZ13r8+lMPvkV8PollPXj9uYIA7WNm67eV4D7HWiWW
#! VUhq0F1/aoxTRegb3/1XW1Q49RtrAFUtrI5fY6i7/8v/jras8qMsZ/23fuM5
#! nAep+nra9Vuqh7nIXm3bA9lkPdbJ0MuGgNavNdoSGLM+2So2VTIvEjX4klg6
#! 4oRYKqNU3QYZ93M4Dw4gKEy7DkDW45UMvcroZnCtaqzRiuUWjXh9IgkIRRUv
#! 4qAl3vjum39UhVPA44bbAaySSGorZ7v1RTI0AaTXwR29jAT3OdYqsazPVEaw
#! +mZVhKqd3WJIIiBUx68/Hu/IeVCWs75BEruJgIlqIqBSmraK6CWFOWdam8D4
#! jySsaNcjV5KsNW2IZAQFVG79+QoR0vH94FUsq88pRVrdziqTG/q09TgniYBl
#! GFV15hbV+7nXQoEbCLbKxVVTx0collcPAa1fm3TH2u6SqiQnmBDL+jpiWRVm
#! dWhv/u5XN7Epkmf91A/WT234wctbrZ+8IAc2pyT27CNMIT3a6GZwXVJjjVVL
#! 7p9YnSCWSVvKc5BYbg4ctWr2kYulSKr4yfWn9ZPVQUKSefXW8xFCQOvXFYtl
#! gkNlat1rxbKX5drcoXU1W8WyyuQj5zi5nyycql5s2inwXa9eNrZY47D1dT6x
#! PPfjTnCoQ0MX/ArFaPXp1yM/QqzSl++U+kvdJkmBC8nU71dcsH99opvBdVax
#! hGh0vlx2a2q3CIcCVK7K4G/CwNziqndJV0qyyRW4kkH6/ayNRi+yrgkEdOra
#! fJ/Kh6/G99y57EsVy/VLbq3w+UHySb266g1uS27rQW58ZlKlUfBv/cUdyySH
#! q5IaW1/XXEn62lwskw8vz/BMuez6XBTRyI7r41fgASodKVRTeypVySnjWa8L
#! ub24nEAFrN7FggMQX0eYwzurtFy2WF43COjUtblYigLhWPe/eO8/nUkssbOK
#! aK6sfFKykcghrucX8vPcZyn8rPK5Rfp9PY5r4FSbf2w1Ape0riEEdOqqJ7xh
#! DOgZSZngs4qlVn1GV+njHUeoBTmkilwih9RXFC9LbqvQXlJpp4c5/uLlieVj
#! ZLh9bQhNyA4msaye4VmTkvIE3Mc774mfYblPWy+hhh7u04poR8hchbP+9TLE
#! 0sMcX5eEDl1ZjcNlrE3uiTLO1czVR+aeoURrc/qZZBIfbxBhZm3R50ximfjq
#! XkOnws8qllt3MNYk1C4DHXpMlSRrk5Mn45yWUHHloDcJE+pHKLGRwlyVud4w
#! m7zh0vlXMy18OzFP6vHrX70eub5huzGIvLvB7b/1VuGPXXQzuFoPvF3yKlUa
#! U2WpupSLkMFihPrLJiwjQXk6zhp2MTlKZ11eRHkq6KhfpPxRq5+p+kyMpq0s
#! GdNVN3m76NA1ISP5oihsw4qwB8u1uVh6c4P67JRPEWQkb21DsYSJsYog5AnK
#! KvM6/ubEy/VrjXgLKNg6VrM+otmWWF7PBLeYOUIU1b2qCsmqR3BSmGAF/uvF
#! uL4ZPrm0HAJGjLAqjeiLT1Uh59vrpzxbVH+pXyGNqjRiFV382HPcmVOXFOkl
#! IQPa+OvfcHHldm0hoIUf9htPSCwFF69xkOQWygRXjXSq/ZWnJ1hY4pH03oZi
#! Sea6nl49Safs8lmPi50bX4XzMsRywQx57rO4x9oj2zr4JrzBi4OW1zm6qXLi
#! ZJX6KFcxu/Tc5URJeusTXy9RQvb07GRMHSySWFbJ2UThpP5v0u2eLaqKqxVL
#! laFtXSzb7I+EcysH3zDTfRGze/0T3GAgIqvc/w//ld5WaTkeIvhxvaLTsyO6
#! kSpWJO7VhRveHLfR2hopWySxhHWpuLi+7TKy52R/lFGV4dgKYtlmGFetzdMZ
#! aV1nJclSIsPFsv67ikgjwXDG7JonzrNzkqSeHcnEzR0zfTvKsN0X9Wj1ReVi
#! tKrY6xu37v7BaWeP1Pu2FW25SSCpdQ506DGCgOS21adZhVMqaA1MXe+8gHH4
#! EmueuKNDkpD67M6tUgbF0jWhUERJpvSw1mWEJE6JrD/Cvi6ODg1mGAfXOYpW
#! rm10kxawBtCcMi+nfkQu4mQyWX+Njg6pd8rFxZKuF2KSu9QJYxT3RnH65VGM
#! PHCTlakbpN467dzzgfmrMoyD60zo0PWEgAZXm2JOD1ESuwYpWtMdS6sVy2pz
#! Fficr6UVO4LQ/kzPfVtsXm+QKM58FUtZ8EU8vuy/dNYWCmcl9J5689ORr7+S
#! PLYGU4pEUopZ4KR4XGs4hKfeGa8ZV+ZO7f3lZ57b5D1crrMKdsvm9STCWcU1
#! Ee20QdjpAvN1Vzep7d08zGFtiA49FtGNFg2mdAMVRTrUI0jHoY/BFF6yI4uH
#! 0hREPFjORvFUeH1YW4xb1y+dkqjjpWHzikPimu18dp+P1I9X1wIwv64NU+Sb
#! hzmsU4XtaiCgD5drW4fyTvty1xXS9vr6Rjl/Nb6D0KKLpdSvoBLEGICovi6d
#! CQ34Ik7mhkukcTUzPMlJBZ4DJiC1pp9Vu2/z1dKNNqnt3TzM8bXeUbwCJen5
#! vlVDl+Tnb5gIc/ix3kaBG/L6RP5XVzTK+etf14uldBEotzLRCz2pbgNL2k9V
#! I9uKfTZZIo0jckidVJk2GsCp7u3F2wa6WOoy19f21j+99957b7zxxjkUzip0
#! 6GogoNTNu1qcRY+Ffn9yqQUs0aAr6DcnIS0SywVRMBy/djzEoFiCUdTtgDL0
#! PBHgXn09ieWZ2Oknvu5ZhqAJtEw6vwoJJ1CvCLRWyNjFp2CIAKA4SIyp9f7z
#! 7du35z948xzE5lXx0ZVBQGpEhhetiUtQDekKkvixbQ1U6VfC3vjMxLMhQlpw
#! ihBamvUNitAHH3xw796946VYInVkohFLHSfHPqdxPFhsTNyDU2Ml9p13wpTU
#! AXjW30EJ2Jv1xc0fzeD3ehy0/jyrklyEOf/5f9ODUzXohvdkEB3aruFWOeeq
#! 86E4SwIj8+fd8yiAqg9OQitzrI97+q9qWhVACV7jBopmUIyiI8lUc3vFJi3n
#! jf4VgunEhqXVqu5wfR1xRfj1vDY3W8XIIRt6gMkcoPO91VuLh5+jjuMiazab
#! ff6Zz6HPFYJtqKvbgsdVEFB926muXSpkOw6xgYXS2imH/sQzlMGVwpeaSikw
#! uW2Sdl017CB5fUmX6pR4TAKHRYyUTysgTpGCymC9gbn0s5tLyaokv0T6G5jx
#! rKgO2XPtvk2KZZJYApnK/RbVRykhZYVQ4Juf2AVXdX5u3ryJPpcPv7mz3aJD
#! zAig3SV8Rcn8KjJtG7YI5nImg/7qn3X7KOsjsZS2fGDdccloyxhJckqwg4Bo
#! VhWbkILUM1IK0jUVSFHqvCcd7lGt7JHewPdubrV9pehMF7iJWOKlUOzQXrVn
#! ha5STyqb4xtHCmdzsWzpwfWVNLKqiv37P30T7+6kZYSJH3KL+MmYuiqTeWoh
#! hQfL/rdyApl9QOV+KnGStqyK7ref/R3kAbusYaA6sXeXy7dP6xdByMFPUHe+
#! g+XYMsUy4vHWFxlnUwX1hBC+RD7rxXK9p2Y22zUolpuotYdNXflZtTRB1nZT
#! 6ooTUxGQ9MbmIU+LDnkEVP/05JNP1vNXSPXgf32nymfb707iJ1NIVFIfpTK8
#! qDJpwrYW4MGyERmFWr6v1RhEBVBO/9ZVC/yRTHpYJKUnX5TtwwFxU1WumERC
#! qDuvQ5j07gQ6T7YbxQtSnqfm3F0MdIGikegc2t5lgwc5iAnmZ3Ubjm2GywVh
#! 9nZ5vZhcLDa+HuuGu6BFh/wVBcL1dtX79szo6ao2qx8r+fzVf/zXsnqCbRE/
#! PRrV77saV52LDPSqRmSD1SLyIT8yrGErpSeJrAmLJJMupdo7SsYVA6McKXIq
#! poId7QV1kixLNKYemeeoyILvJRu+vtGuzIqTvdsc3yYyyaagBmT9R3wpUit9
#! 7H19MLIhPaOtFyOLqptPS5xxDMtYc5z0YsoTHfQ72NdnUeXzqaeeqvJZVWj9
#! 989+8cvR/tPa7Hp2XGmxYFC4ioczfvLr7yRv80dGOwj5AF7hgltIHlDCVu+D
#! bHEJ8jmMHUgyEnsJng4lDeZF3PXquCcO168fCpZAgzZvvuF98BqQj0xDE43K
#! THutOpuixLgrSobLWuimpWcMvnl9vZjT3bGzg8cZRIfSwVMbE4UnApCrNFaZ
#! vPfOz6uCff2171RdevtrtxxgrHcPdUSxVRvyaCeetZRJdrweVoEMZyizLg0v
#! /EcyI+2kAErCLDZjMbrOQYwaQc8rCkMhC1+tv7SQoMRyFe/9uBEnFepuHgWw
#! Sr8GpH5jy9CQr5LM9OLOR6bSrckaSTs2IpYiPolTKzan1ouB9UGZXmUaVoGW
#! DhApwaGnUJ9RmhqjuPjrr/4guaAf/B+Lx81D1z2UNfQwxHEYx2fWXJ2vh9Eg
#! l7NS6gHKIieJWKaaCJ1h8h8kllyyxFLCLNzSvwKKbP0ijjZ4ttov1OquD7pF
#! /hnMtxZjQp6gUv2qDUmgbyIPP+u/3lNIbYWqbK86bVHi3RK1efBNKLuJ7l4v
#! f1XK6cFQwWP6CkFzxfDn5IzJp+KeywV95dW7R2/eq4q0mvsTetVy82q3CmWS
#! QWmzuq5tNvHn3bWWtnSx1EnKc5AdUXwBybbV1QoogKal05AEernQjEIupW7C
#! GoWfDqIA0MXyYbSRfBjdMlNfDqgmuEYnjfiGGBryPBefDbGUVilWL+wtF1bd
#! 55ZTmhK1GxIp23z6qi05SGlLDicIhnRFehxKckmfpN5Qf/Hv/ks18YsQaT6v
#! l/Y3/+Zfun3Xs2bPSqun0hUBocWa+aRbp+d4ZzmMGKutww56jLoc2N0nIYY9
#! QQLSh9FroloBSUKSKAVuznhf74RI0tJBPG/+MCigJxWUlvc5MdABIKRH4H61
#! ZMZtdNWfJbLnkgo/jU2SkuOohJpH517HwVoipbdE9htS+i3cy+rc5SB3KDV+
#! aWkPLgDKFSpjkmZcgnt/6lOfqjqznsMCBf3Bm+/9xffrs67iR1aXjB7Wlmc0
#! AITG9ZJKrk9BmlwupZyHegKDiNNxMOgeRiGtY+lt6ZlukVcDbVLjk5a+CxGa
#! R0GEqx2FFQgSYT7MH51q/auQMR5Bmnhb+n3/9IykJFeJJYz6wZN3qjPVbaS6
#! 3njjjffff583L/bpkuGZUAJScl4Quko/r+IOpWC89APqNFoOsUxup0wD9r3+
#! /M7Tn6vy+fWXXq7fW018tfVvv/hdhwd1KOx7Sg8tMjvLS9b1tj6VHEJwnsG6
#! /pO9vPz4IJaevCbdCjmfwlXK2VtY6HLIC7cFEQrfSoA2nJv6EelOgiEkLcFt
#! xy3BRivlV69LYglwwcFlTQY3r6+H/SEXQtjqPX/j9dfuHX2LC1GkD/1PXlmb
#! CD5JGa8eqLqhWMrRkq5wscRBqvdNV6cbjj+mRjqtfa8fqSb+1pdf/N4rd2sI
#! /ycv37313POA7cCGxbL8MnnyReF+eyseqRQ5S9oO9f0JjPJKinrfWnrbKrGU
#! ZsajOGtRdulnSNuuCA9iMG79N8WA0mZgWRJUtIQOCCKRhJZhZ/A3GDlRggut
#! daY5fbrt1er97F/9yEdPkrDjSlNjYZ5CPYIPivKvrl7lqugpBeN3lm29+S4P
#! zIGR631LhHBQShdL7Lskub7zKzdeeOul1//4pZer/nzt6O0vfelLxxYdnJD6
#! lqpS4KFyf3IPki+Bctbu0Il5IFP6GLI3FNUxW9ZlvUUffPBB6eON5YwtxJMG
#! a9u/IJalSR6dPNylsi3LsEUiKukSN+Ch1aR7yg/96TKpWwTQp/ds2ADhTjR4
#! //wzn7t9+3a9mYri4dWguhWOtdKeCNXyWJJYrrqxSWJhU3jUo2tUmC9abMrp
#! SCwlG+hY+I2S5DvW172un/zkJ/WUqjtXA6Uqq9+YfjUlOvWYlC2C5oovoUcA
#! pSQZpof9vlIauuFZP0Hu6VbU+1A9YQA3Mev0Re2bVc8lJCp5+9wZiWUSAxlx
#! OV2YCdkI2QV1fZE4laisvLNc6RxaF87dBv6X85FHCjdm1RLxRizEH33lu9XO
#! fvuf/3Ga8VdPJuFmbSJVGQ3XqAnpXVPWl0J+pxPIjruIKrQB3Etup54gVsYl
#! mYSITCQcRcVcv//lFxUi/d2//6mopIrf9VmJpfgzAupPdN1qlNhjNy+exWUa
#! VBdVLBcprYh2tSk0NjGJZZsKObCKNuZ9wKVJallOL3kBkkfaO/q9BMNkjfxw
#! sZJbIRWod72YPLFT+3IcRJWoTEw1bb938/l5pEioMpOu1k6XWLZOuIuurjGJ
#! 7iA6pJUwIoeX66Hc9iGWesQ+lFA97kgoO1CGJMvjFaTptArdyWdGT1djQSK+
#! 3pxX/uTPJU71s9IAulcSV3zRj8orlgAp6ovnLqVNe42WJsp67733JJZYAbkf
#! KZhSZY2YKs6R01+FSpXTqr+d4+diye9ls5TQmZDeVXPNqORNRUPVn/zDr35Z
#! dgfmc0LV2OmDh201qp/wev65Y0fgG9oLpZ9lqEJC0K3L5OYripEv5B+RFVYi
#! kr55zNcQLMb5Sy1XE/+jn/71Wz/8cXVpaixfRaX0I3G5fAIxTjKJETsgpVA+
#! 9Ib13pSyosTF1F/IsEpb6n7qKWN8tb+cQs9tfLi2+lseprdLqndVglpOI4Gw
#! TqKziHMHv4usluLrQeGhkrcYwaBariqWSlE583nwKwZPD7hJ4Ez7FNYXPKZg
#! vF6mzJBOxgNzBTUyTO6CAl0KQkz2HUnmkinkkRZ11QHqq0SniCJVf9Zb9Kv/
#! +K9//X//e2knAXTzYPclfImAiGq1gy8+O/hQHkZxEECiICncM3HYSEPrRcaI
#! wLHfULn597JxTvgky2IN/b5JSPJhv4X1YAuFD6PLwap6AWco1Z8uqkV+a/9p
#! hTmygzrVs3I1pVFFSx70z9e3w0p5ycQjklLS7cLZKw10KUHCvUSSyQ0lZFgf
#! IYGSwroqyQhz/V+hoELp6+166Vt33/rzfytvQRAfkHK9/2pFXvqEN/mfbRb+
#! 5I71+5+fiLSIJcEmEl6qUEh+l+wFZuJUe7pGm1FkN8j3G1wHUSAgtKH17h72
#! S/ZOdlxDnlHkpW2op0CYg2tB0naTE/M1jpnpB00f11PzmKnGJ5U2+O8CZ6QV
#! 24y5dGkJgiLaBkluoySBJxS5EG7Lu5Yw46zWv/7mE59+8Zuv33vn50dv3hMK
#! +ltLop1Dyjo918ySyUGWgu4bnApBUgIP8WcQeFJR3stiw7k8q/J0517Srj3v
#! ug9kOR0IxDvltuQ+iaMoG1Hv4fdeufv2i9/FywV4LBv3INI6WNZWuw1ywT61
#! HVYibFBfoMqRFojWDiqWnijL2B9eTSsn+PMgJxTyuCsLUCzZELu4BY11wOqC
#! Voe8mnjJ5/e//jrNBBS5I2xweAS7JSZn6fc/d+1Xgk3kzqQeMUO+BmHk9gFR
#! dpEy8psvBSbkSvCo3VcvluY7sCGAusnq4enfK/fPOzi98fprNfDU0z/xspai
#! tYacNrgexAwjSgKTc3LqhMeWsIGQSGDcM/c8o9NxJQ9y/lGwSZLBE6BAUH/R
#! NfOzhMO3YkkZr0Si/m818VUm6x6v9v2VV+9+709/USWWc65HE+3h67NbchS9
#! nlFGPM2rTWIplElIC/aOZhrAy4PO23ForbbQY73OTH+VYEOhTJxzeYaKm46D
#! i+U0HoXSLX1IOpx6uhrmVLGU2hSAj4Ok9O6ZxBLQErfNteUadIjlLYId9JMm
#! B4dk00nLtXT0NmPukiwZ+MjJt4b2ZYgJpmpod1aVORKWqBiZbF39UndBqwp9
#! 66XXP/9MD95UQKQfCYaCWe8zKSd/HPXmWA33frlevU2JzkEYUxKVvN9VfZAQ
#! yBPnIYi+SbDl/XbW41p3SbcCLlZpiscpI3WxhOzxhWdvVJmUc44z5relnvbm
#! 7oeom/7t7XT7U8WyJWz4AUXpFF4E+af0u9m3RpmUmTaagm7wrs7a6es2JpXl
#! ahn2IPtCllosEaWQinVEmXxm//duPu9cZaH0yrBLsCUYD2NgvSN7OiU4kJAu
#! kF4QBpxPB74cxjy2ENKxXEn+qtAYWEBhWukzhXQJ3VBPA1FccH0xT+BOacsA
#! zdUAp+7lZ0ZP0+nLhUopnt9+9ndc0653QlosvfTBik36prbVE97wZBWPCK4j
#! PAGolW3GfHC8oN4mhFySTMtoeaq6z95gh/pxAHypK2kkfyi6t14uV9/2Z7/4
#! JZ2ITsr/A95H7L2WxyUNvQpWJkJ4gjFTUwJHNjj/Rb4jemO6zwbrSaEKbUDo
#! xuBVw0ksT7o0mFkvljtmRydNXj9bQ+9qXGqY4y2VKJsChXMTDDVoVQnMuzaS
#! QAotBfKbNEtP2UmAaBkIxB6tSELH7TuPe1XGnBuS/ARt/+Sfk3Z0textDWi3
#! wlj2EuVUkqXS52ZXh7PKpFB6celV8OIm3lm4TqKQz6BLw2jK2cOa0FBC2oYH
#! V5rKjkXkHnkibxKrDJFai0xjsLKLJYpLuxhlCJO865dFc256UV/tcYeOXN3y
#! 6py7eiF3WYJ9dNAvndbOBTIdrH95aJWeCYkdLHhsVxuM03cF+ZTYQ26UPzxv
#! MuYSpNYNS5llf1hyPFznu0osQ+ljhTwLSCTc9XpzAKZax8CPeTA7dK4yiXhM
#! vFccqwJXZ6JcVRed9vUeRxi8r2CxQlqcBOIIjr8X05PxCeX8KEgR2X68bCJN
#! nl3+IaxIV4byButpENmRI5Zbnqo19b1//NLLHDyxKUhXubR49dBx00mprCVY
#! am3YLH1V9cQ8GpR52RF6rGWLITBtxnxRtWd4rzSDswdd9lpL3VntgEKeE8kM
#! zVbvEhlMuXCDfcxwCOvyEEkm/t2/+vv6dXzEmQAKr2TdWj3vYplSWtKHEjYn
#! mQt3gqfq+VM1W+hiRu3Dfvm8kF7JJG6PTlW3yFMAcjNW9Sb64IMPqnujuyH9
#! cyrYdRxccc+M4LQkgmU5Sx3uoFi6rf/QJrtJLAfFr+tzp9WGl23rGfO66yUP
#! 6XvJccg5dP9cIQ+cNL8PsIgn1oiyFWxtHGe5KFal6lbvbBPxQkFdmCWW0l1J
#! LL3k0xlcrsSUVsYKpwj3pEo0lI9wCa22yl5EFCjTevp8FwwBb3uC3+5CUn95
#! //3368VKiih8ODXvmSprpGAl7U6wxD8ZFL9N0CEtD8YVD3bRXWpQLFFi2rAq
#! etqL1n+uEBy6XBW+CRWB5C9FIfqQP9N5vzeC5FA0bzX+9W0i8gOZ/RLeL6GZ
#! a0Wu68ZzzwsFFUpf1am+66Rl1tJZcoss+fEGic5xIlbqrBodzc8RuIey43Qv
#! HJQKuQcel0muCNtT2xP6OXDz6y91Gy5sxBu33eKgikWTGzyBD/utokRflN1/
#! NzrWciF7K9qtn08sj6MIDooOOkchDLbV4xS46GU1or4GrHNPtYsytKSgXCyl
#! LYm+5eSwTXQ+7q9CZ1pEo0tp4ZjJxEtsvnLjhSqf9TEdvXmvapVF07AosKKK
#! Cia5xEzQfW9iyDLxJ4C6izLnYlW9ghG0odCuY+uGl+7Yg+gZ6JlQrzCV/OvZ
#! UeCTouBFAmg2k0dN+0R50fINvGVfC2HJwab+CMfAQSFhDqsU0eZTddpg3HEh
#! t8hulAeLfUqwLl0RrSegJtPgSfPSxwyhScs28Ry130V6wQg638/VLMBOchug
#! o6Pi6r8q56xPVk3t6l2q+/fBcqSs6ytpsAR6C7qX3na2vCtSmgwAVblnmKhB
#! IleUKHB2RefVAZS57Vm/5eNgTFWZ/MOvfplosX5cT0e3zgV+kJh0bAyoYsiP
#! 44pyZVu3TWvzUXopGHeUnvjFs8ZJK5IWxL1chahvIpaSPbmXMkzYd3Kdgte6
#! /kBPaCHyc1rrf0JTXzITyMK7tq9HVlpHfEtdpjIUdYPXu1TF8o033qj6E5Qe
#! Noh2CkQ4eIBS7NyoEsQeBel6s+KjlKaEX5HE0lFfeSkyLiU61aT9gkKoklMF
#! sroomFodX6ATuB/cpBJVG4O2WF4u/a/g5k1tWmX7qRTInCqWHowLDpXUJR4R
#! mUFHz2Ss5bYp1liPqB+HhwwkWyzJ6EiUro6nMIp5ixLLMgRGOf+nZdmpbr1Y
#! x2BKJCSWep2j6Tj+XOojSE3tfjL/jhAkeTWuDB1RnAc0DfaeUkvaJkTxAuel
#! 7iRXei7u1cyNCigRTX2HIA5VAbv9tVuLLmfm2wgN0A7CX+KeAHdAUnLFW/rl
#! eIT8QGeDmnZNweOgDLeEDeKFxCNyMiT+ZzFEfVBaHFFX8XsqKCNC0dHIO/vR
#! wAb1J4ea9UUkMojuOcP9aFIkPenwkXuegHgSiUGxPIyxpGpqp4439d+v33rx
#! ySefbJuCskd860lWtWWOoh+dO9jcTxgagobcCnDyigFLn6cnplO9qPpBhTn1
#! 9Ny3oQ5O1+gCX6IZVw9uCsbmu0Njzhxw2F8xB/ZMEx6P+7UVD23AASWQwoH3
#! YrC1l0A6xKct1hI54IBJTyo6OLaCMk/SESjpgR71RxdJrckhx/2WIkXyH1jX
#! 67m1TVgjll6m5GhPohm44z23jjff+9NfJJT+xEAH40JC5Uk9xNKdpWSYfvt/
#! vAFwRCluKpORXDkR0VPwYllU3f72i9/trOvdPIDlvZiXUSK8JZFdDIN15Pyg
#! GXO2vxwPxP1cFeFuPuFRq8WIPIwdNMqlX+yDHVxlkRW1QYoulukoQ+3XFIbA
#! UMVbED4vpwu6RTGGNohT+5TVemJkHSe0dwQhUtFWAn1lBsp6sYSp8s3P//7v
#! 3Xz+hemCKFLXa0dv13/9s645O+tClnbKNIaMIxJepl36fFegqmTfEcvqD1dN
#! jgIBspD8CPF42B/Li0JAe3uTq0ScI1rEyK6CQDdHh7TaYHxqIz+OrHUYhWPF
#! oh5sqG5Rov3gpx2bHpPlIjKd9KuuJJM6mtduFCMRPYyxaB9t7eCkFSOL+lOW
#! pwcqS5oJVFOvcFFtz0BpvFZ+ZPF1o+ob6hW98T/P7h19S03D9Djce4EiQi5b
#! 8YLX8/KU5QG+G+MPUnAxKJa6jYvS/ps3q1jqocyiWQfhEmizC5Kut/TL3r0I
#! 1E2YMptSj6eWfpx15nIiDCfCRuIRuXvZGYEBKgs1aLN++yxtSe6e7qoAjS7Y
#! lbgKPOs1GXOI31gZX2hFHZPTw5FjdwAf4VFP+rNOnOfDYemgtR+9GnTJCT6a
#! fGa/GneF8JTLYZqpw2KhSzH38gARS7KZXVSe+md1YrpX1ZlU1ABxwkWXXDmo
#! uEum3/nEI/IvksYum83iOatYbkjYmMTgFakRf48j6pOmBk3aD+70JAaB6SDa
#! /lBxULAy1tOh0kiJZfJRkUYds40gIL37MV0s9aAd96YxkSBu/MOUSgBl7awX
#! LrGwqh5+84lPeyL+D7/65Re/+To17DQikJ8j5cbpKYiQgZjYsJgSpeXeTExL
#! YU5qcu7eC8TCtimTZOAg+n92ljHXDTmM1rKlnxlfvzZHh7RSMP6g31CXsKL0
#! C8ccQfXKna7fqxyLrGt/2O8MNrcmHslVkB4YzJgrL+mJNmJngnoO6GGU0Jg2
#! IEKu5FCRQPdo9CAmBLW+Zf24SoAxl6CsogmNo02uiKBVj6lcTib+C1/4wkGM
#! dKGcof68dfiiPHDdKx0nZVpFlvuIKRdMv9T9D8kUFoQX3YZ16f3yZktgRKlY
#! VXevTQm1a5Nmwu3y6onBxi/p+e5bCeShzfpMBlT/611f/JJl+JwTMu+j3zwR
#! 8Ch56fVo2hSCCnkWkoppv/0Cpyclr42TTIAYiejSEoRJVJ9sbgqEEcsFU3GZ
#! diSPz9kKIvAwYW54Y9Vp1f2rxr3qz3d/dPSdb32tNAXF4jYLDHQDOrdmbtqb
#! zNeoB6ye7Th6Wd+JyUq655g5UvNrSm4Pmv42bWYcgyLRHTToZ0WHtAYJG6Il
#! dMYp2uv3rObheklCMQy8rEDUuWSgxRb9lsOQ7LugHomlZNKxNSxpMYodFFyp
#! WWVevEoOQzyONgUlqsXJ++hFqegUTAkxUzVWPYi+t41uWrH0qvbqcFa3U/Ip
#! F9QLG/etJCotmJYcSm0x5NiorAOJQp12ljhTFfmgzAii9AkFpY/B6s5Qfito
#! ffBQpxY8Dq7UyqAs/Qce3MQaeIokRkIHHwOBKStGorTIv9sIBK+EqwD5do0f
#! iBcHmdzV5shadcnN0NZ2M+SGuNgoPWTJUYVR9EzQcxF0rGC8xCgKnVhiU/g2
#! mdtIrGLYoC5BKP1B01dZCHmJCVnOzHe46QvP3likR5figX1HvA9sxuVJ28m1
#! s1FoL4lCVnwkT1jq0W2KrnRQ954VHdJaQ9hgZ3VRys1Ob7EjvZ74FbRNGzxb
#! 3VsSgpMo0MDfS56MZ8zJ8EJOGEXH0ba8S2JZ796gWCLSIiLCvtb/ElM45Zhg
#! SlsVP6GL1tN6UniqxcA9mVfpbbIzbmhSR5Fq4sVGk3xiIzixer1vv7hoi/GV
#! GydpfTYafi9b+Ni6iMiIDFrecb+n+s1m5L3CEDc9qyhtiai24WoJG4gWQYfD
#! KakEMmFHJYyy9AmwbfpSQXl6+m4ZpdlSi4NDmxwhGC1lmtSPBXU3WAe0AASW
#! LXfkX82tjEXn6Xv/oD8rTc/Ro3jXtE6XStG6XOuJ9aIsMRLaN4iugv91r/je
#! X/5SHRuqfFZBdRMP1lRPRvVic4OVEPsSQDpXV2L6qtYgzTKJZctyTwm1NWJ5
#! VnRIKwXjsq2jqEN35NyNNQJDJov2WdwNRKL0YQT5LdBp8NlwBZ1qm/B5SESc
#! lZOyRMhJSTrJzAKuWcKkE+uduxeF5yWCcTzeUX846X50V0tiqSMvmBWmUf2r
#! 69tm0VwF+6s8goulm4a59VWud0MdKma3nqNpmKYfSqsvuCKzGdR60vpuzlJp
#! Cb6KaHXjoVHgd5pW/y0L1LVWK7ess6JDiGVbPYE8jFZU4BITucCUFe2zkv53
#! z0pJRncF96NsubPmHihSiaUoGfW7HCpkNECxoFWmiuEUzpZxYhIbjafmZkII
#! QDdUeOjBC7VFiCV8SOrK5dFVYUipmVYsadSgg9cjOFFEFfFHb95764c/rmLp
#! GdXE7S/9Xg3edcHRzlZnDhIs/a9yMrumOiNJ1yYFj4MrBeNdv6hn1FTg7j3x
#! 0WApT+iUITJwWw4gA0GkM7X+hMVcQU8zOdQzjhn0Qpidsa9+2rKkKSJTH0J/
#! +oCu1KBREVN/cXIF/EkPpvR1i+is7/YjvcWWA63of9QRxWKTftGiNpScVT/z
#! Iys3riqFoshuyRvXF3VG2geXKEMRmXITslzrQ+ZBLxRGyuBHzocODYpl6RM2
#! kBnPALbQpWNHMuWy7Lq9OjfgdG6+K9jkCrb2XdoDl8DdGz4LsJkiMpX/D4Lt
#! +zHl56RVUdT2lgh195sa4UmUhwtOP2nrZxQULZm5YrXbxUI8hSd8EfLm+SmR
#! 7rp+Xya/3iqWPHft1mKjSL2wqPRHW4JgOEttlSE+to6vg22XVq2LiGUKxqmM
#! 1m1sZcYLDB07gmLh6XKgS4U5Aii4UWObZ+quoEtFFxnzvRhCoW3rOakj6+LV
#! Zhj1Ol5lIiYhSCRNxtbdFDTGD4umVTmGOsoWa591y0bDuNpPv0OrS1LncL0E
#! eFAs/+Lf/ZdqylOfwJQF04lBCfPYWVYAAvOakgcIwN6+YBPROh86pJWCceV/
#! J03RawkeBXwhEOwWO/LgXeFzYjK4Y4M5U35EebFV9n0/ekxBvDy0IfKuronU
#! 9qM+rvTrnYvRnMDnE9MbvMgdtln0SNlbtqaBs+EjY7go0E5pTkek96KzwSqx
#! 3F/WsC9Ob/T01PoLaU8dzA6rWKaGbAQ4pLG66IXuwL6ejgpG9M5U1+/rznKs
#! ZxonfQVimYJx5GFk3V3IADpGJL/I2ZgJO0L76bp40Ly5s8ElKBxaIiRFej+q
#! KVVUIgMq1wsJh9jJljlhsPeLHxPxeLRnLQcDe5SfSa8VJGoWfeQQQl3jXhTb
#! Tq0FR2mWn62b+ySWCjBBBrShpAzlU73yJ39e452kLaf9Yiv/Fpd86Wpth2lM
#! Cl6Vixwv25iDdK2Ju9M6Hzqk1WJEEyuPcr7QYPe2kXV3KRa8s1vFadd1jWPU
#! 3f0YvlOGqi1gayQvUV8hVkMuOVwuacK54d7gWoLsWveMy0GROvZ4K7pfOgBe
#! LCEl6fVeW5y24JrSlMuxDvsT8Rx2k8zrepOrgyZ896/+Xi0yxjE2Avo0wI5u
#! C7ygqdVZ66I8y7Yqckk9kVYVR7TrfOgQy6snvIP01IaMp2wdG1yxKmlxrFJn
#! 7TW6oVILiaUbF8/muH3X2+Coy/stgTLtWVcfxNIPKCdQGB323b1idlkiNfHx
#! hLrgWyrkSea+xKSeSZBIJ0H35XvdS9Ff59GhzreD3uazAv0EaiS+kLkY3zyO
#! 7lWpH927MSDJYduyjIz8nYSlrXAWQ5mEQW3S9/JMBY+Dqw3Gsap46bJcqfy2
#! M6JUIgNPrL1GaUotOE5Zkc2R/TpqhgI4bi9lWw+lzLtAYJdzaOQlQmwPfDyM
#! AkVpxVIab1As68HB82mvWiyclx7rrGpPYgkbExvtUsd22F8OyVqQivslZrpR
#! EsuyBHlKQ0BCXO/Y0EZYFm06EmZy20hBAX7XkDDXrzMVPA6uFIwXC8DL0Lg9
#! MKKEHfkddjJwsUhETCG3ZTMbuFMMnO+G2BreUGjep8sKZkfUZ9Y5s75Hf6KA
#! UfLpMCm3PRlTut+nNDHlGOMYwaxDeebaIzvuZDGEUDVog2Kpm0DdbkthuvXl
#! Fw9i/ERnVb3OPirWtLDE/L5xNLuGAyCt7o0U1EnGhUQQ5ebjJy6CDiGWKRh3
#! Cu58KBzuGtqbItMuSOAJO5Lzg+zBaRF23UryXr9rkNt3ycko2vigoEqALYM0
#! csRyMIzCDiZBKksIuuoWoj8iDkn7NHoACiA9MYhLXSQT6SiTmADjmMNLoVzX
#! 53OOokjqxlPPEul4yCMV8aOf/rW68RdL+yp2wwoUC2TE2SvBWMallGtUGpbp
#! hnHNqpXIaedYLUbkys1F1MUycdHBjty3RLuqURtV/PpFjtC06V90N7qPIuRT
#! r6Y05rYWTSESE9idwEnM3U5iCW9hvOyHJtDSuR8IvEdSnKdOD8/EP9ViYpy5
#! 8+gk84icJ0b/pxsnrkXKoQv4Ui9ZeTIu1eBX+gplYe7EKNXSr5MCQyv9kQ17
#! K3oRaCmGWpPfOb4YOqQ1GIy30CVgl14fDXHRSz+p8VFzqoOD9jFRBqgtcBSd
#! +qRgxbRxIVfwe0JMWiaacdp5voNiSSqns6qWErUD8klkB91D814Eg74lTeSE
#! txB00GSYlApWFap8sbbGnq6aWqMwxNLBfGyHxFI7sSXP31qOMvlo6MASj4UL
#! 564+CQV/8dbqKeSgc3TeuGA7rDVrsHpCkYv7Xc66wU9zHKashi7bRtAlErhE
#! IrA19q1bdcr3yea6e9/2siAmkm+JNzvt1+S60EosnZKt3aFXRv3iQX1Q2BeF
#! ErC19V0QqscxZ8qzk4Tw9eCToaYZ9fj6UjnJ/gbd2NeO3tZ8zNJPIijY9ARB
#! sYBITKqEFCX9060e+Hi8xIv85MuKZLpL1LmXB+PehVU39mio1NFBA9jjxZoQ
#! jqIdPVmPYo2gdRCeeCLu7vfLcrHvlID5ndmLJr3TaH7ijDg5pRJFt188faKD
#! w2jJAvdj35qtrZJ2pf7BrEq0e5WQHC679Spnt2edMGn5nvjJ835tRWcUdL/h
#! 9a+vvHr3ySefLP3VWcYWV5lzk3HZs1Kp9pdJ08/fF20inOK+SiwvKJPHfQdV
#! GJHug2MmTjArRqWYRm0LvLJiUae066DslWV04BF3EhWehRfmlMi8j6P/mBQX
#! 5C5nxBGOdf3O2Fhe72KdYu37MR9tEpMOEv+ToglZ8yOrkZdYCsqgQxF0slF0
#! x1KiqrPyMQyrbho2GiKH9tciXf7mPYml6iXH1p4LRH0UXbK1m3RDcMMS0Cq1
#! c9CMa0xygpvN3Wj5G+creGxXS9iYNnPNDm3uRtqee9YoYNpv7YhUoKb2+gVr
#! pXFf921Y+SAbM3nszh3yGC19F/E73/WRH7tULCnpzO5zlP7IZgTrsGTx5kZ2
#! QmuNrRUnnnDCqUbBu0ZZ6dunMdnZXUf0fBXL0f7Te8t6kNLvpYY/iZQeResP
#! 7q288WIuLp1X18ypVAe5eYCHq/gbF0eHtNpg3LPeRDcJuuTebgJdTqyeVMVi
#! s6gu5Il0VnurV+YNPLVnsx6c1YCbN+n3kCGVI2jFk33666KR1JLalMz0ns3m
#! c98yeRTFMgKCy0pkwUbRgb+Yd3cQg4eIXzzkUWStmzaN1v0ulvMonK9i+doP
#! fyEH6WBwHOSy5EcyM7FKSS3pHNgXOEWAlqsIljgVa/gbZ22HtWqlYNyT/rrD
#! yAawdqsAgS7RrsKOUPUHMT0BjaH/9eiJILfr93XkYSkV6LT5/ehsMIrGufhX
#! Jco3lMpJOA8kYbeALAJzRm8nlSgJTNmB0mdo6L45MSnFwi6WfqWU5JS+74FY
#! VudNMVcxZ4/qtvonnwRUzO2EA1as37vPF17PEYLY6T58ApQujg6x3Ef1oVTJ
#! 8HlwvQq6HNSumrJ3EOOwcT7LUO9ragkTQZGvIBYogbpMoptZYsTdjdasiCXy
#! QI7PnUYXS1k6GbtBOF3/ymMkPiLxVyKNCwDl08khFbRiSUIBzeaJHu2F+ryQ
#! LvbaKJjz+zHMWnytg+j67guVPooGR2Ss1oil1nr+hrMsLrjaYJzLxGEDunTZ
#! cOhS7nQrFfsa99nvE8794bl4GQu3zkGYu9E7q7MRJF7AmHRLCex0L8a/JmYI
#! 10JcyZrZOAlPtuoV+ZacjMIxJOF4qIkB94TWBx4eTow7CgpXljGjB3H69mq+
#! q1ji/LfKdjx6WsZIG4SaMh1T/iSpiqlx708w2NNSPKUPxZR+8L4V0BKxRPF6
#! UY9UECagGDED4745dOlcAtmgibUgRsF6Wjx9xYLTFRXQPNZ9mzM1ahhxElq2
#! EiEGOA+j4UnHuAfY9fnhh/02MtB+mL7XlswkBFu9fFWKLvHwCKjAP4lt4h93
#! anoKx/irkIHDZav/434HZt0E+dLSBpN+91f5Ueupa2A1PL7Sh4m2gg5prSJs
#! gBHpF49i3P90sZwaPxyVMrJyRdFrwUAm/TYsOv446vqTzZVYChpKWWwBCCif
#! mXUZlWSO+nRKj1xkeTlssVT1KrFUiZDEUvC14qZUd8bRCGFoIjeOCapJrpB5
#! WRknluvbIVtqcb3y5+X8lBWNC0YxlsX39aTf4Gi9qFCxgv7ft8nUiVh+wTWY
#! GefhpidCebVDl1TsOghcGugSgEVPx6FRj56wpIjlrehFr2PCOSe9DiqYilZQ
#! 1y5dUyuZSe10SvhsezZ1xcPtlDwqUcA1XlaL+7cLOafRit4sruk8ChJdWR1a
#! 7ds3YmrVtKmYmP6zr1axlGk+IdWPx5/61KeKLUfRhVCliACJGsecdH3kVJav
#! KlZ4ZEmSt4UOaaVgXEU9ODPTFTVlI2NdttBlZ6yGriEdKZwv5rt69OR7eRqd
#! OvatKEyLEJKmf27URn3yfCuW2l9oFVKH0hvo9q7f36AEnE57kHngqJ5IKkM0
#! yGJGWWLpWOthjPDYj0kKYi9Pgr6ugOvlb/9gQZYIchpOY/06n5iQqMW6CZ41
#! 0C0FC2IqlgR1zbQvVJZ8PJfDSxVLinrmMUAKSQDu64Yqdl0wZtYgInn1OGZs
#! ty56CBDkFnNfS7/Z6UHM0ZaSlP1tZU/exRrWMVkPUoR3Y1xgWUJ/ktVBIy6x
#! dGdj0p/wiLJCeMQim1hJeIkicQ/zZXrkXo6XvQs81nYOsHrd4DEi/0Q07gKx
#! 2f3bmSUhj5E6ppZy6WvNmOYtokNaHtd7xesoZqDP+k0CB6FLv/AE8fngVy25
#! QyVYVRNrC+z0uTbQ8OhJ4Y9jIF2fyivZk0pByFF6Qgj1xGXWS7/Hr/KDg75l
#! CdeRr8OzHUV3X8gAe9awqETw5VbVU2O07Kgf9ECbiok7hy9hrSAkYzvG/Taz
#! EubSrBNEawk5SsYYtKc3nCozLeq+dbFMGFExHCblB7m9UxufQSUgt2sUnPb7
#! VuJ90irEssNlxfyU0jSQ8dSn9BsyiRXG4KLb7zdVZkfWQwZ+GmYdKA/D3Rnr
#! xu1saaYPzKKtR9dnhkyiJR25P/oetGxJybxA+NIvWtRJigNc36MvonsnZ+Jj
#! IORN6XaVGEwJio66WxC1jVqvBpibdEdPa4vokJYH48KIuNKkf6A0u2+JcS8r
#! OO20ylczHN+2CbFnayMSs5gqKH8A31Vvw1DWH5c9hEFxTemzMQkuJtHL11nB
#! 7Ai8a1QccHrpo2F7T3zkWybgReKkbaVNJK815SJBbkv06nTlPw/suuq3l751
#! F7EsfUaoMKhElsYN1r0qRhxSHrxYfLQq1wOdWI21L4875CuVBaHEZGfd9lFs
#! gnFfBV120Zn5hNO15O2DyB3EvDnEj4euvgcT64lXrOHAPGaOwNgc2+DCQWHQ
#! mvTbBbO/2FwOnkxiEi5eNBEEXq5L757VSOqeuJTi3Qk+EqZE0od0Kmc1D3gc
#! D6eL/jP33vn5c1884KK64A9wz5FJfUrf6IkeXbVElBTkodXnnkDNy8UgM8pA
#! Pio0iBoQrYsXPLarxYhI5Hl0s28ljS10ifF11qVuNWOOaRQgUHcSTaI8tKHI
#! 2gNbj6rQAKM+a27PSooINhVooILw6z4Kxh880JbhbZNoTJcQVIcW1RoXVFma
#! BM/HUUGPGXEMdORZjMPuImd9P1pqHPX7uaWKCeefFzPZJejoUIm8LkA3X2Lp
#! 3ducMYIvOrb5jyW43KWp08fWX7zgsV0tYcORfMdw7g8NL5O7tcq4U75K079R
#! NH9239VLEko/rC7WpAgDdGANzY6i3BVEhRxxPdrIqswcPZBYquCl1T/dkp/j
#! +t9RMrVuRtuouX06VEprjmyE2VG/DYt7Hb998/lWLHFy3vrhj29/7ZaDWq7q
#! 5SPh0jga4FNjJtawqJ5kyo55dC/odRyzUzvre3xgA/iOt40OsdxfbSf1TKNl
#! ltxL6GTcc4y7xOwwevXr6aP5pT8Jw0sT2nhaHGPaRdVGSou7EdQucNlz4LSV
#! LrwODWXw8ky9uQRYlLxcSaa3+CBMkMlj1zgNQC7H3ObEdf3uQBOrxu2iGN+d
#! T2nL2Wz2W/tP47fIPXbbPbbJ444GlKA84WAUo7d5iFSMrAI0ehhNLcAN9vo9
#! tS5e8Di4UjDODpJCm/aHz4IRtcZ9ZJx27xGBlBI86v64mOmhA5unANOrb5yR
#! ONr7KCOT0GmHZSZ9Nib+ngaFaGzTURQxjaJmrfSDuEJ/y7pCAKiMkIQX67iV
#! 1JpuI2I5MWo6BBJgB6zVxBqMHL157ys3XkDne+zT9UuS3ZToGfmELIJ053Jw
#! GwG4xtH/bdZvE60Hl8Zzbxcd4rApGMdG42eO+s0EBpVP10/V0T0MKfU48TBm
#! GTs1634zLTelbBD+0u+3UBrgFCKHm6GJTd+rDqGGhXmfQz94WeFbui7CSdNg
#! sjLUUjJZgZG1JyLiK8HFcogs4bpVLL/5+Y/QKs55z5rizq2TjDtIyhxx81F9
#! OjhOeGmqSPgISlXv9GTQ1tEhrYQRFQvAXXMqUiAD3hr30o/c96PeATnB1pR+
#! j0dCG4L3pElS8rGzEfaSH6lcV3fyCoS3g10TUEssF7k2S2IqcwT2MiiW5KHq
#! t/BZQYJMxGiz8/rFYVunvQFocGmToQK0Gu1iXIpF0DpnrrEz1sq8z053sXTL
#! IsF2iZ1HxqrEnC//eErxbKXgsV0pGFdPaYJcboXOnzwdp+3pD4+O71ubX5bo
#! 33qO7kGVfi/NEuYG8IT6Rzw6bFyJiWbp20VJajuco/QgkCuxIoPr/aO6fvLU
#! qRpCqlNWPeHkjlQo8bQf9OM2okmIlr9B5ywOMBvzcFlfmRqA6KJG0X6EMJ8O
#! ovI9sGueCdUbcAO66MY5jx7swuRPqjMMct86OqTVEjbwxLp+r6pEb3Pjroty
#! DUbAq55gPDjc8rKa8et03F6Q0kgCx3Feq3+kmG+J/JOWKqG95SV6ilmVDtN+
#! y1ZS7bKV45hToO4KaQvA8dNXUKdc+pPO0tvG1gidc65/dbHkzDW7R2JcX1RZ
#! pd+KUZRI49IotQpQIJs1iV5zbO0umnV3Ma7LB5xVIakyU43sZaBDrMHqiUNr
#! +pcy4G7cxYtw4y55Rj+4WM6s/EqEBOdv32+qxR076mzcDD6bjsNX8xwZNjHt
#! D/VDwEqf0lz6oMpxzHpIog67zx0DcaSVAXeJUrLbievu4HHCepsUuK7Os+2j
#! oKYv2lMvgyypSv0r+cGhEm7pW0PeF8KcMmXFajCLxUrzwIs0NxwfmPP/h3/4
#! B+FCVXIuIwzX8mBckSnKampdWSSTSGBr3KcxHtS1nGZW6kUMhy7Qs3gJmXfn
#! RxIIhA7Qt7fsa0HaaGL1rfp2TqmlhfDtel3BJt6aFz60vmVnqRxtHBkLtD1K
#! ZjAwL/0kTll6nuz30p8mIC/l3b/6+0V76gDGyYpOrDcOpC/3LYXn0N4QkZPO
#! 5EEUK4WeRktt0TmcwHMYZZ6u0LZVwjMolsT4CSMiRO2iKZDoba5nBo07eUl5
#! yDysUdTXjKyESpK2368mk0TpQQuYOora55vLQckok2m/J3CJcp4SUXMKH7zV
#! 4dRaVPkR9ppmdBK/zvI42mV70bOaToAl0joelXvZiAdTfko625YkLGq6aL26
#! RfKBfbpEy/U98TaX6ewqXTc+M9H+VY5DRocaXjYFSXCF2wwWJ4Ai5JEuvSSZ
#! PB4ibEBBnzY9qx0jOuwXhifoUlpOm06BKs90HiOPkdUSU7kxN7zhrjXAnAYt
#! Fm2GsUuyhx84siqzbllOtWczMjiB5J2mzBFVYKjWqfWv1untR6mILlBGZ2bT
#! KsWo7PpJnC6Kj0rE16OGJPzlr72srphqv6CjnTQfaIYM4saUoCKkWVHsndZj
#! XDU/VwlWXa9e3G6hxOBKwTj6SprN3UhuoKsRjyJdcsRu1bDgsgwD2dokoBPn
#! 8G40xB506lKRKRqymFs7j449e/0Ofl3UdZJG5LMkPafG2SsG4xDdI5bJiLMF
#! qC2aN+0+uig0ayMacYBR+6CakyAJP/fFA4mlRy6ppYafFbeIOE63LlWauMe4
#! t2KGI0upB2Lw840cPdMaDMZBxibRVr2lt+HI3Y1OuSktoul4xRL9OEhlaDYf
#! aXePncEzP9rXFkgCBU+ijwo6dm/ZF2W0omm/Iz9KdtOnVFpo0LcEGHSxlLRA
#! 3ibUShoMxAwAZxKFb47NeiJVEfGf/eKXv//lF4GASp+XTgFFMdODVnTykru4
#! 7jFyB9Y3fmFdagDOStwkFfWgTAh/itnTlt4GdNlG7o691FuEwcJ588SQ3+FZ
#! VDKe+APBHlTUPLbOGJ3NBeOU6tESIQGQcO+JHrFkPyavSa5GMV0dCSlRnA5d
#! AW3GCZ8MalkKNmcFbbKYlecuoYe/YSNZWzamOMB+2GKTmmWYgN2KuSWT4ER1
#! RmUHlXX0UosRM7Jxa6TlMiD0dnn1hDCiafQXhaG9Z8U70z53HYU2aNwnMT+9
#! 3pb96G+mGNOdN6UFZVNcvzH9ofRhRmpY9C2Oing5jxvTkdULK+xyLhBEIOVx
#! 3JiWyBzJekpBsVv3Y1S3z/9K8GCxZpvuWxZjSVFKyV/lpX/n+z/++q0XS9Q4
#! z5qB0XtWU6wXBVnMor4YLK6LEnsFTa5dU1H/qubAVU9eHijUflc7EoWbOQiS
#! TIe469g4tOt+1KIeRcX0/Wh54SquGLWyNGnxpN9KQOuST1mlFNeXYBq44sKO
#! 7y87ffFZVERZ6naJpRvTEr6lNL82kd6GYKvnkptXaTBSVJwJggd7ZC967AtO
#! x1UWFlEPe+u5510sXarl8XIb+Racjc44S+KjlmUxHbuGc0MDlxVVulcQ6fjy
#! YJwurEfWHJhcDAycaVOsWvqFLVhSbqNkTEzIUb+/tCQWFytp45SX7AJaR2eq
#! 5KGzTiDCsvRm1y3OL9IRvHEu3z7qDxorMS5cb1CyQFk5GqDRqppawhIewtja
#! WXdG2JhGdyNCnhJNvz29e++dnz9742YJ65zyVvs2lJNyp6SouZypNchCGnVW
#! R0bFX6BSQ41Yt9hraJPlTixFPboK7USPFwbpbXQGHtRyE+tdXyJ5hxKbR/vu
#! fWt02RnHm7p+JFMfIZtW+tMnKdoq/eTFxAZCleh75mI5i8ZWZUXWkoYtPFAq
#! haXoEi3qZkyAwrV2ghBZXWC30qeICBR664c/fuqpp8b9LnPYXwU1Ej83xJI6
#! 9ksxgGW2LD/x9FPXZ1/vW9MMVlVclwpUtispZ+oCptbxJuVi3Of0/gPTmNUF
#! uWjUrzrn/hSrmC6RmiH/6MlZ6JokOBwY1DERIYEGg11/p8GoL30QTMbL9SRZ
#! jy6ylic04GYKD2pHOoeH21nZ1ziabKcO1YkdetgfPsg9f+XVu1949oZ/r0QR
#! WNJ149javR70J++UIGfWf70tTCovKksMM0nIVUY6/qVthw1wDPwcV2glsK+9
#! qApEMbolhSXeY3T3QWBPDNHtxAWJckXF76BAwIz6RthcUC4lUVwFFgrd67wU
#! tokunH2nTwmi50GLAIwR5xw48y6o45NgKkrdechzGL24S5TKsrUdg719+/bs
#! 1nO6gR7uIaXYIDfExbgxKqaQvKFpIXuUZrVluZ4KvMrlfE66sOqhO20AReQ8
#! H+8/MGjcU/MBry5x8SN8dhmT1sXs8hUO0cjj8vNUh+Fp0MKP+uVsSSxHS/oN
#! UUBKtSTfEkhBylNjKB0d9b3pgnoYo5xRTTMriPOO1k4wEzX9mdHTXVSojW3A
#! gZS8F4lPo5hUF46IKnQ67rdD1z3B01g1QPxqgMrBlQgbCMao3xx4FUZ0P4bW
#! HUVJr5unzpqKQ+1w5SAxVmKo9Juol+i1xeNGj3EQT2qzI+qhCHncvrODJLQK
#! yVtCxdT6U5XwLSdR96EAjWIZ14E6YQBMv1EHyxFX7ljiuojz2Rk7mvx+tZ6i
#! pusV170IVQlrLl9XdhmmjVx3RTE+E3kexVDuY7cF41cc6fjy6gkF49jKVRgR
#! cnvX2vKjCmTcpS3dGt63/mwjI1bJR/Wy3KN+uaLO5yDaYekpd8Zbc8vo5fzT
#! fpWlw9oyB2PrmnIQrY0GfUvIjbSxwrWb9FvzqXUDaNuo4UPOjbmnYCo1mZkb
#! NZ1b7XI7iYH1JXIWJdookVDTCbtpph26HHj2NWZ9r2lAfcWRji+Ps+jCihXo
#! oi5sL0oRkdsuRjZT6gJ2RNibanudBJic/7Za3PeCbBbukCJQh1w8pegVQG7x
#! Bch0wRgp/TFz+1HqNYsxIqDWdEccRQFgm1Q9iYgNXXEW9LjfKUhi6eiQO5bz
#! IF2oYkIWJyl//PxxtAvzU0JLlH6PtZNWJ0s/U1rdcYx9a0BdleQl8c83XC1h
#! A6RrZAzMmzHC2OXWC709iKC9RmfVoHoKorV0/SySM4rZzknGgAfJwoys9rwL
#! KNU91UMbar/XL4vTGxKCpO9qqy101XzKSyeU1Oth1JG/WzBz7h+5p9f10fKF
#! 1h09rZuAFKGlbzz3vPoAl8j781c9EaHfZM1GRpZWXyPSWG2+W/rTL7brTzS7
#! AkrG+tUG46diRINu5Kjfd10eo0/TZsnooMr2rFt16Zfc7kfBGvKAk4YNmliP
#! iGI1O2VFua6iFfdSJJYlnLRRfyorvuWhlbojA2VpPYVeOiBTohFrF+UJ036r
#! N20TieWsPxpDJ6P21KNo9aajeU9XDl76fcCU+9DbPB/agj9qMIKzjap8hJGO
#! Lwem2i6sjvs5Sokb6SrIjTsmWwkI7/1Son4EQ4n4cYe7/pRkAh+8ppE14UeK
#! gFJVk4tO1smL2S5P7zCaDknMDqKN1aBv6VvD0S2Es51t6qfnqUNn2lexnEUH
#! GK5ClkIcYHb04OzULppUJ/cA7zfRjQafvqhrnnO8VPL55isF41OrjlmFEZEj
#! w40cWc0IFr80PUJ5vu5HOX13kF/BU/BfZMGLGccSbLFxdDXBBS3hW+oIHg2x
#! d8j4tL7lgY078TOE7gsdneSjXAjOIdXaaNuObVxj0u3f+9Nf0DW9pbvr+Mm4
#! E8VD9uODetuGwnBllIz1yyFTaosSRrRnhfxE6F2/GMHRGNdainbVI9cngkF0
#! EX13r1+WOwpyOJKZ0r6jvY9mnUz6BTIUbR31e68pLy+bBbmOQ7VMni6mhVIT
#! QYQC9i4D7XR07SaPUND2sEp0XUi7o50yQ0899ZTaUxfjII2jGTLHnyzrqril
#! XTD2S9MehO40a9YVUzLWr0TYQEmW1RgRbiTDHXhYWEwqcSBWueNH5FICIyL/
#! 6NExXzpoxRJy0vXrJqb9gghyRqNlYQv0iWKokeQTxdUtmSe6ur3oaTmLVmkl
#! +PaJGiTzAT6gvTmNggv3LUv0ZeU+A5qpPTXNhdI1cjKkd2khiISzKRSUnXT5
#! Xtth9ZFHOr48GF+PEaXMsm7I3Rh8P7XyapVacHMOmx5BwOApnuIRTKyt7rjp
#! RbYgFcQAx1RKCQUUleh09NJPGUOh5AjgTlOrZJea6mJeBrUwQJculqhBXane
#! 5pUUOk9GWqdy2pYD7JinfCQP3ErTQtCrlUsf0lzcyRXDmqtqug6RDisF49yH
#! WTQUdYyIIj49oEGMyCtxpDQEBLmjmPKPaNGRcbF8ziPUrBJ8Tmp8MH+jqNlB
#! j02aVjClj6Irs0zgI7Xm5u+kNdbSOlPNmro+ln42Ad0urT7uj+V1t7kz7koS
#! y5e+dVccYCA1/GdKIdhWKS/AbRzZ5GjePAiSPxJKxvrVVk9wn12NtKlG3UCw
#! HY+VHIosK1Y3lH/EBnUxSe1WDGs+6ncmx+E/GqrZUUAE6lLCtxxH0yFk9WYM
#! WcPaJt8SLwLV2kVStUQS8MSR7lcwqaRoZu0ZnYkhSomHRZOon1Iiu7qXOpQQ
#! HqfVpYzhYXQCGS/bKexHO24HpsYxsHJQLB8VJWP9cqfizp070GlK5Iin/W6r
#! OOeSKKoIgXH2rIuL1Iv3+SlRMIsrhcqd9HsqkuN2TaJXjvq1ivN+3QRQEjvl
#! fr/NYP3B1BJkSUIcZE7VlAI2vdAV3FUxRbHAGT6brD+xjzztep6ElvCo2Sz3
#! 3vn5l174ooDHYiNaHGc7iHGiXKYeE4mMSb9aUw+rffrbmla/9ZUwIh5osb5J
#! Zekxtm2yKECb2sgGp6t5tOJimdxOUtL+ulM6J8HrLjGVHi1NWErdxDRmjpNm
#! wr0U/QNymqCkWXR0HFmnDvZX18/ypKrYk9eX5f+jfqfEUVCXj/p1vqIBaA+O
#! +rQlbS5R07voBdQWMAKrliYvUIxxPdrrRWqDNRGPkJKxfg0G49S2tIy1mdVI
#! thntSXQgLEYiUobOhxkB0ciC71k/GXdHF8P1liX2mH4SLl2/28nIxhlPYzSJ
#! 54wUw0K6UxRMamYSDQpa35KvS7tMvqX3Nvdtxae6fitgfAPOrUU1X3n17u/d
#! fF53GARS0ZNaU46CleclmSfO5HjMA+oipa4vGnz0j5CSsX6lYLxYzQ4emqcI
#! HXVU8Ovc12lMGJGT4wS/ZEm7fv2jXp9ZLbDEW+1SUbN6IojiYbRABMl3slDC
#! jjz5Xvp+oG+WJD/CWPR8kRDJ5P6ynND53lJ9UsiT6L3f9anC3kOmWNQmx6ae
#! 5O3bt79y44WEQMr6qxnCuN/paGHTl0EB91ZbY2xtGBdn3teWj5ySsX45jioB
#! IMToLBO3H+PwOuO/FWsPNetXl8O9mfdnlHTRWM/5nAmWd1UseiqPT4JBnJKK
#! I0AAun4tA9hRFxVbKXgB94Ny2UUPOnmhEC+n1pFmfzlZQ4EJpOUS4/AkiiWQ
#! Ac4Z7p/y6YfROIJA7+jNe7/5xKfTVcz6bX4hBuNLOETZNWU+bWb8WgGV7UoY
#! kQblgAIhPJ5qRAs56pjcRaKYw2jQgbfj4uQBr79eaDy1FEsYtp01l57E7E6V
#! 5Osg8i3dJZBO9hyT2+v6vxTdkAbC9EvOJUgtM0R3IxGDOUky+HwKWODWcvLv
#! cdO9UHdDXdORZEAzUTQlyTNreK5UlOtPGHeS3hNyoGnLa0LJWL+8ekKuOyrR
#! MSI8xqOokXQumcPXd20EZOkvvEFkBiqFWzQijrJ0itS8An8SrHLSb3OhwkM9
#! 0BTe0u7DLR1lQYptE6wERZlWQviBOqbDiWwWzA3ijcbz7YY8J8+zXgIcYMw6
#! h0ofSfQMHxiB9phEv/RrSMlYv1rCBkoyAYxtaIzwjKzkAV9ULfRVQ80gb/Jx
#! KCWvBDy0McT3bY4kmGoXhCXfC8RluG08a99T+zbPBd04t+TjIG5JoMQNYXuO
#! YkqO/ympx1aeoXNwM3HX658QS7CdVAzuKlS7bGad4vQVoz69at/qbS9pgsnW
#! lwfj1d9GSRbLKkr8CMZnVvIMi8NjWEmUGxcfY4Q4kYzb6/f2d1lSMYJ3JkTr
#! Tpp+rfyJKEMINupUulFRjJdLOxMDCcExQCELWvfybS/wREg8JKcMbRRt/xcO
#! 5FLjFePJ69K+/uoP6iOADDmNXspunXEguRut/iwWahWz4NeKkrF+ARRUtfk3
#! f/M34gNPrQVZAhhTqpHm8C5RYO9ja+jkeEubZ/Q7OYlxzPWniqUYNalTGUGZ
#! q26xREoEPiAn+mr9q7SyvLsSGEKxOqPkW9IOpSWNOK7o6T/OyuM4QjwN2Tlq
#! xuqV4AAX60KAgda+1k4XFIBYgt+ekEmW8AUN5YrV217zSMeXMCKn24kgivwc
#! ReechVFedj/GrfLiWVy+/ag5ndmcR2f88uy64KRR/zjpV50vTNh4TFDpJHCJ
#! XIqOfQQVf8IfAMtCxkrU1HjRzVEML9AYeuHYLbWyNFPt9mO8iILxcb95BY53
#! iUqQVizf+vN/O5vNPIj2zmw6HxrIl2Chs1W1B50p5L9fN0rG+qXMeHvC1CV1
#! 0f34ODJBrWfYRc6LF9UWw1UoEbfTyXhzMeM+6c/mbkdOoJf8iTs06qRHxB6C
#! DUJVosNh1+8wLO+iBN1CkZRTK5kuPbFSWZ/a7NJC+mA/2iy4xptYodwz//Rz
#! EstkuA/6HWi1v6SrmecCsD/Ye+0aUjJOXb/61a/myzWYtZd86nd6rR/ZPBTf
#! +NMozXYqpsRPM5v8zeQZXVzn/QrBkbVngWo7jmllSLK0LkgjfyJeI8GdGn3I
#! mNJqIMFKXeRep8bhlAR2TamsLoSkjAx98i11/hIntD2Q78vf/oHGFoMPODGJ
#! M0dKdRVtU9b2IV4f8vmZVt1HgrM0gWXVtlL0gQcoz1D5QaVdXCeoGFCiqC1M
#! PqLrj7Z3XDH5iq0KdVuckGrKHCY2lKEY7D/YVrcLOqULicNfkHvRzPvRDNl1
#! 8r61tpO1dX0uPjnBIJCU71D1AXZftDQe7Nim7bj/Sfoptcg4fqwinVWrCmQV
#! y3oVVaIG3WMse2cl0vVWePZHbTHa+0MNNbya0u/h776iAEPPFqFCO2Ni8wS9
#! MyEi5MLcVlUjlgkgkiEQUp367jp0BryjfYQzSb7ej4kJ0GUO/vU73/+xxFIH
#! ITHqaZ296JPs5CKcExEJ0m2/tpSMsy6EU8qzfYPCIgjPasCeKI6DrBUpTMSm
#! WLcfN4t7TdNXSEQYxGL4JEhj1x8k4ZgJjF+pmrs2NhSCh8NKEgCoHdh9B4ic
#! js4lYDg4ed0ZqVlV47K5JjZa5eZyddaRpsQcRjmxEE6ce0mFhUxGuu3XmZJx
#! 7lV3Wb0oCeeaHacuRgCeJ3UBQ5VNtMEn++yNxCf9RhnySBfN5wOKd/1WzBvs
#! YtyhY0dAfzqUV9TiAMOy6KxZB5pHAQ4KVkkBgdulqVnwPhuStJHVwWECuqjy
#! Js8OOHzvnZ8vSsxiUmrqVZi2WAkoQOJKLaeLZWJ6f8yWlKcC9lVhkbAjyIqr
#! qu0EPTlARNVVCQCfMF8kW2JbylIQITkD/v4uymAT2Xjf2hSn50tchkugzdJ2
#! nxN4iHp0r08qi8BqEoPSBsOirt9FAe9UYqlDcWnAktiLYuMatcWAIPb7fX2v
#! J/l8uyuFRe0bqIhfUwEq9xLMpLNBxsV647ivmIoFlFxL7/fE0MQGtadgXxJI
#! qCWyBHB68i1xIXDtxsshUCUykokPycymtoQthUWYhvTXr7/08pde+KI+O+93
#! g8Ff3bcOJ3NrTKSQyosjHgtKxhZXlU9Z9lVh0fpV5daZwzCEXYF0S96CO36y
#! a9AOS+S1KZOhbZE7ir3GGsv5XO4HFuu81Fl6WojWXr+Ppcy6ZE95TNeuaEIJ
#! sJeBw6SSm1EidsZngAnwyqt3P//MSbGSt904slEv3tzSWxno+B7vPBaUjK0v
#! D4vOZCkEKHUxWxM3sqwgEc2N+eAl5x7wggpKlkb9hpnKRNfvJYFFoYROQ16r
#! p6f17YMqVCfsf0qbSzpTFT2OLaC3qcb1OguRLb8x/eo8ik+TvpUboItyp9SH
#! gzsl4+MX6Wy+NgQ8fQmTP+r3N6BtGoAPwM60X1npTbdagjqo5rzJRMvpgu6u
#! wFyf9UQhHBKpZRBLqdDO6CITa5cByE/BQqqm5JglysTaiokqlr/z9OfmQS/H
#! kZ5GSVqJcM8Pe9Lx0mY4fgyAym2tUwFPFq0S5sHdgvSLuzWJdj16HRValvXO
#! 4JY8d/lmekA+y8wz0YgloXeJjnzT6G7tIlQs1O2CHp8QoUTmgf171B8KTPZB
#! ynwWk8GdNKWu6b8ZBEvHf+g3e2e5uj6RvjQJx8eIknE169Sw6HgpGALkaRGj
#! yF0o08SKpmUuxW3TjEL93gVNiChmGq0jVctQAjA8jKHYhKjeP4SAIrEflXwU
#! NcLBn9TD3OtlhB11xrpkH3VGGCBvNbISuVlMFRTZchZD2CEDyMeQMtTI72m/
#! yPexI58/qgXgOag8vT8tHpHU4MzajFctKp8wfVwdGkcx5Iv3e5WZ5++UsnHw
#! v7M2RCUIG0dNl2CIQ8qEwo7Yi8GLbcEs3sXUBmHj4lJ/0cXoAf4qajqApzND
#! 9q3Qm956+NueuXgcKRlXvzYBPPkdHsi832Z8sKeTRDplc6hbdyNeooNBfXYw
#! ik86Ni9LY9BpbQiD86AQuIvpDz6Ewnuwd8tsOC283HskYqIKLFVM3PvLX9Ke
#! Gmdmtuy8qi/VJGWRuBxJK31G5eNIyXgkaxPLfrwU0RufmSQa2KpwkrKj9P69
#! KBsEOyqB9WlKY2pLOIlhFu6wTaLj3yh6p0sOpd9k3xPb00sasfspoanTY2D9
#! pD83Te2pYRzhOnLAxQeX7BcyF5N+m/RdpHO+dSrgSbZIdm0wq64l8JN0jwNB
#! Lm+pDNbThc7BIPApltkUOAnPbWKF8xSBJk3YWdOGKkUTm7orJ5CetMXwKH2v
#! yJaSfNDIAfrQ8p7gBXlO52NDyXgk61TAM/FABpeyRZ4xTOwO975IGKXqaZrD
#! jGJSqgPXBONIL3JOaUlCaabRiGBsrVydor+Y4BOsJNwM/VXtqQmIFEO5nyAa
#! 25p+gJ9koHJb6xyApy+JbmdNfrwM0z03EkYg5yrnobIDYUu+pdLfsviMb0BB
#! eYM7ACL3dZNvKVEvwQco/SGke9FwVVQWxfi6iqn1ZKvK9nHpB/i4r80Bz7QE
#! jIPqOHO4NOQiOgw4xg487gARGT1ptmLMRmGYADVw3ZmlCEukBKQ5salSbTXu
#! NPpp70V76uMQ+HFMQPCYbpWz/UmgZDyStWFY5IuR06ThVBeGpDkyI0fxyAYK
#! uO6ScluVKEzuqLy7BYja/Ak0Uhj4LIZ3dMGUq6IlseyiFAgX4uVv/4AjCybq
#! huhDLQ1mB1RewdqcB0LTJCTtZG7d0g56ysbpQJMYtbOoqVxigGBEKVG4CgUS
#! RaozZhHUpmm/1YZ3qHb97GR46il+9NO/vnfv3vFSLKVC8RCoLK7f3sJlu0jn
#! ytaGPBCyRVhJijg6G1JJbREBrBJGmh5LZJQAor1ogIwKVdVD/Qo+SHRD+2LK
#! gkqfUQnaqY/oPW6gXzt6W2Ip7GsSPZk9CmtR3E84JeORrFPDosGq4ePo8eV0
#! IDGK248LjyJgcYBI/oDzN6R19aVO8e36Pb5G0XMV/IeKCUqM3Sum7cBPfvIT
#! LkppLFfg+qyf/zXvB/ixX5sAnu50qbYo0YFWoaAUZbQAkXt3Qi91EBnxmTW1
#! BiCaRkOSrj/ZXDjV3nKeGpw3z3Xee+fnEkstGCkEbjqIn/mOknEd1qmFb6wq
#! PBjQSbSwXsWZrzI86TfMBCAq0XdOes/1LaxRTHwJ7i769sj6BCb8qqWmv/XD
#! H3uOxtuUdVFW7Cewi3Su1doE8PTaopPQeHUdh1RrF7Rb2D4aXn8cVjUVgyya
#! I1mzU1pVT2JMKkcjNyp3Ym4jZtgFCwR1Nnv//fc5vo87pD/DY9cP8BO4TgU8
#! ocOtDwo0YkOWNzOIGneUVYaaZbkmLJZe9GzmPKZjk5fUX2/fvv23f/u3HF9+
#! gmf2/WR2lIxrvs4BeKYl1VqazkUK3gc/4gBRVZjMISWcIZsJBKSwC4rF1Jpz
#! ypU9evOei+Vxv0eZK/wdJeMxWhcsfHNMCVLxKrFsASIx37zRX1nReZK6oQST
#! VqM8qNXlQvifdpHOY7fOXfim3kojK2BnpkC7EkBUomNDF1U8NDhyCEhiqd5B
#! Xb/QUtT0U0fZHj9u/QB3y9c5eCDKrWBzxSRfhSkp7+m1b1Kt8k5lyhPdnd7d
#! KnucxlBmgPpNxHJHyfh4rM15IHSim0cbrvXxuwf7AsMV0U9jXIXT3amAg9+O
#! ERcaf+8vf1lDnjWzlbV2lIyP09oE8FQ3bOnAVHO9Zjk1VEQ7wmenu1MxN4mx
#! eoTYUrYvfvP12Wy2Xiyv7YjG3brg2gTwVPC7hhi/ZqmoU7LXZjPpkNxZGy7x
#! RkRNX3/wHSXj470ofKuWfes2kUb6iWihXtlkhVLZo/oArznsjnz+CVkXBzwH
#! l/KeXn3pCVAqdlNe8nt/+os1YrmjZHwC1wUBz7SqWKotQxmiu5eoL8MFlVg+
#! 9dRTa9yGHVD5iV3nBjzTEvNHqZyWq6k6i2JMeOnPl751V2TLdu0oGbt1wcK3
#! Y2NLOkdIXM09m17qZY9OTW/XjpKxW6xzF75poTPp9qYKOArQUmtiOMDtcXaU
#! jN1Ka3OGZ1o0sAJa98luEDjp7v71l15uxXJHydit9ctHG2xi2UmaUyhE241R
#! DMWGuF5fTxxgrV2ks1ubrFM7fbEkltDdVVVBb6tR01P9lVfvOgf4eEfJ2K0z
#! rg17eFJtcdJwOMhIalMD00NUzNu3b7sQ7igZu3XutUnhm9f/6kXnauJ2Jg7w
#! jny+WxdcZwU8E1cTDjC6cRfp7Na21uaAZ+JqqgDcc4s7SsZubX1tAnhWg+5D
#! 36qJRyx3lIzdury1eVhUPc/qVcpqf7xHNO7W9VnrRxvwHonljny+W1e51gOe
#! op3vKBm79UjWKsteX6y6dEfJ2K1HuxLgWcVyVZH4bu3WFS9i9iqTO6Byt67V
#! kmV/1Gdxiev/BxuUOns=
#! "], {{0, 240}, {221, 0}}, {0, 255},
#! ColorFunction->RGBColor],
#! BoxForm`ImageTag["Byte", ColorSpace -> "RGB", Interleaving -> True],
#! Selectable->False],
#! BaseStyle->"ImageGraphics",
#! ImageSize->Automatic,
#! ImageSizeRaw->{221, 240},
#! PlotRange->{{0, 221}, {0, 240}}]\)
