#! DOCKER > wolfram -script ./export_tests_from_docs.m build_docs/ReferencePages/Symbols/ReplaceAll.nb output/Tests/ReplaceAll_Tests.m
# GENERATING TESTS FROM: build_docs/ReferencePages/Symbols/ReplaceAll.nb
# WRITING OUTPUT TO:     output/Tests/ReplaceAll_Tests.m
#! TextForm[ColonForm[MessageName[StringJoin, string], StringForm[String expected at position `1` in `2`., Short[HoldForm[1], 3], Short[HoldForm[StringJoin[inNew, ; , inOld]], 3]]]]
#! TextForm[ColonForm[MessageName[StringJoin, string], StringForm[String expected at position `1` in `2`., Short[HoldForm[3], 3], Short[HoldForm[StringJoin[inNew, ; , inOld]], 3]]]]
#! TextForm[ColonForm[MessageName[ToExpression, sntx], StringForm[Invalid syntax in or before "`1`"`4`., Short[HoldForm[http://reference.wolfram.com/language/ref/ReplaceAll.html; {x,x^2,y,z}/.x->a
       ^], 3], Short[HoldForm[], 3], Short[HoldForm[], 3], Short[HoldForm[
#! ], 3]]]]
#! TextForm[ColonForm[MessageName[$IterationLimit, itlim], StringForm[Iteration limit of `1` exceeded., Short[HoldForm[4096], 3]]]]
#! TextForm[ColonForm[MessageName[Syntax, sntxf], StringForm["`1`" cannot be followed by "`2`"`4`., Short[HoldForm[DisplayForm[RowBox[{RowBox[{http, :}]}]]], 3], Short[HoldForm[DisplayForm[RowBox[{//, RowBox[{RowBox[{RowBox[{RowBox[{reference, ., wolfram, ., com}], /, language}], /, ref}], /, RowBox[{ReplaceAll, ., html}]}]}]]], 3], Short[HoldForm[], 3], Short[HoldForm[], 3]]]]
#! TextForm[ColonForm[MessageName[ToExpression, sntx], StringForm[Invalid syntax in or before "`1`"`4`., Short[HoldForm[\!\(StandardForm\`http://reference.wolfram.com/language/ref/ReplaceAll.html; {x,x^2,y,z}/.x->a\)
#!                                                                                                 ^], 3], Short[HoldForm[], 3], Short[HoldForm[], 3], Short[HoldForm[
#! ], 3]]]]
not ok  http://reference.wolfram.com/language/ref/ReplaceAll.html; {x,x^2,y,z}/.x->a    ==>     {a,a^2,y,z}
#! TextForm[ColonForm[MessageName[$IterationLimit, itlim], StringForm[Iteration limit of `1` exceeded., Short[HoldForm[4096], 3]]]]
ok  {x,x^2,y,z}/.x->{a,b}    ==>     {{a,b},{a^2,b^2},y,z}
#! TextForm[ColonForm[MessageName[$IterationLimit, itlim], StringForm[Iteration limit of `1` exceeded., Short[HoldForm[4096], 3]]]]
#! TextForm[ColonForm[MessageName[General, stop], StringForm[Further output of `1` will be suppressed during this calculation., Short[HoldForm[MessageName[$IterationLimit, itlim]], 3]]]]
ok  Sin[x]/.Sin->Cos    ==>     Cos[x]
ok  1 + x^2 + x^4 /. x^p_ -> f[p]    ==>     1+f[2]+f[4]
ok  x/.{x->1,x->3,x->7}    ==>     1
ok  x/.{{x->1},{x->3},{x->7}}    ==>     {1,3,7}
ok  {a,b,c}/.List->f    ==>     f[a,b,c]
not ok  {x,x,x}/.x:>RandomReal[]    ==>     {0.0163641,0.727604,0.469022}
ok  Hold[x+x]/. x->7    ==>     Hold[7+7]
ok  Hold[x+x]/.x:>2^2    ==>     Hold[2^2+2^2]
ok  Hold[x+x]/.x->2^2    ==>     Hold[4+4]
ok  {a,b,c}/.a->b/.b->d    ==>     {d,d,c}
ok  {a,b,c}/.{a->b,b->d}    ==>     {b,d,c}
ok  {g[1],Hold[g[1]]}/.g[n_]:>n+1    ==>     {2,Hold[1+1]}
