#! DOCKER > wolfram -script ./export_tests_from_docs.m build_docs/ReferencePages/Symbols/Sow.nb output/Tests/Sow_Tests.m
# GENERATING TESTS FROM: build_docs/ReferencePages/Symbols/Sow.nb
# WRITING OUTPUT TO:     output/Tests/Sow_Tests.m
ok  Reap[Sow[a];b;Sow[c];Sow[d];e]    ==>     {e,{{a,c,d}}}
ok  Reap[Sum[Sow[i^2]+1,{i,10}]]    ==>     {395,{{1,4,9,16,25,36,49,64,81,100}}}
ok  Reap[Sow[1,x];Sow[2,y];Sow[3,x];Sow[4,y]]    ==>     {4,{{1,3},{2,4}}}
ok  Reap[Sow[1,x];Sow[2,y];Sow[3,x];Sow[4,y],x]    ==>     {4,{{1,3}}}
ok  Reap[MapAll[If[PrimeQ[#],Sow[#]]&,Integrate[1/(x^5-1),x]];]    ==>     {Null,{{-2,2,5,5,2,5,5,5,-2,-2,5,-2,5,5,5,5,2,5,5,2}}}
not ok  Reap[MapAll[f,Integrate[1/(x^5-1),x]];]    ==>     {Null,{{-2,2,5,5,2,5,5,5,-2,-2,5,-2,5,5,5,5,2,5,5,2}}}
ok  Reap[Sow[1,x];Sow[2,{x,y}];Sow[3,y]]    ==>     {3,{{1,2},{2,3}}}
ok  Reap[Sow[1,{x,x,x}];Sow[2,{x,y}];Sow[3,y]]    ==>     {3,{{1,1,1,2},{2,3}}}
ok  Reap[Sow[1,x];Sow[2,{x,y}];Sow[3,{y,z}];Sow[4,{x,y,z}],x|y]    ==>     {4,{{1,2,4},{2,3,4}}}
ok  Reap[Sow[1,x];Sow[2,{x,y}];Sow[3,{y,z}];Sow[4,{x,y,z}]]    ==>     {4,{{1,2,4},{2,3,4},{3,4}}}
ok  Reap[Sow[#,#>0]&/@{1,-1,2,-3,1,4,5};]    ==>     {Null,{{1,2,1,4,5},{-1,-3}}}
ok  Reap[Sow[#,#>0]&/@{1,-1,2,-3,1,4,5};,True]    ==>     {Null,{{1,2,1,4,5}}}
not ok  Reap[FindRoot[Cos[x]==x,{x,1},StepMonitor:>Sow[x]]]    ==>     {{x->0.739085},{{0.750364,0.739113,0.739085,0.739085}}}
not ok  Reap[Nest[(If[#<1/100,Sow[#]];4 #(1-#))&,0.2,100]]    ==>     {0.875591,{{0.000246305,0.000984976,0.00393603,0.00631451,0.00264312}}}
ok  Reap[Do[Sow[i,Mod[i^2,10]],{i,20}]]    ==>     {Null,{{1,9,11,19},{2,8,12,18},{3,7,13,17},{4,6,14,16},{5,15},{10,20}}}
ok  Sow[x]    ==>     x
ok  Reap[Reap[Sow[2^20];Sow[2^30]]]    ==>     {{1073741824,{{1048576,1073741824}}},{}}
